[root@server1 ~]# yum install docker -y
Loaded plugins: fastestmirror, langpacks
Existing lock /var/run/yum.pid: another copy is running as pid 3024.
Another app is currently holding the yum lock; waiting for it to exit...
  The other application is: PackageKit
    Memory : 217 M RSS (1.1 GB VSZ)
    Started: Tue Sep 24 10:08:42 2019 - 00:17 ago
    State  : Running, pid: 3024
Loading mirror speeds from cached hostfile
epel/x86_64/metalink                                     | 7.3 kB     00:00     
 * base: centos.mirrors.estointernet.in
 * epel: mirrors.aliyun.com
 * extras: centos.mirrors.estointernet.in
 * updates: centos.mirrors.estointernet.in
base                                                     | 3.6 kB     00:00     
epel                                                     | 5.4 kB     00:00     
extras                                                   | 2.9 kB     00:00     
mysql-connectors-community                               | 2.5 kB     00:00     
mysql-tools-community                                    | 2.5 kB     00:00     
mysql57-community                                        | 2.5 kB     00:00     
updates                                                  | 2.9 kB     00:00     
Resolving Dependencies
--> Running transaction check
---> Package docker.x86_64 2:1.13.1-103.git7f2769b.el7.centos will be installed
--> Processing Dependency: docker-common = 2:1.13.1-103.git7f2769b.el7.centos for package: 2:docker-1.13.1-103.git7f2769b.el7.centos.x86_64
--> Processing Dependency: docker-client = 2:1.13.1-103.git7f2769b.el7.centos for package: 2:docker-1.13.1-103.git7f2769b.el7.centos.x86_64
--> Processing Dependency: subscription-manager-rhsm-certificates for package: 2:docker-1.13.1-103.git7f2769b.el7.centos.x86_64
--> Running transaction check
---> Package docker-client.x86_64 2:1.13.1-103.git7f2769b.el7.centos will be installed
---> Package docker-common.x86_64 2:1.13.1-103.git7f2769b.el7.centos will be installed
--> Processing Dependency: skopeo-containers >= 1:0.1.26-2 for package: 2:docker-common-1.13.1-103.git7f2769b.el7.centos.x86_64
--> Processing Dependency: oci-umount >= 2:2.3.3-3 for package: 2:docker-common-1.13.1-103.git7f2769b.el7.centos.x86_64
--> Processing Dependency: oci-systemd-hook >= 1:0.1.4-9 for package: 2:docker-common-1.13.1-103.git7f2769b.el7.centos.x86_64
--> Processing Dependency: oci-register-machine >= 1:0-5.13 for package: 2:docker-common-1.13.1-103.git7f2769b.el7.centos.x86_64
--> Processing Dependency: container-storage-setup >= 0.9.0-1 for package: 2:docker-common-1.13.1-103.git7f2769b.el7.centos.x86_64
--> Processing Dependency: container-selinux >= 2:2.51-1 for package: 2:docker-common-1.13.1-103.git7f2769b.el7.centos.x86_64
--> Processing Dependency: atomic-registries for package: 2:docker-common-1.13.1-103.git7f2769b.el7.centos.x86_64
---> Package subscription-manager-rhsm-certificates.x86_64 0:1.24.13-3.el7.centos will be installed
--> Running transaction check
---> Package atomic-registries.x86_64 1:1.22.1-29.gitb507039.el7 will be installed
--> Processing Dependency: python-pytoml for package: 1:atomic-registries-1.22.1-29.gitb507039.el7.x86_64
---> Package container-selinux.noarch 2:2.107-3.el7 will be installed
---> Package container-storage-setup.noarch 0:0.11.0-2.git5eaf76c.el7 will be installed
---> Package containers-common.x86_64 1:0.1.37-3.el7.centos will be installed
---> Package oci-register-machine.x86_64 1:0-6.git2b44233.el7 will be installed
---> Package oci-systemd-hook.x86_64 1:0.2.0-1.git05e6923.el7_6 will be installed
---> Package oci-umount.x86_64 2:2.5-3.el7 will be installed
--> Running transaction check
---> Package python-pytoml.noarch 0:0.1.14-1.git7dea353.el7 will be installed
--> Finished Dependency Resolution

Dependencies Resolved

================================================================================
 Package                Arch   Version                            Repository
                                                                           Size
================================================================================
Installing:
 docker                 x86_64 2:1.13.1-103.git7f2769b.el7.centos extras   18 M
Installing for dependencies:
 atomic-registries      x86_64 1:1.22.1-29.gitb507039.el7         extras   35 k
 container-selinux      noarch 2:2.107-3.el7                      extras   39 k
 container-storage-setup
                        noarch 0.11.0-2.git5eaf76c.el7            extras   35 k
 containers-common      x86_64 1:0.1.37-3.el7.centos              extras   21 k
 docker-client          x86_64 2:1.13.1-103.git7f2769b.el7.centos extras  3.9 M
 docker-common          x86_64 2:1.13.1-103.git7f2769b.el7.centos extras   97 k
 oci-register-machine   x86_64 1:0-6.git2b44233.el7               extras  1.1 M
 oci-systemd-hook       x86_64 1:0.2.0-1.git05e6923.el7_6         extras   34 k
 oci-umount             x86_64 2:2.5-3.el7                        extras   33 k
 python-pytoml          noarch 0.1.14-1.git7dea353.el7            extras   18 k
 subscription-manager-rhsm-certificates
                        x86_64 1.24.13-3.el7.centos               updates 228 k

Transaction Summary
================================================================================
Install  1 Package (+11 Dependent packages)

Total download size: 23 M
Installed size: 81 M
Downloading packages:
(1/12): container-selinux-2.107-3.el7.noarch.rpm           |  39 kB   00:06     
(2/12): container-storage-setup-0.11.0-2.git5eaf76c.el7.no |  35 kB   00:06     
(3/12): docker-common-1.13.1-103.git7f2769b.el7.centos.x86 |  97 kB   00:00     
(4/12): oci-register-machine-0-6.git2b44233.el7.x86_64.rpm | 1.1 MB   00:00     
(5/12): oci-systemd-hook-0.2.0-1.git05e6923.el7_6.x86_64.r |  34 kB   00:00     
(6/12): oci-umount-2.5-3.el7.x86_64.rpm                    |  33 kB   00:00     
(7/12): docker-client-1.13.1-103.git7f2769b.el7.centos.x86 | 3.9 MB   00:00     
(8/12): python-pytoml-0.1.14-1.git7dea353.el7.noarch.rpm   |  18 kB   00:00     
(9/12): atomic-registries-1.22.1-29.gitb507039.el7.x86_64. |  35 kB   00:06     
(10/12): subscription-manager-rhsm-certificates-1.24.13-3. | 228 kB   00:00     
(11/12): containers-common-0.1.37-3.el7.centos.x86_64.rpm  |  21 kB   00:06     
(12/12): docker-1.13.1-103.git7f2769b.el7.centos.x86_64.rp |  18 MB   00:08     
--------------------------------------------------------------------------------
Total                                              2.6 MB/s |  23 MB  00:08     
Running transaction check
Running transaction test
Transaction test succeeded
Running transaction
  Installing : subscription-manager-rhsm-certificates-1.24.13-3.el7.cen    1/12 
  Installing : python-pytoml-0.1.14-1.git7dea353.el7.noarch                2/12 
  Installing : 1:atomic-registries-1.22.1-29.gitb507039.el7.x86_64         3/12 
  Installing : 1:oci-register-machine-0-6.git2b44233.el7.x86_64            4/12 
  Installing : container-storage-setup-0.11.0-2.git5eaf76c.el7.noarch      5/12 
  Installing : 2:oci-umount-2.5-3.el7.x86_64                               6/12 
  Installing : 1:containers-common-0.1.37-3.el7.centos.x86_64              7/12 
  Installing : 2:container-selinux-2.107-3.el7.noarch                      8/12 
setsebool:  SELinux is disabled.
  Installing : 1:oci-systemd-hook-0.2.0-1.git05e6923.el7_6.x86_64          9/12 
  Installing : 2:docker-common-1.13.1-103.git7f2769b.el7.centos.x86_64    10/12 
  Installing : 2:docker-client-1.13.1-103.git7f2769b.el7.centos.x86_64    11/12 
  Installing : 2:docker-1.13.1-103.git7f2769b.el7.centos.x86_64           12/12 
  Verifying  : 2:docker-common-1.13.1-103.git7f2769b.el7.centos.x86_64     1/12 
  Verifying  : 2:docker-1.13.1-103.git7f2769b.el7.centos.x86_64            2/12 
  Verifying  : 1:oci-systemd-hook-0.2.0-1.git05e6923.el7_6.x86_64          3/12 
  Verifying  : 2:container-selinux-2.107-3.el7.noarch                      4/12 
  Verifying  : 2:docker-client-1.13.1-103.git7f2769b.el7.centos.x86_64     5/12 
  Verifying  : 1:containers-common-0.1.37-3.el7.centos.x86_64              6/12 
  Verifying  : 2:oci-umount-2.5-3.el7.x86_64                               7/12 
  Verifying  : container-storage-setup-0.11.0-2.git5eaf76c.el7.noarch      8/12 
  Verifying  : 1:oci-register-machine-0-6.git2b44233.el7.x86_64            9/12 
  Verifying  : python-pytoml-0.1.14-1.git7dea353.el7.noarch               10/12 
  Verifying  : 1:atomic-registries-1.22.1-29.gitb507039.el7.x86_64        11/12 
  Verifying  : subscription-manager-rhsm-certificates-1.24.13-3.el7.cen   12/12 

Installed:
  docker.x86_64 2:1.13.1-103.git7f2769b.el7.centos                              

Dependency Installed:
  atomic-registries.x86_64 1:1.22.1-29.gitb507039.el7                           
  container-selinux.noarch 2:2.107-3.el7                                        
  container-storage-setup.noarch 0:0.11.0-2.git5eaf76c.el7                      
  containers-common.x86_64 1:0.1.37-3.el7.centos                                
  docker-client.x86_64 2:1.13.1-103.git7f2769b.el7.centos                       
  docker-common.x86_64 2:1.13.1-103.git7f2769b.el7.centos                       
  oci-register-machine.x86_64 1:0-6.git2b44233.el7                              
  oci-systemd-hook.x86_64 1:0.2.0-1.git05e6923.el7_6                            
  oci-umount.x86_64 2:2.5-3.el7                                                 
  python-pytoml.noarch 0:0.1.14-1.git7dea353.el7                                
  subscription-manager-rhsm-certificates.x86_64 0:1.24.13-3.el7.centos          

Complete!
[root@server1 ~]# docker -v
Docker version 1.13.1, build 7f2769b/1.13.1
[root@server1 ~]# systemctl start docker
[root@server1 ~]# systemctl enable docker
Created symlink from /etc/systemd/system/multi-user.target.wants/docker.service to /usr/lib/systemd/system/docker.service.
[root@server1 ~]# docker images
REPOSITORY          TAG                 IMAGE ID            CREATED             SIZE
[root@server1 ~]# docker pull ubuntu
Using default tag: latest
Trying to pull repository docker.io/library/ubuntu ... 
latest: Pulling from docker.io/library/ubuntu
5667fdb72017: Pull complete 
d83811f270d5: Pull complete 
ee671aafb583: Pull complete 
7fc152dfb3a6: Pull complete 
Digest: sha256:b88f8848e9a1a4e4558ba7cfc4acc5879e1d0e7ac06401409062ad2627e6fb58
Status: Downloaded newer image for docker.io/ubuntu:latest
[root@server1 ~]# docker images
REPOSITORY          TAG                 IMAGE ID            CREATED             SIZE
docker.io/ubuntu    latest              2ca708c1c9cc        5 days ago          64.2 MB
[root@server1 ~]# docker ps
CONTAINER ID        IMAGE               COMMAND             CREATED             STATUS              PORTS               NAMES
[root@server1 ~]# docker run -t ubuntu
root@a11232db247a:/# ls
^C
[root@server1 ~]# ocker ps
bash: ocker: command not found...
[root@server1 ~]# docker ps
CONTAINER ID        IMAGE               COMMAND             CREATED              STATUS              PORTS               NAMES
a11232db247a        ubuntu              "/bin/bash"         About a minute ago   Up About a minute                       happy_swirles
[root@server1 ~]# docker ps -a
CONTAINER ID        IMAGE               COMMAND             CREATED              STATUS              PORTS               NAMES
a11232db247a        ubuntu              "/bin/bash"         About a minute ago   Up About a minute                       happy_swirles
[root@server1 ~]# docker stop a11232db247a 
a11232db247a
[root@server1 ~]# docker ps
CONTAINER ID        IMAGE               COMMAND             CREATED             STATUS              PORTS               NAMES
[root@server1 ~]# docker ps -a
CONTAINER ID        IMAGE               COMMAND             CREATED             STATUS                      PORTS               NAMES
a11232db247a        ubuntu              "/bin/bash"         3 minutes ago       Exited (0) 38 seconds ago                       happy_swirles
[root@server1 ~]# docker ps
CONTAINER ID        IMAGE               COMMAND             CREATED             STATUS              PORTS               NAMES
[root@server1 ~]# docker start a11232db247a 
a11232db247a
[root@server1 ~]# docker ps
CONTAINER ID        IMAGE               COMMAND             CREATED             STATUS              PORTS               NAMES
a11232db247a        ubuntu              "/bin/bash"         4 minutes ago       Up 20 seconds                           happy_swirles
[root@server1 ~]# docker stop a11232db247a 
a11232db247a
[root@server1 ~]# docker ps
CONTAINER ID        IMAGE               COMMAND             CREATED             STATUS              PORTS               NAMES
[root@server1 ~]# docker rm  a11232db247a 
a11232db247a
[root@server1 ~]# docker ps -a
CONTAINER ID        IMAGE               COMMAND             CREATED             STATUS              PORTS               NAMES
[root@server1 ~]# docker images
REPOSITORY          TAG                 IMAGE ID            CREATED             SIZE
docker.io/ubuntu    latest              2ca708c1c9cc        5 days ago          64.2 MB
[root@server1 ~]# docker run -ti ubuntu
root@3e4e6cfe67f5:/# ls
bin  boot  dev  etc  home  lib  lib64  media  mnt  opt  proc  root  run  sbin  srv  sys  tmp  usr  var
root@3e4e6cfe67f5:/# mkdir /test-image
root@3e4e6cfe67f5:/# cd test-image/
root@3e4e6cfe67f5:/test-image# touch file1
root@3e4e6cfe67f5:/test-image# exit
exit
[root@server1 ~]# docker ps
CONTAINER ID        IMAGE               COMMAND             CREATED             STATUS              PORTS               NAMES
[root@server1 ~]# docker ps -a
CONTAINER ID        IMAGE               COMMAND             CREATED             STATUS                          PORTS               NAMES
3e4e6cfe67f5        ubuntu              "/bin/bash"         2 minutes ago       Exited (0) About a minute ago                       reverent_hodgkin
[root@server1 ~]# docker start ^C
[root@server1 ~]# docker start 3e4e6cfe67f5 
3e4e6cfe67f5
[root@server1 ~]# docker ps
CONTAINER ID        IMAGE               COMMAND             CREATED             STATUS              PORTS               NAMES
3e4e6cfe67f5        ubuntu              "/bin/bash"         3 minutes ago       Up 6 seconds                            reverent_hodgkin
[root@server1 ~]# docker attach 3e4e6cfe67f5 
root@3e4e6cfe67f5:/# ls
bin  boot  dev  etc  home  lib  lib64  media  mnt  opt  proc  root  run  sbin  srv  sys  test-image  tmp  usr  var
root@3e4e6cfe67f5:/# ls test-image/
file1
root@3e4e6cfe67f5:/# exit
exit
[root@server1 ~]# docker ps
CONTAINER ID        IMAGE               COMMAND             CREATED             STATUS              PORTS               NAMES
[root@server1 ~]# docker rm 3e4e6cfe67f5 
3e4e6cfe67f5
[root@server1 ~]# docker ps
CONTAINER ID        IMAGE               COMMAND             CREATED             STATUS              PORTS               NAMES
[root@server1 ~]# docker ps -a
CONTAINER ID        IMAGE               COMMAND             CREATED             STATUS              PORTS               NAMES
[root@server1 ~]# docker run --name c1 -ti ubuntu 
root@3c7bb4a8559d:/# ls
bin  boot  dev  etc  home  lib  lib64  media  mnt  opt  proc  root  run  sbin  srv  sys  tmp  usr  var
root@3c7bb4a8559d:/# exit
exit
[root@server1 ~]# docker ps
CONTAINER ID        IMAGE               COMMAND             CREATED             STATUS              PORTS               NAMES
[root@server1 ~]# docker ps -a
CONTAINER ID        IMAGE               COMMAND             CREATED              STATUS                      PORTS               NAMES
3c7bb4a8559d        ubuntu              "/bin/bash"         About a minute ago   Exited (0) 27 seconds ago                       c1
[root@server1 ~]# docker rm c1
c1
[root@server1 ~]# docker ps -a
CONTAINER ID        IMAGE               COMMAND             CREATED             STATUS              PORTS               NAMES
[root@server1 ~]# docker run -p 8000:80 httpd 
Unable to find image 'httpd:latest' locally
Trying to pull repository docker.io/library/httpd ... 
latest: Pulling from docker.io/library/httpd
b8f262c62ec6: Pull complete 
2c31b9311798: Pull complete 
7422a3cdf4e3: Pull complete 
1919d4fbf9e1: Pull complete 
60812fa1ab4c: Pull complete 
Digest: sha256:39d7d9a3ab93c0ad68ee7ea237722ed1b0016ff6974d80581022a53ec1e58797
Status: Downloaded newer image for docker.io/httpd:latest
AH00558: httpd: Could not reliably determine the server's fully qualified domain name, using 172.17.0.2. Set the 'ServerName' directive globally to suppress this message
AH00558: httpd: Could not reliably determine the server's fully qualified domain name, using 172.17.0.2. Set the 'ServerName' directive globally to suppress this message
[Tue Sep 24 05:27:26.760162 2019] [mpm_event:notice] [pid 1:tid 140224282670208] AH00489: Apache/2.4.41 (Unix) configured -- resuming normal operations
[Tue Sep 24 05:27:26.760559 2019] [core:notice] [pid 1:tid 140224282670208] AH00094: Command line: 'httpd -D FOREGROUND'
172.17.0.1 - - [24/Sep/2019:05:28:00 +0000] "GET / HTTP/1.1" 200 45
172.17.0.1 - - [24/Sep/2019:05:28:01 +0000] "GET /favicon.ico HTTP/1.1" 404 196
^C[Tue Sep 24 05:29:12.652448 2019] [mpm_event:notice] [pid 1:tid 140224282670208] AH00491: caught SIGTERM, shutting down
[root@server1 ~]# docker ps
CONTAINER ID        IMAGE               COMMAND             CREATED             STATUS              PORTS               NAMES
[root@server1 ~]# docker ps -a
CONTAINER ID        IMAGE               COMMAND              CREATED             STATUS                      PORTS               NAMES
add8fcfa25aa        httpd               "httpd-foreground"   2 minutes ago       Exited (0) 43 seconds ago                       focused_jepsen
[root@server1 ~]# docker rm add8fcfa25aa
add8fcfa25aa
[root@server1 ~]# mkdir /web-data
[root@server1 ~]# cd /web-data/
[root@server1 web-data]# vi index.html
[root@server1 web-data]# docker run --name web1 -d -p 8100:80 -v /web-data:/usr/local/apache2/htdocks httpd 
caed1b4a2247fb67a78a38930ce88e68e53e336097281f12765af8e39ebd127a
[root@server1 web-data]# ls 
index.html
[root@server1 web-data]# docker ps -a
CONTAINER ID        IMAGE               COMMAND              CREATED              STATUS              PORTS                  NAMES
caed1b4a2247        httpd               "httpd-foreground"   About a minute ago   Up About a minute   0.0.0.0:8100->80/tcp   web1
[root@server1 web-data]# docker ps 
CONTAINER ID        IMAGE               COMMAND              CREATED              STATUS              PORTS                  NAMES
caed1b4a2247        httpd               "httpd-foreground"   About a minute ago   Up About a minute   0.0.0.0:8100->80/tcp   web1
[root@server1 web-data]# vi index.html 
[root@server1 web-data]# vi index.html 
[root@server1 web-data]# docker stop web1
web1
[root@server1 web-data]# docker ps 
CONTAINER ID        IMAGE               COMMAND             CREATED             STATUS              PORTS               NAMES
[root@server1 web-data]# docker rm web1
web1
[root@server1 web-data]# docker run --name web1 -d -p 8200:80 -v /web-data:/usr/local/apache2/htdocks httpd 
28be69d7595fa15b0a156c159458f03239ca00af12abb547c191e6bd6537287c
[root@server1 web-data]# docker run --name web1 -d -p 8200:80 -v /web-data:/usr/local/apache2/htdocks httpd 
/usr/bin/docker-current: Error response from daemon: Conflict. The container name "/web1" is already in use by container 28be69d7595fa15b0a156c159458f03239ca00af12abb547c191e6bd6537287c. You have to remove (or rename) that container to be able to reuse that name..
See '/usr/bin/docker-current run --help'.
[root@server1 web-data]# ls
index.html
[root@server1 web-data]# docker run --name web2 -d -p 8200:80 -v /web-data:/usr/local/apache2/htdocks httpd 
36fc66e3a67a91174b25dcc8ba0d90328471e5b6c7e6ca1d538bc54c70956139
/usr/bin/docker-current: Error response from daemon: driver failed programming external connectivity on endpoint web2 (d935ab8b950d11441f8bc1eb411135aadf9ac6433ebdae7b1de60439ac9a7130): Bind for 0.0.0.0:8200 failed: port is already allocated.
[root@server1 web-data]# vi index.html 
[root@server1 web-data]# docker ps 
CONTAINER ID        IMAGE               COMMAND              CREATED             STATUS              PORTS                  NAMES
28be69d7595f        httpd               "httpd-foreground"   3 minutes ago       Up 3 minutes        0.0.0.0:8200->80/tcp   web1
[root@server1 web-data]# vi index.html 
[root@server1 web-data]# vi index.html 
[root@server1 web-data]# ifconfig
docker0: flags=4163<UP,BROADCAST,RUNNING,MULTICAST>  mtu 1500
        inet 172.17.0.1  netmask 255.255.0.0  broadcast 0.0.0.0
        inet6 fe80::42:cff:fe65:868d  prefixlen 64  scopeid 0x20<link>
        ether 02:42:0c:65:86:8d  txqueuelen 0  (Ethernet)
        RX packets 94  bytes 8072 (7.8 KiB)
        RX errors 0  dropped 0  overruns 0  frame 0
        TX packets 52  bytes 6080 (5.9 KiB)
        TX errors 0  dropped 0 overruns 0  carrier 0  collisions 0

enp0s3: flags=4163<UP,BROADCAST,RUNNING,MULTICAST>  mtu 1500
        inet 10.0.2.15  netmask 255.255.255.0  broadcast 10.0.2.255
        inet6 fe80::dd4d:ae92:8f52:dd2a  prefixlen 64  scopeid 0x20<link>
        ether 08:00:27:e1:e2:f4  txqueuelen 1000  (Ethernet)
        RX packets 87396  bytes 118391925 (112.9 MiB)
        RX errors 0  dropped 0  overruns 0  frame 0
        TX packets 10591  bytes 1090298 (1.0 MiB)
        TX errors 0  dropped 0 overruns 0  carrier 0  collisions 0

lo: flags=73<UP,LOOPBACK,RUNNING>  mtu 65536
        inet 127.0.0.1  netmask 255.0.0.0
        inet6 ::1  prefixlen 128  scopeid 0x10<host>
        loop  txqueuelen 1000  (Local Loopback)
        RX packets 123  bytes 13151 (12.8 KiB)
        RX errors 0  dropped 0  overruns 0  frame 0
        TX packets 123  bytes 13151 (12.8 KiB)
        TX errors 0  dropped 0 overruns 0  carrier 0  collisions 0

vethbea71b8: flags=4163<UP,BROADCAST,RUNNING,MULTICAST>  mtu 1500
        inet6 fe80::9427:7bff:fedc:cf7  prefixlen 64  scopeid 0x20<link>
        ether 96:27:7b:dc:0c:f7  txqueuelen 0  (Ethernet)
        RX packets 21  bytes 2226 (2.1 KiB)
        RX errors 0  dropped 0  overruns 0  frame 0
        TX packets 25  bytes 2363 (2.3 KiB)
        TX errors 0  dropped 0 overruns 0  carrier 0  collisions 0

virbr0: flags=4099<UP,BROADCAST,MULTICAST>  mtu 1500
        inet 192.168.122.1  netmask 255.255.255.0  broadcast 192.168.122.255
        ether 52:54:00:dc:7b:44  txqueuelen 1000  (Ethernet)
        RX packets 0  bytes 0 (0.0 B)
        RX errors 0  dropped 0  overruns 0  frame 0
        TX packets 0  bytes 0 (0.0 B)
        TX errors 0  dropped 0 overruns 0  carrier 0  collisions 0

[root@server1 web-data]# docker netwok ls
docker: 'netwok' is not a docker command.
See 'docker --help'
[root@server1 web-data]# docker network ls
NETWORK ID          NAME                DRIVER              SCOPE
dac722c38801        bridge              bridge              local
69d81e22517c        host                host                local
adb89f04c094        none                null                local
[root@server1 web-data]# docker network create app1
51c4636c1bdb008dd53a0e2a7820b7e36f09c0bbb7013eb272a6bc911860b4b4
[root@server1 web-data]# docker network ls
NETWORK ID          NAME                DRIVER              SCOPE
51c4636c1bdb        app1                bridge              local
dac722c38801        bridge              bridge              local
69d81e22517c        host                host                local
adb89f04c094        none                null                local
[root@server1 web-data]# docker ps
CONTAINER ID        IMAGE               COMMAND              CREATED             STATUS              PORTS                  NAMES
28be69d7595f        httpd               "httpd-foreground"   12 minutes ago      Up 12 minutes       0.0.0.0:8200->80/tcp   web1
[root@server1 web-data]# docker ps
CONTAINER ID        IMAGE               COMMAND              CREATED             STATUS              PORTS                  NAMES
28be69d7595f        httpd               "httpd-foreground"   13 minutes ago      Up 13 minutes       0.0.0.0:8200->80/tcp   web1
[root@server1 web-data]# docker inspect web1
[
    {
        "Id": "28be69d7595fa15b0a156c159458f03239ca00af12abb547c191e6bd6537287c",
        "Created": "2019-09-24T05:41:38.632938278Z",
        "Path": "httpd-foreground",
        "Args": [],
        "State": {
            "Status": "running",
            "Running": true,
            "Paused": false,
            "Restarting": false,
            "OOMKilled": false,
            "Dead": false,
            "Pid": 5829,
            "ExitCode": 0,
            "Error": "",
            "StartedAt": "2019-09-24T05:41:39.41168875Z",
            "FinishedAt": "0001-01-01T00:00:00Z"
        },
        "Image": "sha256:19459a87219415cc5751fb48e9aa37ea580b98eed1fe784e76c4bc3c9b3b0741",
        "ResolvConfPath": "/var/lib/docker/containers/28be69d7595fa15b0a156c159458f03239ca00af12abb547c191e6bd6537287c/resolv.conf",
        "HostnamePath": "/var/lib/docker/containers/28be69d7595fa15b0a156c159458f03239ca00af12abb547c191e6bd6537287c/hostname",
        "HostsPath": "/var/lib/docker/containers/28be69d7595fa15b0a156c159458f03239ca00af12abb547c191e6bd6537287c/hosts",
        "LogPath": "",
        "Name": "/web1",
        "RestartCount": 0,
        "Driver": "overlay2",
        "MountLabel": "",
        "ProcessLabel": "",
        "AppArmorProfile": "",
        "ExecIDs": null,
        "HostConfig": {
            "Binds": [
                "/web-data:/usr/local/apache2/htdocks"
            ],
            "ContainerIDFile": "",
            "LogConfig": {
                "Type": "journald",
                "Config": {}
            },
            "NetworkMode": "default",
            "PortBindings": {
                "80/tcp": [
                    {
                        "HostIp": "",
                        "HostPort": "8200"
                    }
                ]
            },
            "RestartPolicy": {
                "Name": "no",
                "MaximumRetryCount": 0
            },
            "AutoRemove": false,
            "VolumeDriver": "",
            "VolumesFrom": null,
            "CapAdd": null,
            "CapDrop": null,
            "Dns": [],
            "DnsOptions": [],
            "DnsSearch": [],
            "ExtraHosts": null,
            "GroupAdd": null,
            "IpcMode": "",
            "Cgroup": "",
            "Links": null,
            "OomScoreAdj": 0,
            "PidMode": "",
            "Privileged": false,
            "PublishAllPorts": false,
            "ReadonlyRootfs": false,
            "SecurityOpt": null,
            "UTSMode": "",
            "UsernsMode": "",
            "ShmSize": 67108864,
            "Runtime": "docker-runc",
            "ConsoleSize": [
                0,
                0
            ],
            "Isolation": "",
            "CpuShares": 0,
            "Memory": 0,
            "NanoCpus": 0,
            "CgroupParent": "",
            "BlkioWeight": 0,
            "BlkioWeightDevice": null,
            "BlkioDeviceReadBps": null,
            "BlkioDeviceWriteBps": null,
            "BlkioDeviceReadIOps": null,
            "BlkioDeviceWriteIOps": null,
            "CpuPeriod": 0,
            "CpuQuota": 0,
            "CpuRealtimePeriod": 0,
            "CpuRealtimeRuntime": 0,
            "CpusetCpus": "",
            "CpusetMems": "",
            "Devices": [],
            "DiskQuota": 0,
            "KernelMemory": 0,
            "MemoryReservation": 0,
            "MemorySwap": 0,
            "MemorySwappiness": -1,
            "OomKillDisable": false,
            "PidsLimit": 0,
            "Ulimits": null,
            "CpuCount": 0,
            "CpuPercent": 0,
            "IOMaximumIOps": 0,
            "IOMaximumBandwidth": 0
        },
        "GraphDriver": {
            "Name": "overlay2",
            "Data": {
                "LowerDir": "/var/lib/docker/overlay2/e8ad6a8be6cb46cb076fc210094f232dd616d7605dbbfb23d14ec285fdee6a31-init/diff:/var/lib/docker/overlay2/62a1ebfae1b9d03928131c424d4fee87bdf34b5816043c31ae338bc289d17b19/diff:/var/lib/docker/overlay2/e4baeb47f08c0e3c72207700d3244ef55991c2e9c21bf17178ad0b9bfd11d016/diff:/var/lib/docker/overlay2/63875f407506771a6a80467d47513087d80574c8572805f0afdd4bcfd2e380c7/diff:/var/lib/docker/overlay2/14fa3147b6919d7f40bf74f98b234c66086fea1fe5ea09d172c8abd868b19f97/diff:/var/lib/docker/overlay2/7d7d05f409fc76db304f6f53a20955ab596a23adb3efcf342653ece31e15b621/diff",
                "MergedDir": "/var/lib/docker/overlay2/e8ad6a8be6cb46cb076fc210094f232dd616d7605dbbfb23d14ec285fdee6a31/merged",
                "UpperDir": "/var/lib/docker/overlay2/e8ad6a8be6cb46cb076fc210094f232dd616d7605dbbfb23d14ec285fdee6a31/diff",
                "WorkDir": "/var/lib/docker/overlay2/e8ad6a8be6cb46cb076fc210094f232dd616d7605dbbfb23d14ec285fdee6a31/work"
            }
        },
        "Mounts": [
            {
                "Type": "bind",
                "Source": "/web-data",
                "Destination": "/usr/local/apache2/htdocks",
                "Mode": "",
                "RW": true,
                "Propagation": "rprivate"
            }
        ],
        "Config": {
            "Hostname": "28be69d7595f",
            "Domainname": "",
            "User": "",
            "AttachStdin": false,
            "AttachStdout": false,
            "AttachStderr": false,
            "ExposedPorts": {
                "80/tcp": {}
            },
            "Tty": false,
            "OpenStdin": false,
            "StdinOnce": false,
            "Env": [
                "PATH=/usr/local/apache2/bin:/usr/local/sbin:/usr/local/bin:/usr/sbin:/usr/bin:/sbin:/bin",
                "HTTPD_PREFIX=/usr/local/apache2",
                "HTTPD_VERSION=2.4.41",
                "HTTPD_SHA256=133d48298fe5315ae9366a0ec66282fa4040efa5d566174481077ade7d18ea40",
                "HTTPD_PATCHES="
            ],
            "Cmd": [
                "httpd-foreground"
            ],
            "ArgsEscaped": true,
            "Image": "httpd",
            "Volumes": null,
            "WorkingDir": "/usr/local/apache2",
            "Entrypoint": null,
            "OnBuild": null,
            "Labels": {},
            "StopSignal": "WINCH"
        },
        "NetworkSettings": {
            "Bridge": "",
            "SandboxID": "c5b065c52b6261a6b1dc3c2aba943059176c6d98b92cebc6d9a19daebe3cb043",
            "HairpinMode": false,
            "LinkLocalIPv6Address": "",
            "LinkLocalIPv6PrefixLen": 0,
            "Ports": {
                "80/tcp": [
                    {
                        "HostIp": "0.0.0.0",
                        "HostPort": "8200"
                    }
                ]
            },
            "SandboxKey": "/var/run/docker/netns/c5b065c52b62",
            "SecondaryIPAddresses": null,
            "SecondaryIPv6Addresses": null,
            "EndpointID": "d2a78fdf835e546cc2fb5a3003925c8342973e80331d953a9e2b166e0bf4d58f",
            "Gateway": "172.17.0.1",
            "GlobalIPv6Address": "",
            "GlobalIPv6PrefixLen": 0,
            "IPAddress": "172.17.0.2",
            "IPPrefixLen": 16,
            "IPv6Gateway": "",
            "MacAddress": "02:42:ac:11:00:02",
            "Networks": {
                "bridge": {
                    "IPAMConfig": null,
                    "Links": null,
                    "Aliases": null,
                    "NetworkID": "dac722c388012320e9d2d24aa9582466a1a68f698306c70309ef2a29f98a3796",
                    "EndpointID": "d2a78fdf835e546cc2fb5a3003925c8342973e80331d953a9e2b166e0bf4d58f",
                    "Gateway": "172.17.0.1",
                    "IPAddress": "172.17.0.2",
                    "IPPrefixLen": 16,
                    "IPv6Gateway": "",
                    "GlobalIPv6Address": "",
                    "GlobalIPv6PrefixLen": 0,
                    "MacAddress": "02:42:ac:11:00:02"
                }
            }
        }
    }
]
[root@server1 web-data]# docker stop web1
web1
[root@server1 web-data]# docker rm web1
web1
[root@server1 web-data]# docker ps
CONTAINER ID        IMAGE               COMMAND             CREATED             STATUS              PORTS               NAMES
[root@server1 web-data]# ^Ceate nw
[root@server1 web-data]# create network webnet1
bash: create: command not found...
[root@server1 web-data]# docker network create webnet1
a5c1cb2a3b3be0afe844e053ccdbd7e82fd8d0495a6e926ea510a207404e8b75
[root@server1 web-data]# mkdir /website1
[root@server1 web-data]# cd /web
web-data/ website1/ 
[root@server1 web-data]# cd /website1/
[root@server1 website1]# vi index.html
[root@server1 website1]# docker run  --name website1 -d -p 3200:80 -v /web
web-data/ website1/ 
[root@server1 website1]# docker run  --name website1 -d -p 3200:80   -network webnet -v /website1:usr/local/apache2.htdocks/ httpd
unknown shorthand flag: 'n' in -network
See 'docker run --help'.
[root@server1 website1]# docker run --help

Usage:	docker run [OPTIONS] IMAGE [COMMAND] [ARG...]

Run a command in a new container

Options:
      --add-host list                         Add a custom host-to-IP mapping (host:ip) (default [])
  -a, --attach list                           Attach to STDIN, STDOUT or STDERR (default [])
      --blkio-weight uint16                   Block IO (relative weight), between 10 and 1000, or 0 to disable (default 0)
      --blkio-weight-device weighted-device   Block IO weight (relative device weight) (default [])
      --cap-add list                          Add Linux capabilities (default [])
      --cap-drop list                         Drop Linux capabilities (default [])
      --cgroup-parent string                  Optional parent cgroup for the container
      --cidfile string                        Write the container ID to the file
      --cpu-count int                         CPU count (Windows only)
      --cpu-percent int                       CPU percent (Windows only)
      --cpu-period int                        Limit CPU CFS (Completely Fair Scheduler) period
      --cpu-quota int                         Limit CPU CFS (Completely Fair Scheduler) quota
      --cpu-rt-period int                     Limit CPU real-time period in microseconds
      --cpu-rt-runtime int                    Limit CPU real-time runtime in microseconds
  -c, --cpu-shares int                        CPU shares (relative weight)
      --cpus decimal                          Number of CPUs (default 0.000)
      --cpuset-cpus string                    CPUs in which to allow execution (0-3, 0,1)
      --cpuset-mems string                    MEMs in which to allow execution (0-3, 0,1)
      --credentialspec string                 Credential spec for managed service account (Windows only)
  -d, --detach                                Run container in background and print container ID
      --detach-keys string                    Override the key sequence for detaching a container
      --device list                           Add a host device to the container (default [])
      --device-read-bps throttled-device      Limit read rate (bytes per second) from a device (default [])
      --device-read-iops throttled-device     Limit read rate (IO per second) from a device (default [])
      --device-write-bps throttled-device     Limit write rate (bytes per second) to a device (default [])
      --device-write-iops throttled-device    Limit write rate (IO per second) to a device (default [])
      --disable-content-trust                 Skip image verification (default true)
      --dns list                              Set custom DNS servers (default [])
      --dns-option list                       Set DNS options (default [])
      --dns-search list                       Set custom DNS search domains (default [])
      --entrypoint string                     Overwrite the default ENTRYPOINT of the image
  -e, --env list                              Set environment variables (default [])
      --env-file list                         Read in a file of environment variables (default [])
      --expose list                           Expose a port or a range of ports (default [])
      --group-add list                        Add additional groups to join (default [])
      --health-cmd string                     Command to run to check health
      --health-interval duration              Time between running the check (ns|us|ms|s|m|h) (default 0s)
      --health-retries int                    Consecutive failures needed to report unhealthy
      --health-timeout duration               Maximum time to allow one check to run (ns|us|ms|s|m|h) (default 0s)
      --help                                  Print usage
  -h, --hostname string                       Container host name
      --init                                  Run an init inside the container that forwards signals and reaps processes
      --init-path string                      Path to the docker-init binary
  -i, --interactive                           Keep STDIN open even if not attached
      --io-maxbandwidth string                Maximum IO bandwidth limit for the system drive (Windows only)
      --io-maxiops uint                       Maximum IOps limit for the system drive (Windows only)
      --ip string                             Container IPv4 address (e.g. 172.30.100.104)
      --ip6 string                            Container IPv6 address (e.g. 2001:db8::33)
      --ipc string                            IPC namespace to use
      --isolation string                      Container isolation technology
      --kernel-memory string                  Kernel memory limit
  -l, --label list                            Set meta data on a container (default [])
      --label-file list                       Read in a line delimited file of labels (default [])
      --link list                             Add link to another container (default [])
      --link-local-ip list                    Container IPv4/IPv6 link-local addresses (default [])
      --log-driver string                     Logging driver for the container
      --log-opt list                          Log driver options (default [])
      --mac-address string                    Container MAC address (e.g. 92:d0:c6:0a:29:33)
  -m, --memory string                         Memory limit
      --memory-reservation string             Memory soft limit
      --memory-swap string                    Swap limit equal to memory plus swap: '-1' to enable unlimited swap
      --memory-swappiness int                 Tune container memory swappiness (0 to 100) (default -1)
      --name string                           Assign a name to the container
      --network string                        Connect a container to a network (default "default")
      --network-alias list                    Add network-scoped alias for the container (default [])
      --no-healthcheck                        Disable any container-specified HEALTHCHECK
      --oom-kill-disable                      Disable OOM Killer
      --oom-score-adj int                     Tune host's OOM preferences (-1000 to 1000)
      --pid string                            PID namespace to use
      --pids-limit int                        Tune container pids limit (set -1 for unlimited)
      --privileged                            Give extended privileges to this container
  -p, --publish list                          Publish a container's port(s) to the host (default [])
  -P, --publish-all                           Publish all exposed ports to random ports
      --read-only                             Mount the container's root filesystem as read only
      --restart string                        Restart policy to apply when a container exits (default "no")
      --rm                                    Automatically remove the container when it exits
      --runtime string                        Runtime to use for this container
      --security-opt list                     Security Options (default [])
      --shm-size string                       Size of /dev/shm, default value is 64MB
      --sig-proxy                             Proxy received signals to the process (default true)
      --stop-signal string                    Signal to stop a container, SIGTERM by default (default "SIGTERM")
      --stop-timeout int                      Timeout (in seconds) to stop a container
      --storage-opt list                      Storage driver options for the container (default [])
      --sysctl map                            Sysctl options (default map[])
      --tmpfs list                            Mount a tmpfs directory (default [])
  -t, --tty                                   Allocate a pseudo-TTY
      --ulimit ulimit                         Ulimit options (default [])
  -u, --user string                           Username or UID (format: <name|uid>[:<group|gid>])
      --userns string                         User namespace to use
      --uts string                            UTS namespace to use
  -v, --volume list                           Bind mount a volume (default [])
      --volume-driver string                  Optional volume driver for the container
      --volumes-from list                     Mount volumes from the specified container(s) (default [])
  -w, --workdir string                        Working directory inside the container
[root@server1 website1]# docker run  --name website1 -network webnet1 -d -p 3200:80    -v /website1:usr/local/apache2.htdocks/ httpd
unknown shorthand flag: 'n' in -network
See 'docker run --help'.
[root@server1 website1]# docker run - --name website1 -d -network webnet1  -p 3200:80    -v /website1:usr/local/apache2.htdocks/ httpd
/usr/bin/docker-current: Error parsing reference: "-" is not a valid repository/tag: invalid reference format.
See '/usr/bin/docker-current run --help'.
[root@server1 website1]# docker run - --name website1 -d -network webnet1  -p 3200:80    -v /website1:/usr/local/apache2.htdocks/ httpd
/usr/bin/docker-current: Error parsing reference: "-" is not a valid repository/tag: invalid reference format.
See '/usr/bin/docker-current run --help'.
[root@server1 website1]# docker network ls
NETWORK ID          NAME                DRIVER              SCOPE
51c4636c1bdb        app1                bridge              local
dac722c38801        bridge              bridge              local
69d81e22517c        host                host                local
adb89f04c094        none                null                local
a5c1cb2a3b3b        webnet1             bridge              local
[root@server1 website1]# docker run - --name website1 -d -network webnet1 -p 3200:80 -v /website1:/usr/local/apache2.htdocks/ httpd
/usr/bin/docker-current: Error parsing reference: "-" is not a valid repository/tag: invalid reference format.
See '/usr/bin/docker-current run --help'.
[root@server1 website1]# docker run - --name website1 --network webnet1 -d -p 3200:80 -v /website1:/usr/local/apache2.htdocks/ httpd
/usr/bin/docker-current: Error parsing reference: "-" is not a valid repository/tag: invalid reference format.
See '/usr/bin/docker-current run --help'.
[root@server1 website1]# docker run - --name website1 --network webnet1 -d -p 3200:80 -v /website1:/usr/local/apache2/htdocks/ httpd
/usr/bin/docker-current: Error parsing reference: "-" is not a valid repository/tag: invalid reference format.
See '/usr/bin/docker-current run --help'.
[root@server1 website1]# docker run - --name website1 --network webnet1 -d -p 3200:80 -v /website1:/usr/local/apache2/htdocks/ httpd
/usr/bin/docker-current: Error parsing reference: "-" is not a valid repository/tag: invalid reference format.
See '/usr/bin/docker-current run --help'.
[root@server1 website1]# docker run - --name website1 --network webnet1 -d -p 3300:80 -v /website1:/usr/local/apache2/htdocs/ httpd
/usr/bin/docker-current: Error parsing reference: "-" is not a valid repository/tag: invalid reference format.
See '/usr/bin/docker-current run --help'.
[root@server1 website1]# docker run - --name website1 --network webnet1 -d -p 3300:80 -v /website1:/usr/local/apache2/htdocs httpd
/usr/bin/docker-current: Error parsing reference: "-" is not a valid repository/tag: invalid reference format.
See '/usr/bin/docker-current run --help'.
[root@server1 website1]# docker run - --name website1 --network webnet1 -d -p 3300:80 -v /website1:/usr/local/apache2/htdocs/ httpd
/usr/bin/docker-current: Error parsing reference: "-" is not a valid repository/tag: invalid reference format.
See '/usr/bin/docker-current run --help'.
[root@server1 website1]# docker run --name website1 --network webnet1 -d -p 3300:80 -v /website1:/usr/local/apache2/htdocs/ httpd
d723849aa8ff6b139142b6b1867a9d3bae760ce2954ecb08102a5b638998c83a
[root@server1 website1]# mkdir /image1
[root@server1 website1]# cd image1
bash: cd: image1: No such file or directory
[root@server1 website1]# vi file.c
[root@server1 website1]# gcc -o 
file.c      index.html  
[root@server1 website1]# gcc -o file.c 
gcc: fatal error: no input files
compilation terminated.
[root@server1 website1]# gcc -o file1.c 
gcc: fatal error: no input files
compilation terminated.
[root@server1 website1]# gcc -o file1 file1.c
gcc: error: file1.c: No such file or directory
gcc: fatal error: no input files
compilation terminated.
[root@server1 website1]# ls
file.c  index.html
[root@server1 website1]# gcc -o file1 file.c
[root@server1 website1]# ls
file1  file.c  index.html
[root@server1 website1]# ./file1 
hi...[root@server1 website1]# 
[root@server1 website1]# vi Dockerfile 
[root@server1 website1]# docker build -t hello-world . 
Sending build context to Docker daemon 13.31 kB
Step 1/6 : FROM ubuntu
 ---> 2ca708c1c9cc
Step 2/6 : RUN apt update-y && upgrade -y
 ---> Running in 2c63ec3133ce


WARNING: apt does not have a stable CLI interface. Use with caution in scripts.

E: Invalid operation update-y
The command '/bin/sh -c apt update-y && upgrade -y' returned a non-zero code: 100
[root@server1 website1]# vi Dockerfile
[root@server1 website1]# docker build -t hello-world . 
Sending build context to Docker daemon 13.31 kB
Step 1/6 : FROM ubuntu
 ---> 2ca708c1c9cc
Step 2/6 : RUN apt update -y && upgrade -y
 ---> Running in c07a40b46b59


WARNING: apt does not have a stable CLI interface. Use with caution in scripts.

Get:1 http://archive.ubuntu.com/ubuntu bionic InRelease [242 kB]
Get:2 http://archive.ubuntu.com/ubuntu bionic-updates InRelease [88.7 kB]
Get:3 http://archive.ubuntu.com/ubuntu bionic-backports InRelease [74.6 kB]
Get:4 http://archive.ubuntu.com/ubuntu bionic/universe amd64 Packages [11.3 MB]
Get:5 http://security.ubuntu.com/ubuntu bionic-security InRelease [88.7 kB]
Get:6 http://security.ubuntu.com/ubuntu bionic-security/universe amd64 Packages [769 kB]
Get:7 http://security.ubuntu.com/ubuntu bionic-security/restricted amd64 Packages [9585 B]
Get:8 http://security.ubuntu.com/ubuntu bionic-security/main amd64 Packages [662 kB]
Get:9 http://security.ubuntu.com/ubuntu bionic-security/multiverse amd64 Packages [5230 B]
Get:10 http://archive.ubuntu.com/ubuntu bionic/multiverse amd64 Packages [186 kB]
Get:11 http://archive.ubuntu.com/ubuntu bionic/main amd64 Packages [1344 kB]
Get:12 http://archive.ubuntu.com/ubuntu bionic/restricted amd64 Packages [13.5 kB]
Get:13 http://archive.ubuntu.com/ubuntu bionic-updates/multiverse amd64 Packages [8284 B]
Get:14 http://archive.ubuntu.com/ubuntu bionic-updates/universe amd64 Packages [1288 kB]
Get:15 http://archive.ubuntu.com/ubuntu bionic-updates/restricted amd64 Packages [20.3 kB]
Get:16 http://archive.ubuntu.com/ubuntu bionic-updates/main amd64 Packages [960 kB]
Get:17 http://archive.ubuntu.com/ubuntu bionic-backports/universe amd64 Packages [4227 B]
Get:18 http://archive.ubuntu.com/ubuntu bionic-backports/main amd64 Packages [2496 B]
Fetched 17.1 MB in 42s (408 kB/s)
Reading package lists...
Building dependency tree...
Reading state information...
All packages are up to date.
/bin/sh: 1: upgrade: not found
The command '/bin/sh -c apt update -y && upgrade -y' returned a non-zero code: 127
[root@server1 website1]# date
Tue Sep 24 12:01:27 IST 2019
[root@server1 website1]# docker ps
CONTAINER ID        IMAGE               COMMAND              CREATED             STATUS              PORTS                  NAMES
d723849aa8ff        httpd               "httpd-foreground"   19 minutes ago      Up 19 minutes       0.0.0.0:3300->80/tcp   website1
[root@server1 website1]# ls
Dockerfile  file1  file.c  index.html
[root@server1 website1]# cd /image1/
[root@server1 image1]# cd ..
[root@server1 /]# ls
bin   etc     lib    mnt  phabricator   root  srv   tmp           var
boot  home    lib64  new  phabricator?  run   sys   trainingDay1  web-data
dev   image1  media  opt  proc          sbin  test  usr           website1
[root@server1 /]# cd website1/
[root@server1 website1]# ls
Dockerfile  file1  file.c  index.html
[root@server1 website1]# cp Dockerfile /image1/
[root@server1 website1]# cd /image1/
[root@server1 image1]# ls
Dockerfile
[root@server1 image1]# docker build -t hello-world . 
Sending build context to Docker daemon 2.048 kB
Step 1/6 : FROM ubuntu
 ---> 2ca708c1c9cc
Step 2/6 : RUN apt update -y && upgrade -y
 ---> Running in 84290473ce5d


WARNING: apt does not have a stable CLI interface. Use with caution in scripts.

Get:1 http://archive.ubuntu.com/ubuntu bionic InRelease [242 kB]
Get:2 http://security.ubuntu.com/ubuntu bionic-security InRelease [88.7 kB]
Get:3 http://archive.ubuntu.com/ubuntu bionic-updates InRelease [88.7 kB]
Get:4 http://archive.ubuntu.com/ubuntu bionic-backports InRelease [74.6 kB]
Get:5 http://security.ubuntu.com/ubuntu bionic-security/universe amd64 Packages [769 kB]
Get:6 http://archive.ubuntu.com/ubuntu bionic/multiverse amd64 Packages [186 kB]
Get:7 http://archive.ubuntu.com/ubuntu bionic/restricted amd64 Packages [13.5 kB]
Get:8 http://archive.ubuntu.com/ubuntu bionic/main amd64 Packages [1344 kB]
Get:9 http://security.ubuntu.com/ubuntu bionic-security/multiverse amd64 Packages [5230 B]
Get:10 http://security.ubuntu.com/ubuntu bionic-security/restricted amd64 Packages [9585 B]
Get:11 http://security.ubuntu.com/ubuntu bionic-security/main amd64 Packages [662 kB]
Get:12 http://archive.ubuntu.com/ubuntu bionic/universe amd64 Packages [11.3 MB]
Get:13 http://archive.ubuntu.com/ubuntu bionic-updates/main amd64 Packages [960 kB]
Get:14 http://archive.ubuntu.com/ubuntu bionic-updates/multiverse amd64 Packages [8284 B]
Get:15 http://archive.ubuntu.com/ubuntu bionic-updates/restricted amd64 Packages [20.3 kB]
Get:16 http://archive.ubuntu.com/ubuntu bionic-updates/universe amd64 Packages [1288 kB]
Get:17 http://archive.ubuntu.com/ubuntu bionic-backports/main amd64 Packages [2496 B]
Get:18 http://archive.ubuntu.com/ubuntu bionic-backports/universe amd64 Packages [4227 B]
Fetched 17.1 MB in 24s (726 kB/s)
Reading package lists...
Building dependency tree...
Reading state information...
All packages are up to date.
/bin/sh: 1: upgrade: not found
The command '/bin/sh -c apt update -y && upgrade -y' returned a non-zero code: 127
[root@server1 image1]# vi Dockerfile 
[root@server1 image1]# docker build -t hello-world . 
Sending build context to Docker daemon 2.048 kB
Step 1/6 : FROM ubuntu
 ---> 2ca708c1c9cc
Step 2/6 : RUN apt update -y && apt upgrade -y
 ---> Running in 34274d4d2b5a


WARNING: apt does not have a stable CLI interface. Use with caution in scripts.

Get:1 http://archive.ubuntu.com/ubuntu bionic InRelease [242 kB]
Get:2 http://archive.ubuntu.com/ubuntu bionic-updates InRelease [88.7 kB]
Get:3 http://archive.ubuntu.com/ubuntu bionic-backports InRelease [74.6 kB]
Get:4 http://archive.ubuntu.com/ubuntu bionic/restricted amd64 Packages [13.5 kB]
Get:5 http://archive.ubuntu.com/ubuntu bionic/main amd64 Packages [1344 kB]
Get:6 http://security.ubuntu.com/ubuntu bionic-security InRelease [88.7 kB]
Get:7 http://security.ubuntu.com/ubuntu bionic-security/main amd64 Packages [662 kB]
Get:8 http://security.ubuntu.com/ubuntu bionic-security/multiverse amd64 Packages [5230 B]
Get:9 http://security.ubuntu.com/ubuntu bionic-security/restricted amd64 Packages [9585 B]
Get:10 http://archive.ubuntu.com/ubuntu bionic/universe amd64 Packages [11.3 MB]
Get:11 http://security.ubuntu.com/ubuntu bionic-security/universe amd64 Packages [769 kB]
^C                  
[root@server1 image1]# vi Dockerfile 
[root@server1 image1]# docker build -t hello-world . 
Sending build context to Docker daemon 2.048 kB
Step 1/6 : FROM ubuntu
 ---> 2ca708c1c9cc
Step 2/6 : RUN apt update -y && apt upgrade -y
 ---> Running in fb4853862bf6


WARNING: apt does not have a stable CLI interface. Use with caution in scripts.

Get:1 http://archive.ubuntu.com/ubuntu bionic InRelease [242 kB]
Get:2 http://archive.ubuntu.com/ubuntu bionic-updates InRelease [88.7 kB]
Get:3 http://security.ubuntu.com/ubuntu bionic-security InRelease [88.7 kB]
Get:4 http://archive.ubuntu.com/ubuntu bionic-backports InRelease [74.6 kB]
Get:5 http://security.ubuntu.com/ubuntu bionic-security/multiverse amd64 Packages [5230 B]
Get:6 http://archive.ubuntu.com/ubuntu bionic/restricted amd64 Packages [13.5 kB]
Get:7 http://security.ubuntu.com/ubuntu bionic-security/main amd64 Packages [662 kB]
Get:8 http://archive.ubuntu.com/ubuntu bionic/multiverse amd64 Packages [186 kB]
Get:9 http://archive.ubuntu.com/ubuntu bionic/universe amd64 Packages [11.3 MB]
Get:10 http://security.ubuntu.com/ubuntu bionic-security/universe amd64 Packages [769 kB]
Get:11 http://archive.ubuntu.com/ubuntu bionic/main amd64 Packages [1344 kB]
Get:12 http://security.ubuntu.com/ubuntu bionic-security/restricted amd64 Packages [9585 B]
Get:13 http://archive.ubuntu.com/ubuntu bionic-updates/restricted amd64 Packages [20.3 kB]
Get:14 http://archive.ubuntu.com/ubuntu bionic-updates/main amd64 Packages [960 kB]
Get:15 http://archive.ubuntu.com/ubuntu bionic-updates/universe amd64 Packages [1288 kB]
Get:16 http://archive.ubuntu.com/ubuntu bionic-updates/multiverse amd64 Packages [8284 B]
Get:17 http://archive.ubuntu.com/ubuntu bionic-backports/main amd64 Packages [2496 B]
Get:18 http://archive.ubuntu.com/ubuntu bionic-backports/universe amd64 Packages [4227 B]
Fetched 17.1 MB in 25s (689 kB/s)
Reading package lists...
Building dependency tree...
Reading state information...
All packages are up to date.

WARNING: apt does not have a stable CLI interface. Use with caution in scripts.

Reading package lists...
Building dependency tree...
Reading state information...
Calculating upgrade...
0 upgraded, 0 newly installed, 0 to remove and 0 not upgraded.
 ---> a4c1bd491413
Removing intermediate container fb4853862bf6
Step 3/6 : RUN apt install gcc -y
 ---> Running in 064f64243882


WARNING: apt does not have a stable CLI interface. Use with caution in scripts.

Reading package lists...
Building dependency tree...
Reading state information...
The following additional packages will be installed:
  binutils binutils-common binutils-x86-64-linux-gnu cpp cpp-7 gcc-7
  gcc-7-base libasan4 libatomic1 libbinutils libc-dev-bin libc6-dev libcc1-0
  libcilkrts5 libgcc-7-dev libgomp1 libisl19 libitm1 liblsan0 libmpc3 libmpfr6
  libmpx2 libquadmath0 libtsan0 libubsan0 linux-libc-dev manpages manpages-dev
Suggested packages:
  binutils-doc cpp-doc gcc-7-locales gcc-multilib make autoconf automake
  libtool flex bison gdb gcc-doc gcc-7-multilib gcc-7-doc libgcc1-dbg
  libgomp1-dbg libitm1-dbg libatomic1-dbg libasan4-dbg liblsan0-dbg
  libtsan0-dbg libubsan0-dbg libcilkrts5-dbg libmpx2-dbg libquadmath0-dbg
  glibc-doc man-browser
The following NEW packages will be installed:
  binutils binutils-common binutils-x86-64-linux-gnu cpp cpp-7 gcc gcc-7
  gcc-7-base libasan4 libatomic1 libbinutils libc-dev-bin libc6-dev libcc1-0
  libcilkrts5 libgcc-7-dev libgomp1 libisl19 libitm1 liblsan0 libmpc3 libmpfr6
  libmpx2 libquadmath0 libtsan0 libubsan0 linux-libc-dev manpages manpages-dev
0 upgraded, 29 newly installed, 0 to remove and 0 not upgraded.
Need to get 28.5 MB of archives.
After this operation, 118 MB of additional disk space will be used.
Get:1 http://archive.ubuntu.com/ubuntu bionic/main amd64 manpages all 4.15-1 [1234 kB]
Get:2 http://archive.ubuntu.com/ubuntu bionic-updates/main amd64 binutils-common amd64 2.30-21ubuntu1~18.04.2 [193 kB]
Get:3 http://archive.ubuntu.com/ubuntu bionic-updates/main amd64 libbinutils amd64 2.30-21ubuntu1~18.04.2 [503 kB]
Get:4 http://archive.ubuntu.com/ubuntu bionic-updates/main amd64 binutils-x86-64-linux-gnu amd64 2.30-21ubuntu1~18.04.2 [1856 kB]
Get:5 http://archive.ubuntu.com/ubuntu bionic-updates/main amd64 binutils amd64 2.30-21ubuntu1~18.04.2 [3396 B]
Get:6 http://archive.ubuntu.com/ubuntu bionic-updates/main amd64 gcc-7-base amd64 7.4.0-1ubuntu1~18.04.1 [18.9 kB]
Get:7 http://archive.ubuntu.com/ubuntu bionic/main amd64 libisl19 amd64 0.19-1 [551 kB]
Get:8 http://archive.ubuntu.com/ubuntu bionic/main amd64 libmpfr6 amd64 4.0.1-1 [243 kB]
Get:9 http://archive.ubuntu.com/ubuntu bionic/main amd64 libmpc3 amd64 1.1.0-1 [40.8 kB]
Get:10 http://archive.ubuntu.com/ubuntu bionic-updates/main amd64 cpp-7 amd64 7.4.0-1ubuntu1~18.04.1 [6742 kB]
Get:11 http://archive.ubuntu.com/ubuntu bionic-updates/main amd64 cpp amd64 4:7.4.0-1ubuntu2.3 [27.7 kB]
Get:12 http://archive.ubuntu.com/ubuntu bionic-updates/main amd64 libcc1-0 amd64 8.3.0-6ubuntu1~18.04.1 [47.4 kB]
Get:13 http://archive.ubuntu.com/ubuntu bionic-updates/main amd64 libgomp1 amd64 8.3.0-6ubuntu1~18.04.1 [76.4 kB]
Get:14 http://archive.ubuntu.com/ubuntu bionic-updates/main amd64 libitm1 amd64 8.3.0-6ubuntu1~18.04.1 [28.0 kB]
Get:15 http://archive.ubuntu.com/ubuntu bionic-updates/main amd64 libatomic1 amd64 8.3.0-6ubuntu1~18.04.1 [9184 B]
Get:16 http://archive.ubuntu.com/ubuntu bionic-updates/main amd64 libasan4 amd64 7.4.0-1ubuntu1~18.04.1 [359 kB]
Get:17 http://archive.ubuntu.com/ubuntu bionic-updates/main amd64 liblsan0 amd64 8.3.0-6ubuntu1~18.04.1 [133 kB]
Get:18 http://archive.ubuntu.com/ubuntu bionic-updates/main amd64 libtsan0 amd64 8.3.0-6ubuntu1~18.04.1 [288 kB]
Get:19 http://archive.ubuntu.com/ubuntu bionic-updates/main amd64 libubsan0 amd64 7.4.0-1ubuntu1~18.04.1 [126 kB]
Get:20 http://archive.ubuntu.com/ubuntu bionic-updates/main amd64 libcilkrts5 amd64 7.4.0-1ubuntu1~18.04.1 [42.5 kB]
Get:21 http://archive.ubuntu.com/ubuntu bionic-updates/main amd64 libmpx2 amd64 8.3.0-6ubuntu1~18.04.1 [11.6 kB]
Get:22 http://archive.ubuntu.com/ubuntu bionic-updates/main amd64 libquadmath0 amd64 8.3.0-6ubuntu1~18.04.1 [133 kB]
Get:23 http://archive.ubuntu.com/ubuntu bionic-updates/main amd64 libgcc-7-dev amd64 7.4.0-1ubuntu1~18.04.1 [2381 kB]
Get:24 http://archive.ubuntu.com/ubuntu bionic-updates/main amd64 gcc-7 amd64 7.4.0-1ubuntu1~18.04.1 [7463 kB]
Get:25 http://archive.ubuntu.com/ubuntu bionic-updates/main amd64 gcc amd64 4:7.4.0-1ubuntu2.3 [5184 B]
Get:26 http://archive.ubuntu.com/ubuntu bionic/main amd64 libc-dev-bin amd64 2.27-3ubuntu1 [71.8 kB]
Get:27 http://archive.ubuntu.com/ubuntu bionic-updates/main amd64 linux-libc-dev amd64 4.15.0-64.73 [1123 kB]
Get:28 http://archive.ubuntu.com/ubuntu bionic/main amd64 libc6-dev amd64 2.27-3ubuntu1 [2587 kB]
Get:29 http://archive.ubuntu.com/ubuntu bionic/main amd64 manpages-dev all 4.15-1 [2217 kB]
debconf: delaying package configuration, since apt-utils is not installed
Fetched 28.5 MB in 1min 36s (298 kB/s)
Selecting previously unselected package manpages.
(Reading database ... 4046 files and directories currently installed.)
Preparing to unpack .../00-manpages_4.15-1_all.deb ...
Unpacking manpages (4.15-1) ...
Selecting previously unselected package binutils-common:amd64.
Preparing to unpack .../01-binutils-common_2.30-21ubuntu1~18.04.2_amd64.deb ...
Unpacking binutils-common:amd64 (2.30-21ubuntu1~18.04.2) ...
Selecting previously unselected package libbinutils:amd64.
Preparing to unpack .../02-libbinutils_2.30-21ubuntu1~18.04.2_amd64.deb ...
Unpacking libbinutils:amd64 (2.30-21ubuntu1~18.04.2) ...
Selecting previously unselected package binutils-x86-64-linux-gnu.
Preparing to unpack .../03-binutils-x86-64-linux-gnu_2.30-21ubuntu1~18.04.2_amd64.deb ...
Unpacking binutils-x86-64-linux-gnu (2.30-21ubuntu1~18.04.2) ...
Selecting previously unselected package binutils.
Preparing to unpack .../04-binutils_2.30-21ubuntu1~18.04.2_amd64.deb ...
Unpacking binutils (2.30-21ubuntu1~18.04.2) ...
Selecting previously unselected package gcc-7-base:amd64.
Preparing to unpack .../05-gcc-7-base_7.4.0-1ubuntu1~18.04.1_amd64.deb ...
Unpacking gcc-7-base:amd64 (7.4.0-1ubuntu1~18.04.1) ...
Selecting previously unselected package libisl19:amd64.
Preparing to unpack .../06-libisl19_0.19-1_amd64.deb ...
Unpacking libisl19:amd64 (0.19-1) ...
Selecting previously unselected package libmpfr6:amd64.
Preparing to unpack .../07-libmpfr6_4.0.1-1_amd64.deb ...
Unpacking libmpfr6:amd64 (4.0.1-1) ...
Selecting previously unselected package libmpc3:amd64.
Preparing to unpack .../08-libmpc3_1.1.0-1_amd64.deb ...
Unpacking libmpc3:amd64 (1.1.0-1) ...
Selecting previously unselected package cpp-7.
Preparing to unpack .../09-cpp-7_7.4.0-1ubuntu1~18.04.1_amd64.deb ...
Unpacking cpp-7 (7.4.0-1ubuntu1~18.04.1) ...
Selecting previously unselected package cpp.
Preparing to unpack .../10-cpp_4%3a7.4.0-1ubuntu2.3_amd64.deb ...
Unpacking cpp (4:7.4.0-1ubuntu2.3) ...
Selecting previously unselected package libcc1-0:amd64.
Preparing to unpack .../11-libcc1-0_8.3.0-6ubuntu1~18.04.1_amd64.deb ...
Unpacking libcc1-0:amd64 (8.3.0-6ubuntu1~18.04.1) ...
Selecting previously unselected package libgomp1:amd64.
Preparing to unpack .../12-libgomp1_8.3.0-6ubuntu1~18.04.1_amd64.deb ...
Unpacking libgomp1:amd64 (8.3.0-6ubuntu1~18.04.1) ...
Selecting previously unselected package libitm1:amd64.
Preparing to unpack .../13-libitm1_8.3.0-6ubuntu1~18.04.1_amd64.deb ...
Unpacking libitm1:amd64 (8.3.0-6ubuntu1~18.04.1) ...
Selecting previously unselected package libatomic1:amd64.
Preparing to unpack .../14-libatomic1_8.3.0-6ubuntu1~18.04.1_amd64.deb ...
Unpacking libatomic1:amd64 (8.3.0-6ubuntu1~18.04.1) ...
Selecting previously unselected package libasan4:amd64.
Preparing to unpack .../15-libasan4_7.4.0-1ubuntu1~18.04.1_amd64.deb ...
Unpacking libasan4:amd64 (7.4.0-1ubuntu1~18.04.1) ...
Selecting previously unselected package liblsan0:amd64.
Preparing to unpack .../16-liblsan0_8.3.0-6ubuntu1~18.04.1_amd64.deb ...
Unpacking liblsan0:amd64 (8.3.0-6ubuntu1~18.04.1) ...
Selecting previously unselected package libtsan0:amd64.
Preparing to unpack .../17-libtsan0_8.3.0-6ubuntu1~18.04.1_amd64.deb ...
Unpacking libtsan0:amd64 (8.3.0-6ubuntu1~18.04.1) ...
Selecting previously unselected package libubsan0:amd64.
Preparing to unpack .../18-libubsan0_7.4.0-1ubuntu1~18.04.1_amd64.deb ...
Unpacking libubsan0:amd64 (7.4.0-1ubuntu1~18.04.1) ...
Selecting previously unselected package libcilkrts5:amd64.
Preparing to unpack .../19-libcilkrts5_7.4.0-1ubuntu1~18.04.1_amd64.deb ...
Unpacking libcilkrts5:amd64 (7.4.0-1ubuntu1~18.04.1) ...
Selecting previously unselected package libmpx2:amd64.
Preparing to unpack .../20-libmpx2_8.3.0-6ubuntu1~18.04.1_amd64.deb ...
Unpacking libmpx2:amd64 (8.3.0-6ubuntu1~18.04.1) ...
Selecting previously unselected package libquadmath0:amd64.
Preparing to unpack .../21-libquadmath0_8.3.0-6ubuntu1~18.04.1_amd64.deb ...
Unpacking libquadmath0:amd64 (8.3.0-6ubuntu1~18.04.1) ...
Selecting previously unselected package libgcc-7-dev:amd64.
Preparing to unpack .../22-libgcc-7-dev_7.4.0-1ubuntu1~18.04.1_amd64.deb ...
Unpacking libgcc-7-dev:amd64 (7.4.0-1ubuntu1~18.04.1) ...
Selecting previously unselected package gcc-7.
Preparing to unpack .../23-gcc-7_7.4.0-1ubuntu1~18.04.1_amd64.deb ...
Unpacking gcc-7 (7.4.0-1ubuntu1~18.04.1) ...
Selecting previously unselected package gcc.
Preparing to unpack .../24-gcc_4%3a7.4.0-1ubuntu2.3_amd64.deb ...
Unpacking gcc (4:7.4.0-1ubuntu2.3) ...
Selecting previously unselected package libc-dev-bin.
Preparing to unpack .../25-libc-dev-bin_2.27-3ubuntu1_amd64.deb ...
Unpacking libc-dev-bin (2.27-3ubuntu1) ...
Selecting previously unselected package linux-libc-dev:amd64.
Preparing to unpack .../26-linux-libc-dev_4.15.0-64.73_amd64.deb ...
Unpacking linux-libc-dev:amd64 (4.15.0-64.73) ...
Selecting previously unselected package libc6-dev:amd64.
Preparing to unpack .../27-libc6-dev_2.27-3ubuntu1_amd64.deb ...
Unpacking libc6-dev:amd64 (2.27-3ubuntu1) ...
Selecting previously unselected package manpages-dev.
Preparing to unpack .../28-manpages-dev_4.15-1_all.deb ...
Unpacking manpages-dev (4.15-1) ...
Setting up libquadmath0:amd64 (8.3.0-6ubuntu1~18.04.1) ...
Setting up libgomp1:amd64 (8.3.0-6ubuntu1~18.04.1) ...
Setting up libatomic1:amd64 (8.3.0-6ubuntu1~18.04.1) ...
Setting up manpages (4.15-1) ...
Setting up libcc1-0:amd64 (8.3.0-6ubuntu1~18.04.1) ...
Setting up libtsan0:amd64 (8.3.0-6ubuntu1~18.04.1) ...
Setting up linux-libc-dev:amd64 (4.15.0-64.73) ...
Setting up libmpfr6:amd64 (4.0.1-1) ...
Setting up liblsan0:amd64 (8.3.0-6ubuntu1~18.04.1) ...
Setting up gcc-7-base:amd64 (7.4.0-1ubuntu1~18.04.1) ...
Setting up binutils-common:amd64 (2.30-21ubuntu1~18.04.2) ...
Setting up libmpx2:amd64 (8.3.0-6ubuntu1~18.04.1) ...
Setting up libmpc3:amd64 (1.1.0-1) ...
Setting up libc-dev-bin (2.27-3ubuntu1) ...
Setting up manpages-dev (4.15-1) ...
Setting up libc6-dev:amd64 (2.27-3ubuntu1) ...
Setting up libitm1:amd64 (8.3.0-6ubuntu1~18.04.1) ...
Setting up libisl19:amd64 (0.19-1) ...
Setting up libasan4:amd64 (7.4.0-1ubuntu1~18.04.1) ...
Setting up libbinutils:amd64 (2.30-21ubuntu1~18.04.2) ...
Setting up libcilkrts5:amd64 (7.4.0-1ubuntu1~18.04.1) ...
Setting up libubsan0:amd64 (7.4.0-1ubuntu1~18.04.1) ...
Setting up libgcc-7-dev:amd64 (7.4.0-1ubuntu1~18.04.1) ...
Setting up cpp-7 (7.4.0-1ubuntu1~18.04.1) ...
Setting up binutils-x86-64-linux-gnu (2.30-21ubuntu1~18.04.2) ...
Setting up cpp (4:7.4.0-1ubuntu2.3) ...
Setting up binutils (2.30-21ubuntu1~18.04.2) ...
Setting up gcc-7 (7.4.0-1ubuntu1~18.04.1) ...
Setting up gcc (4:7.4.0-1ubuntu2.3) ...
Processing triggers for libc-bin (2.27-3ubuntu1) ...
 ---> a7858a845c3c
Removing intermediate container 064f64243882
Step 4/6 : RUN mkdir /myapp
 ---> Running in 7e6020a1b5af

 ---> ed540252f385
Removing intermediate container 7e6020a1b5af
Step 5/6 : COPY file1/myapp/
COPY requires at least two arguments
[root@server1 image1]# vi Dockerfile 
[root@server1 image1]# docker build -t hello-world . 
Sending build context to Docker daemon 2.048 kB
Step 1/6 : FROM ubuntu
 ---> 2ca708c1c9cc
Step 2/6 : RUN apt update -y && apt upgrade -y
 ---> Using cache
 ---> a4c1bd491413
Step 3/6 : RUN apt install gcc -y
 ---> Using cache
 ---> a7858a845c3c
Step 4/6 : RUN mkdir /myapp
 ---> Using cache
 ---> ed540252f385
Step 5/6 : COPY file1 /myapp/
lstat file1: no such file or directory
[root@server1 image1]# cd .
[root@server1 image1]# cd ..
[root@server1 /]# ls
bin   etc     lib    mnt  phabricator   root  srv   tmp           var
boot  home    lib64  new  phabricator?  run   sys   trainingDay1  web-data
dev   image1  media  opt  proc          sbin  test  usr           website1
[root@server1 /]# cd website1/
[root@server1 website1]# ls
Dockerfile  file1  file.c  index.html
[root@server1 website1]# cp file
file1   file.c  
[root@server1 website1]# cp file1 /image1/
[root@server1 website1]# cd /image1/
[root@server1 image1]# docker build -t hello-world . 
Sending build context to Docker daemon 11.26 kB
Step 1/6 : FROM ubuntu
 ---> 2ca708c1c9cc
Step 2/6 : RUN apt update -y && apt upgrade -y
 ---> Using cache
 ---> a4c1bd491413
Step 3/6 : RUN apt install gcc -y
 ---> Using cache
 ---> a7858a845c3c
Step 4/6 : RUN mkdir /myapp
 ---> Using cache
 ---> ed540252f385
Step 5/6 : COPY file1 /myapp/
 ---> 61d13c6f320f
Removing intermediate container 9c5292bf3e64
Step 6/6 : CMD /myapp/file1
 ---> Running in 692ea2080758
 ---> 3f19064d68d1
Removing intermediate container 692ea2080758
Successfully built 3f19064d68d1
[root@server1 image1]# docker run hello-world
hi...[root@server1 image1]# docker run hello-world
hi...[root@server1 image1]# docker --rm run hello-world 
unknown flag: --rm
See 'docker --help'.

Usage:	docker COMMAND

A self-sufficient runtime for containers

Options:
      --config string      Location of client config files (default "/root/.docker")
  -D, --debug              Enable debug mode
      --help               Print usage
  -H, --host list          Daemon socket(s) to connect to (default [])
  -l, --log-level string   Set the logging level ("debug", "info", "warn", "error", "fatal") (default "info")
      --tls                Use TLS; implied by --tlsverify
      --tlscacert string   Trust certs signed only by this CA (default "/root/.docker/ca.pem")
      --tlscert string     Path to TLS certificate file (default "/root/.docker/cert.pem")
      --tlskey string      Path to TLS key file (default "/root/.docker/key.pem")
      --tlsverify          Use TLS and verify the remote
  -v, --version            Print version information and quit

Management Commands:
  checkpoint  Manage checkpoints
  container   Manage containers
  image       Manage images
  network     Manage networks
  node        Manage Swarm nodes
  plugin      Manage plugins
  secret      Manage Docker secrets
  service     Manage services
  stack       Manage Docker stacks
  swarm       Manage Swarm
  system      Manage Docker
  volume      Manage volumes

Commands:
  attach      Attach to a running container
  build       Build an image from a Dockerfile
  commit      Create a new image from a container's changes
  cp          Copy files/folders between a container and the local filesystem
  create      Create a new container
  deploy      Deploy a new stack or update an existing stack
  diff        Inspect changes on a container's filesystem
  events      Get real time events from the server
  exec        Run a command in a running container
  export      Export a container's filesystem as a tar archive
  history     Show the history of an image
  images      List images
  import      Import the contents from a tarball to create a filesystem image
  info        Display system-wide information
  inspect     Return low-level information on Docker objects
  kill        Kill one or more running containers
  load        Load an image from a tar archive or STDIN
  login       Log in to a Docker registry
  logout      Log out from a Docker registry
  logs        Fetch the logs of a container
  pause       Pause all processes within one or more containers
  port        List port mappings or a specific mapping for the container
  ps          List containers
  pull        Pull an image or a repository from a registry
  push        Push an image or a repository to a registry
  rename      Rename a container
  restart     Restart one or more containers
  rm          Remove one or more containers
  rmi         Remove one or more images
  run         Run a command in a new container
  save        Save one or more images to a tar archive (streamed to STDOUT by default)
  search      Search the Docker Hub for images
  start       Start one or more stopped containers
  stats       Display a live stream of container(s) resource usage statistics
  stop        Stop one or more running containers
  tag         Create a tag TARGET_IMAGE that refers to SOURCE_IMAGE
  top         Display the running processes of a container
  unpause     Unpause all processes within one or more containers
  update      Update configuration of one or more containers
  version     Show the Docker version information
  wait        Block until one or more containers stop, then print their exit codes

Run 'docker COMMAND --help' for more information on a command.

[root@server1 image1]# docker run --rm  hello-world 
hi...[root@server1 image1]# docker ps -a 
CONTAINER ID        IMAGE               COMMAND                  CREATED              STATUS                          PORTS                  NAMES
b4046e1fd21b        hello-world         "/myapp/file1"           53 seconds ago       Exited (5) 52 seconds ago                              fervent_poitras
06deb1cc2204        hello-world         "/myapp/file1"           About a minute ago   Exited (5) About a minute ago                          infallible_babbage
84290473ce5d        2ca708c1c9cc        "/bin/sh -c 'apt u..."   10 minutes ago       Exited (127) 9 minutes ago                             nostalgic_mayer
c07a40b46b59        2ca708c1c9cc        "/bin/sh -c 'apt u..."   14 minutes ago       Exited (127) 13 minutes ago                            elated_ride
2c63ec3133ce        2ca708c1c9cc        "/bin/sh -c 'apt u..."   15 minutes ago       Exited (100) 15 minutes ago                            happy_hamilton
d723849aa8ff        httpd               "httpd-foreground"       32 minutes ago       Up 32 minutes                   0.0.0.0:3300->80/tcp   website1
36fc66e3a67a        httpd               "httpd-foreground"       About an hour ago    Created                                                web2
[root@server1 image1]# docker run --rm  -t hello-world 
hi...[root@server1 image1]# docker ps -a 
CONTAINER ID        IMAGE               COMMAND                  CREATED             STATUS                        PORTS                  NAMES
b4046e1fd21b        hello-world         "/myapp/file1"           2 minutes ago       Exited (5) 2 minutes ago                             fervent_poitras
06deb1cc2204        hello-world         "/myapp/file1"           2 minutes ago       Exited (5) 2 minutes ago                             infallible_babbage
84290473ce5d        2ca708c1c9cc        "/bin/sh -c 'apt u..."   11 minutes ago      Exited (127) 11 minutes ago                          nostalgic_mayer
c07a40b46b59        2ca708c1c9cc        "/bin/sh -c 'apt u..."   15 minutes ago      Exited (127) 14 minutes ago                          elated_ride
2c63ec3133ce        2ca708c1c9cc        "/bin/sh -c 'apt u..."   16 minutes ago      Exited (100) 16 minutes ago                          happy_hamilton
d723849aa8ff        httpd               "httpd-foreground"       33 minutes ago      Up 33 minutes                 0.0.0.0:3300->80/tcp   website1
36fc66e3a67a        httpd               "httpd-foreground"       About an hour ago   Created                                              web2
[root@server1 image1]# docker ps 
CONTAINER ID        IMAGE               COMMAND              CREATED             STATUS              PORTS                  NAMES
d723849aa8ff        httpd               "httpd-foreground"   33 minutes ago      Up 33 minutes       0.0.0.0:3300->80/tcp   website1
[root@server1 image1]# docker rm b4046e1fd21b
b4046e1fd21b
[root@server1 image1]# docker rm 06deb1cc2204 
06deb1cc2204
[root@server1 image1]# docker rm 84290473ce5d
84290473ce5d
[root@server1 image1]# docker rm c07a40b46b59 
c07a40b46b59
[root@server1 image1]# docker rm 2c63ec3133ce
2c63ec3133ce
[root@server1 image1]# docker rm d723849aa8ff
Error response from daemon: You cannot remove a running container d723849aa8ff6b139142b6b1867a9d3bae760ce2954ecb08102a5b638998c83a. Stop the container before attempting removal or use -f
[root@server1 image1]# docker rm 36fc66e3a67a 
36fc66e3a67a
[root@server1 image1]# docker ps -a 
CONTAINER ID        IMAGE               COMMAND              CREATED             STATUS              PORTS                  NAMES
d723849aa8ff        httpd               "httpd-foreground"   36 minutes ago      Up 36 minutes       0.0.0.0:3300->80/tcp   website1
[root@server1 image1]# docker rm d723849aa8ff 
Error response from daemon: You cannot remove a running container d723849aa8ff6b139142b6b1867a9d3bae760ce2954ecb08102a5b638998c83a. Stop the container before attempting removal or use -f
[root@server1 image1]# vi file1 
[root@server1 image1]# ls
Dockerfile  file1
[root@server1 image1]# vi file1.c
[root@server1 image1]# ls
Dockerfile  file1  file1.c
[root@server1 image1]# cd ..
[root@server1 /]# ls /image1/
Dockerfile  file1  file1.c
[root@server1 /]# ls /website1/
Dockerfile  file1  file.c  index.html
[root@server1 /]# cp /website1/file1.c /image1/
cp: cannot stat ‘/website1/file1.c’: No such file or directory
[root@server1 /]# cp /website1/file.c /image1/
[root@server1 /]# cd /image1/
[root@server1 image1]# docker rmi hello-world
Untagged: hello-world:latest
Deleted: sha256:3f19064d68d180f863f632e763152b352fc4eb8ecc8610c8be46c245de4adeac
Deleted: sha256:61d13c6f320f75fcd6a3bd333c0d27f79926ba32f04ff61a758fac9761a06a40
Deleted: sha256:1cfa4535ab9785a3fae0ba124b4d6bfef34a273a7422394872d1fcd5916960ae
Deleted: sha256:ed540252f38525d20ccad3cc6080c9c01f090de7a86065381fc68000e62316af
Deleted: sha256:713fe557eab188acc62b684952428d6aee69a9ad505e7459cdb9b380d8af5176
Deleted: sha256:a7858a845c3ce9b0c296701e7bd8a5d52cb06c10b3d4bc8324ea626434ea2c7b
Deleted: sha256:f4737f0c88ca62bc7a98fba4eca32f015cd0a1d27d7b9369d1ce8e171453f690
Deleted: sha256:a4c1bd491413ea9ebd215ffce26c71d8c7621550c451576b9dfff915198b559a
Deleted: sha256:6c28271519ff5840b5bcaf6c6ea6c65acb4dd969344966c99e6de2ebbc7c70d5
[root@server1 image1]# docker build -t hello-world . 
Sending build context to Docker daemon  12.8 kB
Step 1/6 : FROM ubuntu
 ---> 2ca708c1c9cc
Step 2/6 : RUN apt update -y && apt upgrade -y
 ---> Running in 804962c8c7bb


WARNING: apt does not have a stable CLI interface. Use with caution in scripts.

Get:1 http://archive.ubuntu.com/ubuntu bionic InRelease [242 kB]
Get:2 http://security.ubuntu.com/ubuntu bionic-security InRelease [88.7 kB]
Get:3 http://archive.ubuntu.com/ubuntu bionic-updates InRelease [88.7 kB]
Get:4 http://security.ubuntu.com/ubuntu bionic-security/universe amd64 Packages [769 kB]
Get:5 http://archive.ubuntu.com/ubuntu bionic-backports InRelease [74.6 kB]
Get:6 http://archive.ubuntu.com/ubuntu bionic/main amd64 Packages [1344 kB]
Get:7 http://security.ubuntu.com/ubuntu bionic-security/multiverse amd64 Packages [5230 B]
Get:8 http://security.ubuntu.com/ubuntu bionic-security/restricted amd64 Packages [9585 B]
Get:9 http://archive.ubuntu.com/ubuntu bionic/restricted amd64 Packages [13.5 kB]
Get:10 http://security.ubuntu.com/ubuntu bionic-security/main amd64 Packages [662 kB]
Get:11 http://archive.ubuntu.com/ubuntu bionic/multiverse amd64 Packages [186 kB]
Get:12 http://archive.ubuntu.com/ubuntu bionic/universe amd64 Packages [11.3 MB]
Get:13 http://archive.ubuntu.com/ubuntu bionic-updates/universe amd64 Packages [1288 kB]
Get:14 http://archive.ubuntu.com/ubuntu bionic-updates/main amd64 Packages [960 kB]
Get:15 http://archive.ubuntu.com/ubuntu bionic-updates/multiverse amd64 Packages [8284 B]
Get:16 http://archive.ubuntu.com/ubuntu bionic-updates/restricted amd64 Packages [20.3 kB]
Get:17 http://archive.ubuntu.com/ubuntu bionic-backports/universe amd64 Packages [4227 B]
Get:18 http://archive.ubuntu.com/ubuntu bionic-backports/main amd64 Packages [2496 B]
Fetched 17.1 MB in 45s (381 kB/s)
Reading package lists...
Building dependency tree...
Reading state information...
All packages are up to date.

WARNING: apt does not have a stable CLI interface. Use with caution in scripts.

Reading package lists...
Building dependency tree...
Reading state information...
Calculating upgrade...
0 upgraded, 0 newly installed, 0 to remove and 0 not upgraded.
 ---> a140eba4fac4
Removing intermediate container 804962c8c7bb
Step 3/6 : RUN apt install gcc -y
 ---> Running in 08783a10db53


WARNING: apt does not have a stable CLI interface. Use with caution in scripts.

Reading package lists...
Building dependency tree...
Reading state information...
The following additional packages will be installed:
  binutils binutils-common binutils-x86-64-linux-gnu cpp cpp-7 gcc-7
  gcc-7-base libasan4 libatomic1 libbinutils libc-dev-bin libc6-dev libcc1-0
  libcilkrts5 libgcc-7-dev libgomp1 libisl19 libitm1 liblsan0 libmpc3 libmpfr6
  libmpx2 libquadmath0 libtsan0 libubsan0 linux-libc-dev manpages manpages-dev
Suggested packages:
  binutils-doc cpp-doc gcc-7-locales gcc-multilib make autoconf automake
  libtool flex bison gdb gcc-doc gcc-7-multilib gcc-7-doc libgcc1-dbg
  libgomp1-dbg libitm1-dbg libatomic1-dbg libasan4-dbg liblsan0-dbg
  libtsan0-dbg libubsan0-dbg libcilkrts5-dbg libmpx2-dbg libquadmath0-dbg
  glibc-doc man-browser
The following NEW packages will be installed:
  binutils binutils-common binutils-x86-64-linux-gnu cpp cpp-7 gcc gcc-7
  gcc-7-base libasan4 libatomic1 libbinutils libc-dev-bin libc6-dev libcc1-0
  libcilkrts5 libgcc-7-dev libgomp1 libisl19 libitm1 liblsan0 libmpc3 libmpfr6
  libmpx2 libquadmath0 libtsan0 libubsan0 linux-libc-dev manpages manpages-dev
0 upgraded, 29 newly installed, 0 to remove and 0 not upgraded.
Need to get 28.5 MB of archives.
After this operation, 118 MB of additional disk space will be used.
Get:1 http://archive.ubuntu.com/ubuntu bionic/main amd64 manpages all 4.15-1 [1234 kB]
Get:2 http://archive.ubuntu.com/ubuntu bionic-updates/main amd64 binutils-common amd64 2.30-21ubuntu1~18.04.2 [193 kB]
Get:3 http://archive.ubuntu.com/ubuntu bionic-updates/main amd64 libbinutils amd64 2.30-21ubuntu1~18.04.2 [503 kB]
Get:4 http://archive.ubuntu.com/ubuntu bionic-updates/main amd64 binutils-x86-64-linux-gnu amd64 2.30-21ubuntu1~18.04.2 [1856 kB]
Get:5 http://archive.ubuntu.com/ubuntu bionic-updates/main amd64 binutils amd64 2.30-21ubuntu1~18.04.2 [3396 B]
Get:6 http://archive.ubuntu.com/ubuntu bionic-updates/main amd64 gcc-7-base amd64 7.4.0-1ubuntu1~18.04.1 [18.9 kB]
Get:7 http://archive.ubuntu.com/ubuntu bionic/main amd64 libisl19 amd64 0.19-1 [551 kB]
Get:8 http://archive.ubuntu.com/ubuntu bionic/main amd64 libmpfr6 amd64 4.0.1-1 [243 kB]
Get:9 http://archive.ubuntu.com/ubuntu bionic/main amd64 libmpc3 amd64 1.1.0-1 [40.8 kB]
Get:10 http://archive.ubuntu.com/ubuntu bionic-updates/main amd64 cpp-7 amd64 7.4.0-1ubuntu1~18.04.1 [6742 kB]
Get:11 http://archive.ubuntu.com/ubuntu bionic-updates/main amd64 cpp amd64 4:7.4.0-1ubuntu2.3 [27.7 kB]
Get:12 http://archive.ubuntu.com/ubuntu bionic-updates/main amd64 libcc1-0 amd64 8.3.0-6ubuntu1~18.04.1 [47.4 kB]
Get:13 http://archive.ubuntu.com/ubuntu bionic-updates/main amd64 libgomp1 amd64 8.3.0-6ubuntu1~18.04.1 [76.4 kB]
Get:14 http://archive.ubuntu.com/ubuntu bionic-updates/main amd64 libitm1 amd64 8.3.0-6ubuntu1~18.04.1 [28.0 kB]
Get:15 http://archive.ubuntu.com/ubuntu bionic-updates/main amd64 libatomic1 amd64 8.3.0-6ubuntu1~18.04.1 [9184 B]
Get:16 http://archive.ubuntu.com/ubuntu bionic-updates/main amd64 libasan4 amd64 7.4.0-1ubuntu1~18.04.1 [359 kB]
Get:17 http://archive.ubuntu.com/ubuntu bionic-updates/main amd64 liblsan0 amd64 8.3.0-6ubuntu1~18.04.1 [133 kB]
Get:18 http://archive.ubuntu.com/ubuntu bionic-updates/main amd64 libtsan0 amd64 8.3.0-6ubuntu1~18.04.1 [288 kB]
Get:19 http://archive.ubuntu.com/ubuntu bionic-updates/main amd64 libubsan0 amd64 7.4.0-1ubuntu1~18.04.1 [126 kB]
Get:20 http://archive.ubuntu.com/ubuntu bionic-updates/main amd64 libcilkrts5 amd64 7.4.0-1ubuntu1~18.04.1 [42.5 kB]
Get:21 http://archive.ubuntu.com/ubuntu bionic-updates/main amd64 libmpx2 amd64 8.3.0-6ubuntu1~18.04.1 [11.6 kB]
Get:22 http://archive.ubuntu.com/ubuntu bionic-updates/main amd64 libquadmath0 amd64 8.3.0-6ubuntu1~18.04.1 [133 kB]
Get:23 http://archive.ubuntu.com/ubuntu bionic-updates/main amd64 libgcc-7-dev amd64 7.4.0-1ubuntu1~18.04.1 [2381 kB]
Get:24 http://archive.ubuntu.com/ubuntu bionic-updates/main amd64 gcc-7 amd64 7.4.0-1ubuntu1~18.04.1 [7463 kB]
Get:25 http://archive.ubuntu.com/ubuntu bionic-updates/main amd64 gcc amd64 4:7.4.0-1ubuntu2.3 [5184 B]
Get:26 http://archive.ubuntu.com/ubuntu bionic/main amd64 libc-dev-bin amd64 2.27-3ubuntu1 [71.8 kB]
Get:27 http://archive.ubuntu.com/ubuntu bionic-updates/main amd64 linux-libc-dev amd64 4.15.0-64.73 [1123 kB]
Get:28 http://archive.ubuntu.com/ubuntu bionic/main amd64 libc6-dev amd64 2.27-3ubuntu1 [2587 kB]
Get:29 http://archive.ubuntu.com/ubuntu bionic/main amd64 manpages-dev all 4.15-1 [2217 kB]
debconf: delaying package configuration, since apt-utils is not installed
Fetched 28.5 MB in 1min 31s (315 kB/s)
Selecting previously unselected package manpages.
(Reading database ... 4046 files and directories currently installed.)
Preparing to unpack .../00-manpages_4.15-1_all.deb ...
Unpacking manpages (4.15-1) ...
Selecting previously unselected package binutils-common:amd64.
Preparing to unpack .../01-binutils-common_2.30-21ubuntu1~18.04.2_amd64.deb ...
Unpacking binutils-common:amd64 (2.30-21ubuntu1~18.04.2) ...
Selecting previously unselected package libbinutils:amd64.
Preparing to unpack .../02-libbinutils_2.30-21ubuntu1~18.04.2_amd64.deb ...
Unpacking libbinutils:amd64 (2.30-21ubuntu1~18.04.2) ...
Selecting previously unselected package binutils-x86-64-linux-gnu.
Preparing to unpack .../03-binutils-x86-64-linux-gnu_2.30-21ubuntu1~18.04.2_amd64.deb ...
Unpacking binutils-x86-64-linux-gnu (2.30-21ubuntu1~18.04.2) ...
Selecting previously unselected package binutils.
Preparing to unpack .../04-binutils_2.30-21ubuntu1~18.04.2_amd64.deb ...
Unpacking binutils (2.30-21ubuntu1~18.04.2) ...
Selecting previously unselected package gcc-7-base:amd64.
Preparing to unpack .../05-gcc-7-base_7.4.0-1ubuntu1~18.04.1_amd64.deb ...
Unpacking gcc-7-base:amd64 (7.4.0-1ubuntu1~18.04.1) ...
Selecting previously unselected package libisl19:amd64.
Preparing to unpack .../06-libisl19_0.19-1_amd64.deb ...
Unpacking libisl19:amd64 (0.19-1) ...
Selecting previously unselected package libmpfr6:amd64.
Preparing to unpack .../07-libmpfr6_4.0.1-1_amd64.deb ...
Unpacking libmpfr6:amd64 (4.0.1-1) ...
Selecting previously unselected package libmpc3:amd64.
Preparing to unpack .../08-libmpc3_1.1.0-1_amd64.deb ...
Unpacking libmpc3:amd64 (1.1.0-1) ...
Selecting previously unselected package cpp-7.
Preparing to unpack .../09-cpp-7_7.4.0-1ubuntu1~18.04.1_amd64.deb ...
Unpacking cpp-7 (7.4.0-1ubuntu1~18.04.1) ...
Selecting previously unselected package cpp.
Preparing to unpack .../10-cpp_4%3a7.4.0-1ubuntu2.3_amd64.deb ...
Unpacking cpp (4:7.4.0-1ubuntu2.3) ...
Selecting previously unselected package libcc1-0:amd64.
Preparing to unpack .../11-libcc1-0_8.3.0-6ubuntu1~18.04.1_amd64.deb ...
Unpacking libcc1-0:amd64 (8.3.0-6ubuntu1~18.04.1) ...
Selecting previously unselected package libgomp1:amd64.
Preparing to unpack .../12-libgomp1_8.3.0-6ubuntu1~18.04.1_amd64.deb ...
Unpacking libgomp1:amd64 (8.3.0-6ubuntu1~18.04.1) ...
Selecting previously unselected package libitm1:amd64.
Preparing to unpack .../13-libitm1_8.3.0-6ubuntu1~18.04.1_amd64.deb ...
Unpacking libitm1:amd64 (8.3.0-6ubuntu1~18.04.1) ...
Selecting previously unselected package libatomic1:amd64.
Preparing to unpack .../14-libatomic1_8.3.0-6ubuntu1~18.04.1_amd64.deb ...
Unpacking libatomic1:amd64 (8.3.0-6ubuntu1~18.04.1) ...
Selecting previously unselected package libasan4:amd64.
Preparing to unpack .../15-libasan4_7.4.0-1ubuntu1~18.04.1_amd64.deb ...
Unpacking libasan4:amd64 (7.4.0-1ubuntu1~18.04.1) ...
Selecting previously unselected package liblsan0:amd64.
Preparing to unpack .../16-liblsan0_8.3.0-6ubuntu1~18.04.1_amd64.deb ...
Unpacking liblsan0:amd64 (8.3.0-6ubuntu1~18.04.1) ...
Selecting previously unselected package libtsan0:amd64.
Preparing to unpack .../17-libtsan0_8.3.0-6ubuntu1~18.04.1_amd64.deb ...
Unpacking libtsan0:amd64 (8.3.0-6ubuntu1~18.04.1) ...
Selecting previously unselected package libubsan0:amd64.
Preparing to unpack .../18-libubsan0_7.4.0-1ubuntu1~18.04.1_amd64.deb ...
Unpacking libubsan0:amd64 (7.4.0-1ubuntu1~18.04.1) ...
Selecting previously unselected package libcilkrts5:amd64.
Preparing to unpack .../19-libcilkrts5_7.4.0-1ubuntu1~18.04.1_amd64.deb ...
Unpacking libcilkrts5:amd64 (7.4.0-1ubuntu1~18.04.1) ...
Selecting previously unselected package libmpx2:amd64.
Preparing to unpack .../20-libmpx2_8.3.0-6ubuntu1~18.04.1_amd64.deb ...
Unpacking libmpx2:amd64 (8.3.0-6ubuntu1~18.04.1) ...
Selecting previously unselected package libquadmath0:amd64.
Preparing to unpack .../21-libquadmath0_8.3.0-6ubuntu1~18.04.1_amd64.deb ...
Unpacking libquadmath0:amd64 (8.3.0-6ubuntu1~18.04.1) ...
Selecting previously unselected package libgcc-7-dev:amd64.
Preparing to unpack .../22-libgcc-7-dev_7.4.0-1ubuntu1~18.04.1_amd64.deb ...
Unpacking libgcc-7-dev:amd64 (7.4.0-1ubuntu1~18.04.1) ...
Selecting previously unselected package gcc-7.
Preparing to unpack .../23-gcc-7_7.4.0-1ubuntu1~18.04.1_amd64.deb ...
Unpacking gcc-7 (7.4.0-1ubuntu1~18.04.1) ...
Selecting previously unselected package gcc.
Preparing to unpack .../24-gcc_4%3a7.4.0-1ubuntu2.3_amd64.deb ...
Unpacking gcc (4:7.4.0-1ubuntu2.3) ...
Selecting previously unselected package libc-dev-bin.
Preparing to unpack .../25-libc-dev-bin_2.27-3ubuntu1_amd64.deb ...
Unpacking libc-dev-bin (2.27-3ubuntu1) ...
Selecting previously unselected package linux-libc-dev:amd64.
Preparing to unpack .../26-linux-libc-dev_4.15.0-64.73_amd64.deb ...
Unpacking linux-libc-dev:amd64 (4.15.0-64.73) ...
Selecting previously unselected package libc6-dev:amd64.
Preparing to unpack .../27-libc6-dev_2.27-3ubuntu1_amd64.deb ...
Unpacking libc6-dev:amd64 (2.27-3ubuntu1) ...
Selecting previously unselected package manpages-dev.
Preparing to unpack .../28-manpages-dev_4.15-1_all.deb ...
Unpacking manpages-dev (4.15-1) ...
Setting up libquadmath0:amd64 (8.3.0-6ubuntu1~18.04.1) ...
Setting up libgomp1:amd64 (8.3.0-6ubuntu1~18.04.1) ...
Setting up libatomic1:amd64 (8.3.0-6ubuntu1~18.04.1) ...
Setting up manpages (4.15-1) ...
Setting up libcc1-0:amd64 (8.3.0-6ubuntu1~18.04.1) ...
Setting up libtsan0:amd64 (8.3.0-6ubuntu1~18.04.1) ...
Setting up linux-libc-dev:amd64 (4.15.0-64.73) ...
Setting up libmpfr6:amd64 (4.0.1-1) ...
Setting up liblsan0:amd64 (8.3.0-6ubuntu1~18.04.1) ...
Setting up gcc-7-base:amd64 (7.4.0-1ubuntu1~18.04.1) ...
Setting up binutils-common:amd64 (2.30-21ubuntu1~18.04.2) ...
Setting up libmpx2:amd64 (8.3.0-6ubuntu1~18.04.1) ...
Setting up libmpc3:amd64 (1.1.0-1) ...
Setting up libc-dev-bin (2.27-3ubuntu1) ...
Setting up manpages-dev (4.15-1) ...
Setting up libc6-dev:amd64 (2.27-3ubuntu1) ...
Setting up libitm1:amd64 (8.3.0-6ubuntu1~18.04.1) ...
Setting up libisl19:amd64 (0.19-1) ...
Setting up libasan4:amd64 (7.4.0-1ubuntu1~18.04.1) ...
Setting up libbinutils:amd64 (2.30-21ubuntu1~18.04.2) ...
Setting up libcilkrts5:amd64 (7.4.0-1ubuntu1~18.04.1) ...
Setting up libubsan0:amd64 (7.4.0-1ubuntu1~18.04.1) ...
Setting up libgcc-7-dev:amd64 (7.4.0-1ubuntu1~18.04.1) ...
Setting up cpp-7 (7.4.0-1ubuntu1~18.04.1) ...
Setting up binutils-x86-64-linux-gnu (2.30-21ubuntu1~18.04.2) ...
Setting up cpp (4:7.4.0-1ubuntu2.3) ...
Setting up binutils (2.30-21ubuntu1~18.04.2) ...
Setting up gcc-7 (7.4.0-1ubuntu1~18.04.1) ...
Setting up gcc (4:7.4.0-1ubuntu2.3) ...
Processing triggers for libc-bin (2.27-3ubuntu1) ...
 ---> 92620fece3e8
Removing intermediate container 08783a10db53
Step 4/6 : RUN mkdir /myapp
 ---> Running in 997f7bce574a

 ---> 5c9c917ca240
Removing intermediate container 997f7bce574a
Step 5/6 : COPY file1 /myapp/
 ---> 790c42ebfee7
Removing intermediate container 5df2c20568c3
Step 6/6 : CMD /myapp/file1
 ---> Running in 7c3fdf3a0e29
 ---> 86c634561eaf
Removing intermediate container 7c3fdf3a0e29
Successfully built 86c634561eaf
[root@server1 image1]# docker run --name c1 -t hello-world
hi...[root@server1 image1]# vi file.c 
[root@server1 image1]# gcc -o file1 file.c 
[root@server1 image1]# ./file1 
helllllll0000!!!![root@server1 image1]# docker build -t hello-world:n2 .
Sending build context to Docker daemon  12.8 kB
Step 1/6 : FROM ubuntu
 ---> 2ca708c1c9cc
Step 2/6 : RUN apt update -y && apt upgrade -y
 ---> Using cache
 ---> a140eba4fac4
Step 3/6 : RUN apt install gcc -y
 ---> Using cache
 ---> 92620fece3e8
Step 4/6 : RUN mkdir /myapp
 ---> Using cache
 ---> 5c9c917ca240
Step 5/6 : COPY file1 /myapp/
 ---> cba224363fb1
Removing intermediate container 76b934332159
Step 6/6 : CMD /myapp/file1
 ---> Running in 523ecd52b5e2
 ---> f818b06c8867
Removing intermediate container 523ecd52b5e2
Successfully built f818b06c8867
[root@server1 image1]# docker run --name c2 -t hello-world:n2
helllllll0000!!!![root@server1 image1]# docker ps
CONTAINER ID        IMAGE               COMMAND              CREATED             STATUS              PORTS                  NAMES
d723849aa8ff        httpd               "httpd-foreground"   47 minutes ago      Up 47 minutes       0.0.0.0:3300->80/tcp   website1
[root@server1 image1]# docker run --name c10 -ti ubuntu
root@a9ec13616a4b:/# apt update -y
Get:1 http://security.ubuntu.com/ubuntu bionic-security InRelease [88.7 kB]
Get:2 http://archive.ubuntu.com/ubuntu bionic InRelease [242 kB]
Get:3 http://security.ubuntu.com/ubuntu bionic-security/restricted amd64 Packages [9585 B]     
Get:4 http://archive.ubuntu.com/ubuntu bionic-updates InRelease [88.7 kB]                      
Get:5 http://security.ubuntu.com/ubuntu bionic-security/universe amd64 Packages [769 kB]       
Get:6 http://archive.ubuntu.com/ubuntu bionic-backports InRelease [74.6 kB]                    
Get:7 http://archive.ubuntu.com/ubuntu bionic/main amd64 Packages [1344 kB]                    
Get:8 http://security.ubuntu.com/ubuntu bionic-security/multiverse amd64 Packages [5230 B]     
Get:9 http://security.ubuntu.com/ubuntu bionic-security/main amd64 Packages [662 kB]           
Get:10 http://archive.ubuntu.com/ubuntu bionic/multiverse amd64 Packages [186 kB]      
Get:11 http://archive.ubuntu.com/ubuntu bionic/universe amd64 Packages [11.3 MB]               
Get:12 http://archive.ubuntu.com/ubuntu bionic/restricted amd64 Packages [13.5 kB]             
Get:13 http://archive.ubuntu.com/ubuntu bionic-updates/restricted amd64 Packages [20.3 kB]     
Get:14 http://archive.ubuntu.com/ubuntu bionic-updates/universe amd64 Packages [1288 kB]       
Get:15 http://archive.ubuntu.com/ubuntu bionic-updates/multiverse amd64 Packages [8284 B]      
Get:16 http://archive.ubuntu.com/ubuntu bionic-updates/main amd64 Packages [960 kB]            
Get:17 http://archive.ubuntu.com/ubuntu bionic-backports/universe amd64 Packages [4227 B]      
Get:18 http://archive.ubuntu.com/ubuntu bionic-backports/main amd64 Packages [2496 B]          
Fetched 17.1 MB in 40s (426 kB/s)                                                              
Reading package lists... Done
Building dependency tree       
Reading state information... Done
All packages are up to date.
root@a9ec13616a4b:/# apt upgrade -y
Reading package lists... Done
Building dependency tree       
Reading state information... Done
Calculating upgrade... Done
0 upgraded, 0 newly installed, 0 to remove and 0 not upgraded.
root@a9ec13616a4b:/# apt install default-jdk 
Reading package lists... Done
Building dependency tree       
Reading state information... Done
The following additional packages will be installed:
  at-spi2-core ca-certificates ca-certificates-java dbus default-jdk-headless default-jre
  default-jre-headless fontconfig-config fonts-dejavu-core fonts-dejavu-extra java-common
  krb5-locales libapparmor1 libasound2 libasound2-data libatk-bridge2.0-0 libatk-wrapper-java
  libatk-wrapper-java-jni libatk1.0-0 libatk1.0-data libatspi2.0-0 libavahi-client3
  libavahi-common-data libavahi-common3 libbsd0 libcups2 libdbus-1-3 libdrm-amdgpu1
  libdrm-common libdrm-intel1 libdrm-nouveau2 libdrm-radeon1 libdrm2 libedit2 libelf1
  libexpat1 libfontconfig1 libfontenc1 libfreetype6 libgif7 libgl1 libgl1-mesa-dri
  libglapi-mesa libglib2.0-0 libglib2.0-data libglvnd0 libglx-mesa0 libglx0 libgssapi-krb5-2
  libice-dev libice6 libicu60 libjpeg-turbo8 libjpeg8 libk5crypto3 libkeyutils1 libkrb5-3
  libkrb5support0 liblcms2-2 libllvm8 libnspr4 libnss3 libpciaccess0 libpcsclite1 libpng16-16
  libpthread-stubs0-dev libsensors4 libsm-dev libsm6 libsqlite3-0 libssl1.1 libx11-6
  libx11-data libx11-dev libx11-doc libx11-xcb1 libxau-dev libxau6 libxaw7 libxcb-dri2-0
  libxcb-dri3-0 libxcb-glx0 libxcb-present0 libxcb-shape0 libxcb-sync1 libxcb1 libxcb1-dev
  libxcomposite1 libxdamage1 libxdmcp-dev libxdmcp6 libxext6 libxfixes3 libxft2 libxi6
  libxinerama1 libxml2 libxmu6 libxmuu1 libxpm4 libxrandr2 libxrender1 libxshmfence1 libxt-dev
  libxt6 libxtst6 libxv1 libxxf86dga1 libxxf86vm1 multiarch-support openjdk-11-jdk
  openjdk-11-jdk-headless openjdk-11-jre openjdk-11-jre-headless openssl shared-mime-info ucf
  x11-common x11-utils x11proto-core-dev x11proto-dev xdg-user-dirs xorg-sgml-doctools
  xtrans-dev
Suggested packages:
  default-dbus-session-bus | dbus-session-bus libasound2-plugins alsa-utils cups-common
  krb5-doc krb5-user libice-doc liblcms2-utils pciutils pcscd lm-sensors libsm-doc libxcb-doc
  libxt-doc openjdk-11-demo openjdk-11-source visualvm libnss-mdns fonts-ipafont-gothic
  fonts-ipafont-mincho fonts-wqy-microhei | fonts-wqy-zenhei fonts-indic mesa-utils
The following NEW packages will be installed:
  at-spi2-core ca-certificates ca-certificates-java dbus default-jdk default-jdk-headless
  default-jre default-jre-headless fontconfig-config fonts-dejavu-core fonts-dejavu-extra
  java-common krb5-locales libapparmor1 libasound2 libasound2-data libatk-bridge2.0-0
  libatk-wrapper-java libatk-wrapper-java-jni libatk1.0-0 libatk1.0-data libatspi2.0-0
  libavahi-client3 libavahi-common-data libavahi-common3 libbsd0 libcups2 libdbus-1-3
  libdrm-amdgpu1 libdrm-common libdrm-intel1 libdrm-nouveau2 libdrm-radeon1 libdrm2 libedit2
  libelf1 libexpat1 libfontconfig1 libfontenc1 libfreetype6 libgif7 libgl1 libgl1-mesa-dri
  libglapi-mesa libglib2.0-0 libglib2.0-data libglvnd0 libglx-mesa0 libglx0 libgssapi-krb5-2
  libice-dev libice6 libicu60 libjpeg-turbo8 libjpeg8 libk5crypto3 libkeyutils1 libkrb5-3
  libkrb5support0 liblcms2-2 libllvm8 libnspr4 libnss3 libpciaccess0 libpcsclite1 libpng16-16
  libpthread-stubs0-dev libsensors4 libsm-dev libsm6 libsqlite3-0 libssl1.1 libx11-6
  libx11-data libx11-dev libx11-doc libx11-xcb1 libxau-dev libxau6 libxaw7 libxcb-dri2-0
  libxcb-dri3-0 libxcb-glx0 libxcb-present0 libxcb-shape0 libxcb-sync1 libxcb1 libxcb1-dev
  libxcomposite1 libxdamage1 libxdmcp-dev libxdmcp6 libxext6 libxfixes3 libxft2 libxi6
  libxinerama1 libxml2 libxmu6 libxmuu1 libxpm4 libxrandr2 libxrender1 libxshmfence1 libxt-dev
  libxt6 libxtst6 libxv1 libxxf86dga1 libxxf86vm1 multiarch-support openjdk-11-jdk
  openjdk-11-jdk-headless openjdk-11-jre openjdk-11-jre-headless openssl shared-mime-info ucf
  x11-common x11-utils x11proto-core-dev x11proto-dev xdg-user-dirs xorg-sgml-doctools
  xtrans-dev
0 upgraded, 125 newly installed, 0 to remove and 0 not upgraded.
Need to get 277 MB of archives.
After this operation, 692 MB of additional disk space will be used.
Do you want to continue? [Y/n] n
Abort.
root@a9ec13616a4b:/# apt-get install default-jdk 
Reading package lists... Done
Building dependency tree       
Reading state information... Done
The following additional packages will be installed:
  at-spi2-core ca-certificates ca-certificates-java dbus default-jdk-headless default-jre
  default-jre-headless fontconfig-config fonts-dejavu-core fonts-dejavu-extra java-common
  krb5-locales libapparmor1 libasound2 libasound2-data libatk-bridge2.0-0 libatk-wrapper-java
  libatk-wrapper-java-jni libatk1.0-0 libatk1.0-data libatspi2.0-0 libavahi-client3
  libavahi-common-data libavahi-common3 libbsd0 libcups2 libdbus-1-3 libdrm-amdgpu1
  libdrm-common libdrm-intel1 libdrm-nouveau2 libdrm-radeon1 libdrm2 libedit2 libelf1
  libexpat1 libfontconfig1 libfontenc1 libfreetype6 libgif7 libgl1 libgl1-mesa-dri
  libglapi-mesa libglib2.0-0 libglib2.0-data libglvnd0 libglx-mesa0 libglx0 libgssapi-krb5-2
  libice-dev libice6 libicu60 libjpeg-turbo8 libjpeg8 libk5crypto3 libkeyutils1 libkrb5-3
  libkrb5support0 liblcms2-2 libllvm8 libnspr4 libnss3 libpciaccess0 libpcsclite1 libpng16-16
  libpthread-stubs0-dev libsensors4 libsm-dev libsm6 libsqlite3-0 libssl1.1 libx11-6
  libx11-data libx11-dev libx11-doc libx11-xcb1 libxau-dev libxau6 libxaw7 libxcb-dri2-0
  libxcb-dri3-0 libxcb-glx0 libxcb-present0 libxcb-shape0 libxcb-sync1 libxcb1 libxcb1-dev
  libxcomposite1 libxdamage1 libxdmcp-dev libxdmcp6 libxext6 libxfixes3 libxft2 libxi6
  libxinerama1 libxml2 libxmu6 libxmuu1 libxpm4 libxrandr2 libxrender1 libxshmfence1 libxt-dev
  libxt6 libxtst6 libxv1 libxxf86dga1 libxxf86vm1 multiarch-support openjdk-11-jdk
  openjdk-11-jdk-headless openjdk-11-jre openjdk-11-jre-headless openssl shared-mime-info ucf
  x11-common x11-utils x11proto-core-dev x11proto-dev xdg-user-dirs xorg-sgml-doctools
  xtrans-dev
Suggested packages:
  default-dbus-session-bus | dbus-session-bus libasound2-plugins alsa-utils cups-common
  krb5-doc krb5-user libice-doc liblcms2-utils pciutils pcscd lm-sensors libsm-doc libxcb-doc
  libxt-doc openjdk-11-demo openjdk-11-source visualvm libnss-mdns fonts-ipafont-gothic
  fonts-ipafont-mincho fonts-wqy-microhei | fonts-wqy-zenhei fonts-indic mesa-utils
The following NEW packages will be installed:
  at-spi2-core ca-certificates ca-certificates-java dbus default-jdk default-jdk-headless
  default-jre default-jre-headless fontconfig-config fonts-dejavu-core fonts-dejavu-extra
  java-common krb5-locales libapparmor1 libasound2 libasound2-data libatk-bridge2.0-0
  libatk-wrapper-java libatk-wrapper-java-jni libatk1.0-0 libatk1.0-data libatspi2.0-0
  libavahi-client3 libavahi-common-data libavahi-common3 libbsd0 libcups2 libdbus-1-3
  libdrm-amdgpu1 libdrm-common libdrm-intel1 libdrm-nouveau2 libdrm-radeon1 libdrm2 libedit2
  libelf1 libexpat1 libfontconfig1 libfontenc1 libfreetype6 libgif7 libgl1 libgl1-mesa-dri
  libglapi-mesa libglib2.0-0 libglib2.0-data libglvnd0 libglx-mesa0 libglx0 libgssapi-krb5-2
  libice-dev libice6 libicu60 libjpeg-turbo8 libjpeg8 libk5crypto3 libkeyutils1 libkrb5-3
  libkrb5support0 liblcms2-2 libllvm8 libnspr4 libnss3 libpciaccess0 libpcsclite1 libpng16-16
  libpthread-stubs0-dev libsensors4 libsm-dev libsm6 libsqlite3-0 libssl1.1 libx11-6
  libx11-data libx11-dev libx11-doc libx11-xcb1 libxau-dev libxau6 libxaw7 libxcb-dri2-0
  libxcb-dri3-0 libxcb-glx0 libxcb-present0 libxcb-shape0 libxcb-sync1 libxcb1 libxcb1-dev
  libxcomposite1 libxdamage1 libxdmcp-dev libxdmcp6 libxext6 libxfixes3 libxft2 libxi6
  libxinerama1 libxml2 libxmu6 libxmuu1 libxpm4 libxrandr2 libxrender1 libxshmfence1 libxt-dev
  libxt6 libxtst6 libxv1 libxxf86dga1 libxxf86vm1 multiarch-support openjdk-11-jdk
  openjdk-11-jdk-headless openjdk-11-jre openjdk-11-jre-headless openssl shared-mime-info ucf
  x11-common x11-utils x11proto-core-dev x11proto-dev xdg-user-dirs xorg-sgml-doctools
  xtrans-dev
0 upgraded, 125 newly installed, 0 to remove and 0 not upgraded.
Need to get 277 MB of archives.
After this operation, 692 MB of additional disk space will be used.
Do you want to continue? [Y/n] y
Get:1 http://archive.ubuntu.com/ubuntu bionic/main amd64 multiarch-support amd64 2.27-3ubuntu1 [6916 B]
Get:2 http://archive.ubuntu.com/ubuntu bionic/main amd64 libxau6 amd64 1:1.0.8-1 [8376 B]
Get:3 http://archive.ubuntu.com/ubuntu bionic/main amd64 libbsd0 amd64 0.8.7-1 [41.5 kB]
Get:4 http://archive.ubuntu.com/ubuntu bionic/main amd64 libxdmcp6 amd64 1:1.1.2-3 [10.7 kB]   
Get:5 http://archive.ubuntu.com/ubuntu bionic-updates/main amd64 libxcb1 amd64 1.13-2~ubuntu18.04 [45.5 kB]
Get:6 http://archive.ubuntu.com/ubuntu bionic-updates/main amd64 libx11-data all 2:1.6.4-3ubuntu0.2 [113 kB]
Get:7 http://archive.ubuntu.com/ubuntu bionic-updates/main amd64 libx11-6 amd64 2:1.6.4-3ubuntu0.2 [569 kB]
Get:8 http://archive.ubuntu.com/ubuntu bionic/main amd64 libxext6 amd64 2:1.3.3-1 [29.4 kB]    
Get:9 http://archive.ubuntu.com/ubuntu bionic-updates/main amd64 libjpeg-turbo8 amd64 1.5.2-0ubuntu5.18.04.1 [110 kB]
Get:10 http://archive.ubuntu.com/ubuntu bionic-updates/main amd64 x11-common all 1:7.7+19ubuntu7.1 [22.5 kB]
Get:11 http://archive.ubuntu.com/ubuntu bionic/main amd64 libice6 amd64 2:1.0.9-2 [40.2 kB]    
Get:12 http://archive.ubuntu.com/ubuntu bionic/main amd64 libsm6 amd64 2:1.2.2-1 [15.8 kB]     
Get:13 http://archive.ubuntu.com/ubuntu bionic-updates/main amd64 libexpat1 amd64 2.2.5-3ubuntu0.2 [80.5 kB]
Get:14 http://archive.ubuntu.com/ubuntu bionic-updates/main amd64 libpng16-16 amd64 1.6.34-1ubuntu0.18.04.2 [176 kB]
Get:15 http://archive.ubuntu.com/ubuntu bionic/main amd64 libfreetype6 amd64 2.8.1-2ubuntu2 [335 kB]
Get:16 http://archive.ubuntu.com/ubuntu bionic/main amd64 ucf all 3.0038 [50.5 kB]             
Get:17 http://archive.ubuntu.com/ubuntu bionic/main amd64 fonts-dejavu-core all 2.37-1 [1041 kB]
Get:18 http://archive.ubuntu.com/ubuntu bionic/main amd64 fontconfig-config all 2.12.6-0ubuntu2 [55.8 kB]
Get:19 http://archive.ubuntu.com/ubuntu bionic/main amd64 libfontconfig1 amd64 2.12.6-0ubuntu2 [137 kB]
Get:20 http://archive.ubuntu.com/ubuntu bionic/main amd64 libxrender1 amd64 1:0.9.10-1 [18.7 kB]
Get:21 http://archive.ubuntu.com/ubuntu bionic/main amd64 libxft2 amd64 2.3.2-1 [36.1 kB]      
Get:22 http://archive.ubuntu.com/ubuntu bionic/main amd64 libxinerama1 amd64 2:1.1.3-1 [7908 B]
Get:23 http://archive.ubuntu.com/ubuntu bionic/main amd64 libxxf86dga1 amd64 2:1.1.4-1 [13.7 kB]
Get:24 http://archive.ubuntu.com/ubuntu bionic/main amd64 libxxf86vm1 amd64 1:1.1.4-1 [10.6 kB]
Get:25 http://archive.ubuntu.com/ubuntu bionic-updates/main amd64 libssl1.1 amd64 1.1.1-1ubuntu2.1~18.04.4 [1300 kB]
Get:26 http://archive.ubuntu.com/ubuntu bionic-updates/main amd64 openssl amd64 1.1.1-1ubuntu2.1~18.04.4 [613 kB]
Get:27 http://archive.ubuntu.com/ubuntu bionic/main amd64 ca-certificates all 20180409 [151 kB]
Get:28 http://archive.ubuntu.com/ubuntu bionic-updates/main amd64 libapparmor1 amd64 2.12-4ubuntu5.1 [31.3 kB]
Get:29 http://archive.ubuntu.com/ubuntu bionic-updates/main amd64 libdbus-1-3 amd64 1.12.2-1ubuntu1.1 [175 kB]
Get:30 http://archive.ubuntu.com/ubuntu bionic-updates/main amd64 dbus amd64 1.12.2-1ubuntu1.1 [150 kB]
Get:31 http://archive.ubuntu.com/ubuntu bionic-updates/main amd64 libelf1 amd64 0.170-0.4ubuntu0.1 [44.8 kB]
Get:32 http://archive.ubuntu.com/ubuntu bionic-updates/main amd64 libglib2.0-0 amd64 2.56.4-0ubuntu0.18.04.4 [1169 kB]
Get:33 http://archive.ubuntu.com/ubuntu bionic-updates/main amd64 libglib2.0-data all 2.56.4-0ubuntu0.18.04.4 [4496 B]
Get:34 http://archive.ubuntu.com/ubuntu bionic/main amd64 libicu60 amd64 60.2-3ubuntu3 [8054 kB]
Get:35 http://archive.ubuntu.com/ubuntu bionic-updates/main amd64 libsqlite3-0 amd64 3.22.0-1ubuntu0.1 [497 kB]
Get:36 http://archive.ubuntu.com/ubuntu bionic-updates/main amd64 libxml2 amd64 2.9.4+dfsg1-6.1ubuntu1.2 [663 kB]
Get:37 http://archive.ubuntu.com/ubuntu bionic/main amd64 shared-mime-info amd64 1.9-2 [426 kB]
Get:38 http://archive.ubuntu.com/ubuntu bionic/main amd64 xdg-user-dirs amd64 0.17-1ubuntu1 [48.0 kB]
Get:39 http://archive.ubuntu.com/ubuntu bionic-updates/main amd64 krb5-locales all 1.16-2ubuntu0.1 [13.5 kB]
Get:40 http://archive.ubuntu.com/ubuntu bionic-updates/main amd64 libdrm-common all 2.4.97-1ubuntu1~18.04.1 [5216 B]
Get:41 http://archive.ubuntu.com/ubuntu bionic-updates/main amd64 libdrm2 amd64 2.4.97-1ubuntu1~18.04.1 [31.3 kB]
Get:42 http://archive.ubuntu.com/ubuntu bionic/main amd64 libedit2 amd64 3.1-20170329-1 [76.9 kB]
Get:43 http://archive.ubuntu.com/ubuntu bionic-updates/main amd64 libkrb5support0 amd64 1.16-2ubuntu0.1 [30.9 kB]
Get:44 http://archive.ubuntu.com/ubuntu bionic-updates/main amd64 libk5crypto3 amd64 1.16-2ubuntu0.1 [85.6 kB]
Get:45 http://archive.ubuntu.com/ubuntu bionic/main amd64 libkeyutils1 amd64 1.5.9-9.2ubuntu2 [8720 B]
Get:46 http://archive.ubuntu.com/ubuntu bionic-updates/main amd64 libkrb5-3 amd64 1.16-2ubuntu0.1 [279 kB]
Get:47 http://archive.ubuntu.com/ubuntu bionic-updates/main amd64 libgssapi-krb5-2 amd64 1.16-2ubuntu0.1 [122 kB]
Get:48 http://archive.ubuntu.com/ubuntu bionic/main amd64 libxmuu1 amd64 2:1.1.2-2 [9674 B]    
Get:49 http://archive.ubuntu.com/ubuntu bionic/main amd64 libatspi2.0-0 amd64 2.28.0-1 [59.6 kB]
Get:50 http://archive.ubuntu.com/ubuntu bionic/main amd64 libxtst6 amd64 2:1.2.3-1 [12.8 kB]   
Get:51 http://archive.ubuntu.com/ubuntu bionic/main amd64 at-spi2-core amd64 2.28.0-1 [47.9 kB]
Get:52 http://archive.ubuntu.com/ubuntu bionic-updates/main amd64 java-common all 0.68ubuntu1~18.04.1 [14.5 kB]
Get:53 http://archive.ubuntu.com/ubuntu bionic-updates/main amd64 libavahi-common-data amd64 0.7-3.1ubuntu1.2 [22.1 kB]
Get:54 http://archive.ubuntu.com/ubuntu bionic-updates/main amd64 libavahi-common3 amd64 0.7-3.1ubuntu1.2 [21.6 kB]
Get:55 http://archive.ubuntu.com/ubuntu bionic-updates/main amd64 libavahi-client3 amd64 0.7-3.1ubuntu1.2 [25.2 kB]
Get:56 http://archive.ubuntu.com/ubuntu bionic-updates/main amd64 libcups2 amd64 2.2.7-1ubuntu2.7 [211 kB]
Get:57 http://archive.ubuntu.com/ubuntu bionic-updates/main amd64 liblcms2-2 amd64 2.9-1ubuntu0.1 [139 kB]
Get:58 http://archive.ubuntu.com/ubuntu bionic/main amd64 libjpeg8 amd64 8c-2ubuntu8 [2194 B]  
Get:59 http://archive.ubuntu.com/ubuntu bionic/main amd64 libnspr4 amd64 2:4.18-1ubuntu1 [112 kB]
Get:60 http://archive.ubuntu.com/ubuntu bionic-updates/main amd64 libnss3 amd64 2:3.35-2ubuntu2.3 [1136 kB]
Get:61 http://archive.ubuntu.com/ubuntu bionic-updates/main amd64 libasound2-data all 1.1.3-5ubuntu0.2 [36.5 kB]
Get:62 http://archive.ubuntu.com/ubuntu bionic-updates/main amd64 libasound2 amd64 1.1.3-5ubuntu0.2 [359 kB]
Get:63 http://archive.ubuntu.com/ubuntu bionic/main amd64 libpcsclite1 amd64 1.8.23-1 [21.3 kB]
Get:64 http://archive.ubuntu.com/ubuntu bionic/main amd64 libxi6 amd64 2:1.7.9-1 [29.2 kB]     
Get:65 http://archive.ubuntu.com/ubuntu bionic-updates/main amd64 openjdk-11-jre-headless amd64 11.0.4+11-1ubuntu2~18.04.3 [37.4 MB]
Get:66 http://archive.ubuntu.com/ubuntu bionic-updates/main amd64 default-jre-headless amd64 2:1.11-68ubuntu1~18.04.1 [10.9 kB]
Get:67 http://archive.ubuntu.com/ubuntu bionic-updates/main amd64 ca-certificates-java all 20180516ubuntu1~18.04.1 [12.2 kB]
Get:68 http://archive.ubuntu.com/ubuntu bionic-updates/main amd64 libglvnd0 amd64 1.0.0-2ubuntu2.3 [47.0 kB]
Get:69 http://archive.ubuntu.com/ubuntu bionic-updates/main amd64 libglapi-mesa amd64 19.0.8-0ubuntu0~18.04.2 [25.2 kB]
Get:70 http://archive.ubuntu.com/ubuntu bionic-updates/main amd64 libx11-xcb1 amd64 2:1.6.4-3ubuntu0.2 [9376 B]
Get:71 http://archive.ubuntu.com/ubuntu bionic-updates/main amd64 libxcb-dri2-0 amd64 1.13-2~ubuntu18.04 [6920 B]
Get:72 http://archive.ubuntu.com/ubuntu bionic-updates/main amd64 libxcb-dri3-0 amd64 1.13-2~ubuntu18.04 [6568 B]
Get:73 http://archive.ubuntu.com/ubuntu bionic-updates/main amd64 libxcb-glx0 amd64 1.13-2~ubuntu18.04 [22.1 kB]
Get:74 http://archive.ubuntu.com/ubuntu bionic-updates/main amd64 libxcb-present0 amd64 1.13-2~ubuntu18.04 [5552 B]
Get:75 http://archive.ubuntu.com/ubuntu bionic-updates/main amd64 libxcb-sync1 amd64 1.13-2~ubuntu18.04 [8808 B]
Get:76 http://archive.ubuntu.com/ubuntu bionic/main amd64 libxdamage1 amd64 1:1.1.4-3 [6934 B] 
Get:77 http://archive.ubuntu.com/ubuntu bionic/main amd64 libxfixes3 amd64 1:5.0.3-1 [10.8 kB] 
Get:78 http://archive.ubuntu.com/ubuntu bionic/main amd64 libxshmfence1 amd64 1.3-1 [5028 B]   
Get:79 http://archive.ubuntu.com/ubuntu bionic-updates/main amd64 libdrm-amdgpu1 amd64 2.4.97-1ubuntu1~18.04.1 [17.7 kB]
Get:80 http://archive.ubuntu.com/ubuntu bionic/main amd64 libpciaccess0 amd64 0.14-1 [17.9 kB] 
Get:81 http://archive.ubuntu.com/ubuntu bionic-updates/main amd64 libdrm-intel1 amd64 2.4.97-1ubuntu1~18.04.1 [59.9 kB]
Get:82 http://archive.ubuntu.com/ubuntu bionic-updates/main amd64 libdrm-nouveau2 amd64 2.4.97-1ubuntu1~18.04.1 [16.5 kB]
Get:83 http://archive.ubuntu.com/ubuntu bionic-updates/main amd64 libdrm-radeon1 amd64 2.4.97-1ubuntu1~18.04.1 [21.7 kB]
Get:84 http://archive.ubuntu.com/ubuntu bionic-updates/main amd64 libllvm8 amd64 1:8-3~ubuntu18.04.1 [13.6 MB]
Get:85 http://archive.ubuntu.com/ubuntu bionic/main amd64 libsensors4 amd64 1:3.4.0-4 [28.8 kB]
Get:86 http://archive.ubuntu.com/ubuntu bionic-updates/main amd64 libgl1-mesa-dri amd64 19.0.8-0ubuntu0~18.04.2 [6810 kB]
Get:87 http://archive.ubuntu.com/ubuntu bionic-updates/main amd64 libglx-mesa0 amd64 19.0.8-0ubuntu0~18.04.2 [138 kB]
Get:88 http://archive.ubuntu.com/ubuntu bionic-updates/main amd64 libglx0 amd64 1.0.0-2ubuntu2.3 [28.1 kB]
Get:89 http://archive.ubuntu.com/ubuntu bionic-updates/main amd64 libgl1 amd64 1.0.0-2ubuntu2.3 [86.2 kB]
Get:90 http://archive.ubuntu.com/ubuntu bionic-updates/main amd64 libgif7 amd64 5.1.4-2ubuntu0.1 [30.9 kB]
Get:91 http://archive.ubuntu.com/ubuntu bionic-updates/main amd64 openjdk-11-jre amd64 11.0.4+11-1ubuntu2~18.04.3 [34.4 kB]
Get:92 http://archive.ubuntu.com/ubuntu bionic-updates/main amd64 default-jre amd64 2:1.11-68ubuntu1~18.04.1 [1076 B]
Get:93 http://archive.ubuntu.com/ubuntu bionic-updates/main amd64 openjdk-11-jdk-headless amd64 11.0.4+11-1ubuntu2~18.04.3 [191 MB]
Get:94 http://archive.ubuntu.com/ubuntu bionic-updates/main amd64 default-jdk-headless amd64 2:1.11-68ubuntu1~18.04.1 [1132 B]
Get:95 http://archive.ubuntu.com/ubuntu bionic-updates/main amd64 openjdk-11-jdk amd64 11.0.4+11-1ubuntu2~18.04.3 [2173 kB]
Get:96 http://archive.ubuntu.com/ubuntu bionic-updates/main amd64 default-jdk amd64 2:1.11-68ubuntu1~18.04.1 [1092 B]
Get:97 http://archive.ubuntu.com/ubuntu bionic/main amd64 fonts-dejavu-extra all 2.37-1 [1953 kB]
Get:98 http://archive.ubuntu.com/ubuntu bionic/main amd64 libatk1.0-data all 2.28.1-1 [2992 B] 
Get:99 http://archive.ubuntu.com/ubuntu bionic/main amd64 libatk1.0-0 amd64 2.28.1-1 [43.9 kB] 
Get:100 http://archive.ubuntu.com/ubuntu bionic/main amd64 libatk-bridge2.0-0 amd64 2.26.2-1 [57.3 kB]
Get:101 http://archive.ubuntu.com/ubuntu bionic/main amd64 libfontenc1 amd64 1:1.1.3-1 [13.9 kB]
Get:102 http://archive.ubuntu.com/ubuntu bionic/main amd64 libxt6 amd64 1:1.1.5-1 [160 kB]     
Get:103 http://archive.ubuntu.com/ubuntu bionic/main amd64 libxmu6 amd64 2:1.1.2-2 [46.0 kB]   
Get:104 http://archive.ubuntu.com/ubuntu bionic/main amd64 libxpm4 amd64 1:3.5.12-1 [34.0 kB]  
Get:105 http://archive.ubuntu.com/ubuntu bionic/main amd64 libxaw7 amd64 2:1.0.13-1 [173 kB]   
Get:106 http://archive.ubuntu.com/ubuntu bionic-updates/main amd64 libxcb-shape0 amd64 1.13-2~ubuntu18.04 [5972 B]
Get:107 http://archive.ubuntu.com/ubuntu bionic/main amd64 libxcomposite1 amd64 1:0.4.4-2 [6988 B]
Get:108 http://archive.ubuntu.com/ubuntu bionic/main amd64 libxrandr2 amd64 2:1.5.1-1 [18.1 kB]
Get:109 http://archive.ubuntu.com/ubuntu bionic/main amd64 libxv1 amd64 2:1.0.11-1 [10.7 kB]   
Get:110 http://archive.ubuntu.com/ubuntu bionic/main amd64 x11-utils amd64 7.7+3build1 [196 kB]
Get:111 http://archive.ubuntu.com/ubuntu bionic/main amd64 libatk-wrapper-java all 0.33.3-20ubuntu0.1 [34.7 kB]
Get:112 http://archive.ubuntu.com/ubuntu bionic/main amd64 libatk-wrapper-java-jni amd64 0.33.3-20ubuntu0.1 [28.3 kB]
Get:113 http://archive.ubuntu.com/ubuntu bionic/main amd64 xorg-sgml-doctools all 1:1.11-1 [12.9 kB]
Get:114 http://archive.ubuntu.com/ubuntu bionic/main amd64 x11proto-dev all 2018.4-4 [251 kB]  
Get:115 http://archive.ubuntu.com/ubuntu bionic/main amd64 x11proto-core-dev all 2018.4-4 [2620 B]
Get:116 http://archive.ubuntu.com/ubuntu bionic/main amd64 libice-dev amd64 2:1.0.9-2 [46.8 kB]
Get:117 http://archive.ubuntu.com/ubuntu bionic/main amd64 libpthread-stubs0-dev amd64 0.3-4 [4068 B]
Get:118 http://archive.ubuntu.com/ubuntu bionic/main amd64 libsm-dev amd64 2:1.2.2-1 [16.2 kB] 
Get:119 http://archive.ubuntu.com/ubuntu bionic/main amd64 libxau-dev amd64 1:1.0.8-1 [11.1 kB]
Get:120 http://archive.ubuntu.com/ubuntu bionic/main amd64 libxdmcp-dev amd64 1:1.1.2-3 [25.1 kB]
Get:121 http://archive.ubuntu.com/ubuntu bionic/main amd64 xtrans-dev all 1.3.5-1 [70.5 kB]    
Get:122 http://archive.ubuntu.com/ubuntu bionic-updates/main amd64 libxcb1-dev amd64 1.13-2~ubuntu18.04 [80.0 kB]
Get:123 http://archive.ubuntu.com/ubuntu bionic-updates/main amd64 libx11-dev amd64 2:1.6.4-3ubuntu0.2 [640 kB]
Get:124 http://archive.ubuntu.com/ubuntu bionic-updates/main amd64 libx11-doc all 2:1.6.4-3ubuntu0.2 [2065 kB]
Get:125 http://archive.ubuntu.com/ubuntu bionic/main amd64 libxt-dev amd64 1:1.1.5-1 [395 kB]  
Fetched 277 MB in 4min 33s (1017 kB/s)                                                         
debconf: delaying package configuration, since apt-utils is not installed
Selecting previously unselected package multiarch-support.
(Reading database ... 4046 files and directories currently installed.)
Preparing to unpack .../multiarch-support_2.27-3ubuntu1_amd64.deb ...
Unpacking multiarch-support (2.27-3ubuntu1) ...
Setting up multiarch-support (2.27-3ubuntu1) ...
Selecting previously unselected package libxau6:amd64.
(Reading database ... 4049 files and directories currently installed.)
Preparing to unpack .../000-libxau6_1%3a1.0.8-1_amd64.deb ...
Unpacking libxau6:amd64 (1:1.0.8-1) ...
Selecting previously unselected package libbsd0:amd64.
Preparing to unpack .../001-libbsd0_0.8.7-1_amd64.deb ...
Unpacking libbsd0:amd64 (0.8.7-1) ...
Selecting previously unselected package libxdmcp6:amd64.
Preparing to unpack .../002-libxdmcp6_1%3a1.1.2-3_amd64.deb ...
Unpacking libxdmcp6:amd64 (1:1.1.2-3) ...
Selecting previously unselected package libxcb1:amd64.
Preparing to unpack .../003-libxcb1_1.13-2~ubuntu18.04_amd64.deb ...
Unpacking libxcb1:amd64 (1.13-2~ubuntu18.04) ...
Selecting previously unselected package libx11-data.
Preparing to unpack .../004-libx11-data_2%3a1.6.4-3ubuntu0.2_all.deb ...
Unpacking libx11-data (2:1.6.4-3ubuntu0.2) ...
Selecting previously unselected package libx11-6:amd64.
Preparing to unpack .../005-libx11-6_2%3a1.6.4-3ubuntu0.2_amd64.deb ...
Unpacking libx11-6:amd64 (2:1.6.4-3ubuntu0.2) ...
Selecting previously unselected package libxext6:amd64.
Preparing to unpack .../006-libxext6_2%3a1.3.3-1_amd64.deb ...
Unpacking libxext6:amd64 (2:1.3.3-1) ...
Selecting previously unselected package libjpeg-turbo8:amd64.
Preparing to unpack .../007-libjpeg-turbo8_1.5.2-0ubuntu5.18.04.1_amd64.deb ...
Unpacking libjpeg-turbo8:amd64 (1.5.2-0ubuntu5.18.04.1) ...
Selecting previously unselected package x11-common.
Preparing to unpack .../008-x11-common_1%3a7.7+19ubuntu7.1_all.deb ...
dpkg-query: no packages found matching nux-tools
Unpacking x11-common (1:7.7+19ubuntu7.1) ...
Selecting previously unselected package libice6:amd64.
Preparing to unpack .../009-libice6_2%3a1.0.9-2_amd64.deb ...
Unpacking libice6:amd64 (2:1.0.9-2) ...
Selecting previously unselected package libsm6:amd64.
Preparing to unpack .../010-libsm6_2%3a1.2.2-1_amd64.deb ...
Unpacking libsm6:amd64 (2:1.2.2-1) ...
Selecting previously unselected package libexpat1:amd64.
Preparing to unpack .../011-libexpat1_2.2.5-3ubuntu0.2_amd64.deb ...
Unpacking libexpat1:amd64 (2.2.5-3ubuntu0.2) ...
Selecting previously unselected package libpng16-16:amd64.
Preparing to unpack .../012-libpng16-16_1.6.34-1ubuntu0.18.04.2_amd64.deb ...
Unpacking libpng16-16:amd64 (1.6.34-1ubuntu0.18.04.2) ...
Selecting previously unselected package libfreetype6:amd64.
Preparing to unpack .../013-libfreetype6_2.8.1-2ubuntu2_amd64.deb ...
Unpacking libfreetype6:amd64 (2.8.1-2ubuntu2) ...
Selecting previously unselected package ucf.
Preparing to unpack .../014-ucf_3.0038_all.deb ...
Moving old data out of the way
Unpacking ucf (3.0038) ...
Selecting previously unselected package fonts-dejavu-core.
Preparing to unpack .../015-fonts-dejavu-core_2.37-1_all.deb ...
Unpacking fonts-dejavu-core (2.37-1) ...
Selecting previously unselected package fontconfig-config.
Preparing to unpack .../016-fontconfig-config_2.12.6-0ubuntu2_all.deb ...
Unpacking fontconfig-config (2.12.6-0ubuntu2) ...
Selecting previously unselected package libfontconfig1:amd64.
Preparing to unpack .../017-libfontconfig1_2.12.6-0ubuntu2_amd64.deb ...
Unpacking libfontconfig1:amd64 (2.12.6-0ubuntu2) ...
Selecting previously unselected package libxrender1:amd64.
Preparing to unpack .../018-libxrender1_1%3a0.9.10-1_amd64.deb ...
Unpacking libxrender1:amd64 (1:0.9.10-1) ...
Selecting previously unselected package libxft2:amd64.
Preparing to unpack .../019-libxft2_2.3.2-1_amd64.deb ...
Unpacking libxft2:amd64 (2.3.2-1) ...
Selecting previously unselected package libxinerama1:amd64.
Preparing to unpack .../020-libxinerama1_2%3a1.1.3-1_amd64.deb ...
Unpacking libxinerama1:amd64 (2:1.1.3-1) ...
Selecting previously unselected package libxxf86dga1:amd64.
Preparing to unpack .../021-libxxf86dga1_2%3a1.1.4-1_amd64.deb ...
Unpacking libxxf86dga1:amd64 (2:1.1.4-1) ...
Selecting previously unselected package libxxf86vm1:amd64.
Preparing to unpack .../022-libxxf86vm1_1%3a1.1.4-1_amd64.deb ...
Unpacking libxxf86vm1:amd64 (1:1.1.4-1) ...
Selecting previously unselected package libssl1.1:amd64.
Preparing to unpack .../023-libssl1.1_1.1.1-1ubuntu2.1~18.04.4_amd64.deb ...
Unpacking libssl1.1:amd64 (1.1.1-1ubuntu2.1~18.04.4) ...
Selecting previously unselected package openssl.
Preparing to unpack .../024-openssl_1.1.1-1ubuntu2.1~18.04.4_amd64.deb ...
Unpacking openssl (1.1.1-1ubuntu2.1~18.04.4) ...
Selecting previously unselected package ca-certificates.
Preparing to unpack .../025-ca-certificates_20180409_all.deb ...
Unpacking ca-certificates (20180409) ...
Selecting previously unselected package libapparmor1:amd64.
Preparing to unpack .../026-libapparmor1_2.12-4ubuntu5.1_amd64.deb ...
Unpacking libapparmor1:amd64 (2.12-4ubuntu5.1) ...
Selecting previously unselected package libdbus-1-3:amd64.
Preparing to unpack .../027-libdbus-1-3_1.12.2-1ubuntu1.1_amd64.deb ...
Unpacking libdbus-1-3:amd64 (1.12.2-1ubuntu1.1) ...
Selecting previously unselected package dbus.
Preparing to unpack .../028-dbus_1.12.2-1ubuntu1.1_amd64.deb ...
Unpacking dbus (1.12.2-1ubuntu1.1) ...
Selecting previously unselected package libelf1:amd64.
Preparing to unpack .../029-libelf1_0.170-0.4ubuntu0.1_amd64.deb ...
Unpacking libelf1:amd64 (0.170-0.4ubuntu0.1) ...
Selecting previously unselected package libglib2.0-0:amd64.
Preparing to unpack .../030-libglib2.0-0_2.56.4-0ubuntu0.18.04.4_amd64.deb ...
Unpacking libglib2.0-0:amd64 (2.56.4-0ubuntu0.18.04.4) ...
Selecting previously unselected package libglib2.0-data.
Preparing to unpack .../031-libglib2.0-data_2.56.4-0ubuntu0.18.04.4_all.deb ...
Unpacking libglib2.0-data (2.56.4-0ubuntu0.18.04.4) ...
Selecting previously unselected package libicu60:amd64.
Preparing to unpack .../032-libicu60_60.2-3ubuntu3_amd64.deb ...
Unpacking libicu60:amd64 (60.2-3ubuntu3) ...
Selecting previously unselected package libsqlite3-0:amd64.
Preparing to unpack .../033-libsqlite3-0_3.22.0-1ubuntu0.1_amd64.deb ...
Unpacking libsqlite3-0:amd64 (3.22.0-1ubuntu0.1) ...
Selecting previously unselected package libxml2:amd64.
Preparing to unpack .../034-libxml2_2.9.4+dfsg1-6.1ubuntu1.2_amd64.deb ...
Unpacking libxml2:amd64 (2.9.4+dfsg1-6.1ubuntu1.2) ...
Selecting previously unselected package shared-mime-info.
Preparing to unpack .../035-shared-mime-info_1.9-2_amd64.deb ...
Unpacking shared-mime-info (1.9-2) ...
Selecting previously unselected package xdg-user-dirs.
Preparing to unpack .../036-xdg-user-dirs_0.17-1ubuntu1_amd64.deb ...
Unpacking xdg-user-dirs (0.17-1ubuntu1) ...
Selecting previously unselected package krb5-locales.
Preparing to unpack .../037-krb5-locales_1.16-2ubuntu0.1_all.deb ...
Unpacking krb5-locales (1.16-2ubuntu0.1) ...
Selecting previously unselected package libdrm-common.
Preparing to unpack .../038-libdrm-common_2.4.97-1ubuntu1~18.04.1_all.deb ...
Unpacking libdrm-common (2.4.97-1ubuntu1~18.04.1) ...
Selecting previously unselected package libdrm2:amd64.
Preparing to unpack .../039-libdrm2_2.4.97-1ubuntu1~18.04.1_amd64.deb ...
Unpacking libdrm2:amd64 (2.4.97-1ubuntu1~18.04.1) ...
Selecting previously unselected package libedit2:amd64.
Preparing to unpack .../040-libedit2_3.1-20170329-1_amd64.deb ...
Unpacking libedit2:amd64 (3.1-20170329-1) ...
Selecting previously unselected package libkrb5support0:amd64.
Preparing to unpack .../041-libkrb5support0_1.16-2ubuntu0.1_amd64.deb ...
Unpacking libkrb5support0:amd64 (1.16-2ubuntu0.1) ...
Selecting previously unselected package libk5crypto3:amd64.
Preparing to unpack .../042-libk5crypto3_1.16-2ubuntu0.1_amd64.deb ...
Unpacking libk5crypto3:amd64 (1.16-2ubuntu0.1) ...
Selecting previously unselected package libkeyutils1:amd64.
Preparing to unpack .../043-libkeyutils1_1.5.9-9.2ubuntu2_amd64.deb ...
Unpacking libkeyutils1:amd64 (1.5.9-9.2ubuntu2) ...
Selecting previously unselected package libkrb5-3:amd64.
Preparing to unpack .../044-libkrb5-3_1.16-2ubuntu0.1_amd64.deb ...
Unpacking libkrb5-3:amd64 (1.16-2ubuntu0.1) ...
Selecting previously unselected package libgssapi-krb5-2:amd64.
Preparing to unpack .../045-libgssapi-krb5-2_1.16-2ubuntu0.1_amd64.deb ...
Unpacking libgssapi-krb5-2:amd64 (1.16-2ubuntu0.1) ...
Selecting previously unselected package libxmuu1:amd64.
Preparing to unpack .../046-libxmuu1_2%3a1.1.2-2_amd64.deb ...
Unpacking libxmuu1:amd64 (2:1.1.2-2) ...
Selecting previously unselected package libatspi2.0-0:amd64.
Preparing to unpack .../047-libatspi2.0-0_2.28.0-1_amd64.deb ...
Unpacking libatspi2.0-0:amd64 (2.28.0-1) ...
Selecting previously unselected package libxtst6:amd64.
Preparing to unpack .../048-libxtst6_2%3a1.2.3-1_amd64.deb ...
Unpacking libxtst6:amd64 (2:1.2.3-1) ...
Selecting previously unselected package at-spi2-core.
Preparing to unpack .../049-at-spi2-core_2.28.0-1_amd64.deb ...
Unpacking at-spi2-core (2.28.0-1) ...
Selecting previously unselected package java-common.
Preparing to unpack .../050-java-common_0.68ubuntu1~18.04.1_all.deb ...
Unpacking java-common (0.68ubuntu1~18.04.1) ...
Selecting previously unselected package libavahi-common-data:amd64.
Preparing to unpack .../051-libavahi-common-data_0.7-3.1ubuntu1.2_amd64.deb ...
Unpacking libavahi-common-data:amd64 (0.7-3.1ubuntu1.2) ...
Selecting previously unselected package libavahi-common3:amd64.
Preparing to unpack .../052-libavahi-common3_0.7-3.1ubuntu1.2_amd64.deb ...
Unpacking libavahi-common3:amd64 (0.7-3.1ubuntu1.2) ...
Selecting previously unselected package libavahi-client3:amd64.
Preparing to unpack .../053-libavahi-client3_0.7-3.1ubuntu1.2_amd64.deb ...
Unpacking libavahi-client3:amd64 (0.7-3.1ubuntu1.2) ...
Selecting previously unselected package libcups2:amd64.
Preparing to unpack .../054-libcups2_2.2.7-1ubuntu2.7_amd64.deb ...
Unpacking libcups2:amd64 (2.2.7-1ubuntu2.7) ...
Selecting previously unselected package liblcms2-2:amd64.
Preparing to unpack .../055-liblcms2-2_2.9-1ubuntu0.1_amd64.deb ...
Unpacking liblcms2-2:amd64 (2.9-1ubuntu0.1) ...
Selecting previously unselected package libjpeg8:amd64.
Preparing to unpack .../056-libjpeg8_8c-2ubuntu8_amd64.deb ...
Unpacking libjpeg8:amd64 (8c-2ubuntu8) ...
Selecting previously unselected package libnspr4:amd64.
Preparing to unpack .../057-libnspr4_2%3a4.18-1ubuntu1_amd64.deb ...
Unpacking libnspr4:amd64 (2:4.18-1ubuntu1) ...
Selecting previously unselected package libnss3:amd64.
Preparing to unpack .../058-libnss3_2%3a3.35-2ubuntu2.3_amd64.deb ...
Unpacking libnss3:amd64 (2:3.35-2ubuntu2.3) ...
Selecting previously unselected package libasound2-data.
Preparing to unpack .../059-libasound2-data_1.1.3-5ubuntu0.2_all.deb ...
Unpacking libasound2-data (1.1.3-5ubuntu0.2) ...
Selecting previously unselected package libasound2:amd64.
Preparing to unpack .../060-libasound2_1.1.3-5ubuntu0.2_amd64.deb ...
Unpacking libasound2:amd64 (1.1.3-5ubuntu0.2) ...
Selecting previously unselected package libpcsclite1:amd64.
Preparing to unpack .../061-libpcsclite1_1.8.23-1_amd64.deb ...
Unpacking libpcsclite1:amd64 (1.8.23-1) ...
Selecting previously unselected package libxi6:amd64.
Preparing to unpack .../062-libxi6_2%3a1.7.9-1_amd64.deb ...
Unpacking libxi6:amd64 (2:1.7.9-1) ...
Selecting previously unselected package openjdk-11-jre-headless:amd64.
Preparing to unpack .../063-openjdk-11-jre-headless_11.0.4+11-1ubuntu2~18.04.3_amd64.deb ...
Unpacking openjdk-11-jre-headless:amd64 (11.0.4+11-1ubuntu2~18.04.3) ...
Selecting previously unselected package default-jre-headless.
Preparing to unpack .../064-default-jre-headless_2%3a1.11-68ubuntu1~18.04.1_amd64.deb ...
Unpacking default-jre-headless (2:1.11-68ubuntu1~18.04.1) ...
Selecting previously unselected package ca-certificates-java.
Preparing to unpack .../065-ca-certificates-java_20180516ubuntu1~18.04.1_all.deb ...
Unpacking ca-certificates-java (20180516ubuntu1~18.04.1) ...
Selecting previously unselected package libglvnd0:amd64.
Preparing to unpack .../066-libglvnd0_1.0.0-2ubuntu2.3_amd64.deb ...
Unpacking libglvnd0:amd64 (1.0.0-2ubuntu2.3) ...
Selecting previously unselected package libglapi-mesa:amd64.
Preparing to unpack .../067-libglapi-mesa_19.0.8-0ubuntu0~18.04.2_amd64.deb ...
Unpacking libglapi-mesa:amd64 (19.0.8-0ubuntu0~18.04.2) ...
Selecting previously unselected package libx11-xcb1:amd64.
Preparing to unpack .../068-libx11-xcb1_2%3a1.6.4-3ubuntu0.2_amd64.deb ...
Unpacking libx11-xcb1:amd64 (2:1.6.4-3ubuntu0.2) ...
Selecting previously unselected package libxcb-dri2-0:amd64.
Preparing to unpack .../069-libxcb-dri2-0_1.13-2~ubuntu18.04_amd64.deb ...
Unpacking libxcb-dri2-0:amd64 (1.13-2~ubuntu18.04) ...
Selecting previously unselected package libxcb-dri3-0:amd64.
Preparing to unpack .../070-libxcb-dri3-0_1.13-2~ubuntu18.04_amd64.deb ...
Unpacking libxcb-dri3-0:amd64 (1.13-2~ubuntu18.04) ...
Selecting previously unselected package libxcb-glx0:amd64.
Preparing to unpack .../071-libxcb-glx0_1.13-2~ubuntu18.04_amd64.deb ...
Unpacking libxcb-glx0:amd64 (1.13-2~ubuntu18.04) ...
Selecting previously unselected package libxcb-present0:amd64.
Preparing to unpack .../072-libxcb-present0_1.13-2~ubuntu18.04_amd64.deb ...
Unpacking libxcb-present0:amd64 (1.13-2~ubuntu18.04) ...
Selecting previously unselected package libxcb-sync1:amd64.
Preparing to unpack .../073-libxcb-sync1_1.13-2~ubuntu18.04_amd64.deb ...
Unpacking libxcb-sync1:amd64 (1.13-2~ubuntu18.04) ...
Selecting previously unselected package libxdamage1:amd64.
Preparing to unpack .../074-libxdamage1_1%3a1.1.4-3_amd64.deb ...
Unpacking libxdamage1:amd64 (1:1.1.4-3) ...
Selecting previously unselected package libxfixes3:amd64.
Preparing to unpack .../075-libxfixes3_1%3a5.0.3-1_amd64.deb ...
Unpacking libxfixes3:amd64 (1:5.0.3-1) ...
Selecting previously unselected package libxshmfence1:amd64.
Preparing to unpack .../076-libxshmfence1_1.3-1_amd64.deb ...
Unpacking libxshmfence1:amd64 (1.3-1) ...
Selecting previously unselected package libdrm-amdgpu1:amd64.
Preparing to unpack .../077-libdrm-amdgpu1_2.4.97-1ubuntu1~18.04.1_amd64.deb ...
Unpacking libdrm-amdgpu1:amd64 (2.4.97-1ubuntu1~18.04.1) ...
Selecting previously unselected package libpciaccess0:amd64.
Preparing to unpack .../078-libpciaccess0_0.14-1_amd64.deb ...
Unpacking libpciaccess0:amd64 (0.14-1) ...
Selecting previously unselected package libdrm-intel1:amd64.
Preparing to unpack .../079-libdrm-intel1_2.4.97-1ubuntu1~18.04.1_amd64.deb ...
Unpacking libdrm-intel1:amd64 (2.4.97-1ubuntu1~18.04.1) ...
Selecting previously unselected package libdrm-nouveau2:amd64.
Preparing to unpack .../080-libdrm-nouveau2_2.4.97-1ubuntu1~18.04.1_amd64.deb ...
Unpacking libdrm-nouveau2:amd64 (2.4.97-1ubuntu1~18.04.1) ...
Selecting previously unselected package libdrm-radeon1:amd64.
Preparing to unpack .../081-libdrm-radeon1_2.4.97-1ubuntu1~18.04.1_amd64.deb ...
Unpacking libdrm-radeon1:amd64 (2.4.97-1ubuntu1~18.04.1) ...
Selecting previously unselected package libllvm8:amd64.
Preparing to unpack .../082-libllvm8_1%3a8-3~ubuntu18.04.1_amd64.deb ...
Unpacking libllvm8:amd64 (1:8-3~ubuntu18.04.1) ...
Selecting previously unselected package libsensors4:amd64.
Preparing to unpack .../083-libsensors4_1%3a3.4.0-4_amd64.deb ...
Unpacking libsensors4:amd64 (1:3.4.0-4) ...
Selecting previously unselected package libgl1-mesa-dri:amd64.
Preparing to unpack .../084-libgl1-mesa-dri_19.0.8-0ubuntu0~18.04.2_amd64.deb ...
Unpacking libgl1-mesa-dri:amd64 (19.0.8-0ubuntu0~18.04.2) ...
Selecting previously unselected package libglx-mesa0:amd64.
Preparing to unpack .../085-libglx-mesa0_19.0.8-0ubuntu0~18.04.2_amd64.deb ...
Unpacking libglx-mesa0:amd64 (19.0.8-0ubuntu0~18.04.2) ...
Selecting previously unselected package libglx0:amd64.
Preparing to unpack .../086-libglx0_1.0.0-2ubuntu2.3_amd64.deb ...
Unpacking libglx0:amd64 (1.0.0-2ubuntu2.3) ...
Selecting previously unselected package libgl1:amd64.
Preparing to unpack .../087-libgl1_1.0.0-2ubuntu2.3_amd64.deb ...
Unpacking libgl1:amd64 (1.0.0-2ubuntu2.3) ...
Selecting previously unselected package libgif7:amd64.
Preparing to unpack .../088-libgif7_5.1.4-2ubuntu0.1_amd64.deb ...
Unpacking libgif7:amd64 (5.1.4-2ubuntu0.1) ...
Selecting previously unselected package openjdk-11-jre:amd64.
Preparing to unpack .../089-openjdk-11-jre_11.0.4+11-1ubuntu2~18.04.3_amd64.deb ...
Unpacking openjdk-11-jre:amd64 (11.0.4+11-1ubuntu2~18.04.3) ...
Selecting previously unselected package default-jre.
Preparing to unpack .../090-default-jre_2%3a1.11-68ubuntu1~18.04.1_amd64.deb ...
Unpacking default-jre (2:1.11-68ubuntu1~18.04.1) ...
Selecting previously unselected package openjdk-11-jdk-headless:amd64.
Preparing to unpack .../091-openjdk-11-jdk-headless_11.0.4+11-1ubuntu2~18.04.3_amd64.deb ...
Unpacking openjdk-11-jdk-headless:amd64 (11.0.4+11-1ubuntu2~18.04.3) ...
Selecting previously unselected package default-jdk-headless.
Preparing to unpack .../092-default-jdk-headless_2%3a1.11-68ubuntu1~18.04.1_amd64.deb ...
Unpacking default-jdk-headless (2:1.11-68ubuntu1~18.04.1) ...
Selecting previously unselected package openjdk-11-jdk:amd64.
Preparing to unpack .../093-openjdk-11-jdk_11.0.4+11-1ubuntu2~18.04.3_amd64.deb ...
Unpacking openjdk-11-jdk:amd64 (11.0.4+11-1ubuntu2~18.04.3) ...
Selecting previously unselected package default-jdk.
Preparing to unpack .../094-default-jdk_2%3a1.11-68ubuntu1~18.04.1_amd64.deb ...
Unpacking default-jdk (2:1.11-68ubuntu1~18.04.1) ...
Selecting previously unselected package fonts-dejavu-extra.
Preparing to unpack .../095-fonts-dejavu-extra_2.37-1_all.deb ...
Unpacking fonts-dejavu-extra (2.37-1) ...
Selecting previously unselected package libatk1.0-data.
Preparing to unpack .../096-libatk1.0-data_2.28.1-1_all.deb ...
Unpacking libatk1.0-data (2.28.1-1) ...
Selecting previously unselected package libatk1.0-0:amd64.
Preparing to unpack .../097-libatk1.0-0_2.28.1-1_amd64.deb ...
Unpacking libatk1.0-0:amd64 (2.28.1-1) ...
Selecting previously unselected package libatk-bridge2.0-0:amd64.
Preparing to unpack .../098-libatk-bridge2.0-0_2.26.2-1_amd64.deb ...
Unpacking libatk-bridge2.0-0:amd64 (2.26.2-1) ...
Selecting previously unselected package libfontenc1:amd64.
Preparing to unpack .../099-libfontenc1_1%3a1.1.3-1_amd64.deb ...
Unpacking libfontenc1:amd64 (1:1.1.3-1) ...
Selecting previously unselected package libxt6:amd64.
Preparing to unpack .../100-libxt6_1%3a1.1.5-1_amd64.deb ...
Unpacking libxt6:amd64 (1:1.1.5-1) ...
Selecting previously unselected package libxmu6:amd64.
Preparing to unpack .../101-libxmu6_2%3a1.1.2-2_amd64.deb ...
Unpacking libxmu6:amd64 (2:1.1.2-2) ...
Selecting previously unselected package libxpm4:amd64.
Preparing to unpack .../102-libxpm4_1%3a3.5.12-1_amd64.deb ...
Unpacking libxpm4:amd64 (1:3.5.12-1) ...
Selecting previously unselected package libxaw7:amd64.
Preparing to unpack .../103-libxaw7_2%3a1.0.13-1_amd64.deb ...
Unpacking libxaw7:amd64 (2:1.0.13-1) ...
Selecting previously unselected package libxcb-shape0:amd64.
Preparing to unpack .../104-libxcb-shape0_1.13-2~ubuntu18.04_amd64.deb ...
Unpacking libxcb-shape0:amd64 (1.13-2~ubuntu18.04) ...
Selecting previously unselected package libxcomposite1:amd64.
Preparing to unpack .../105-libxcomposite1_1%3a0.4.4-2_amd64.deb ...
Unpacking libxcomposite1:amd64 (1:0.4.4-2) ...
Selecting previously unselected package libxrandr2:amd64.
Preparing to unpack .../106-libxrandr2_2%3a1.5.1-1_amd64.deb ...
Unpacking libxrandr2:amd64 (2:1.5.1-1) ...
Selecting previously unselected package libxv1:amd64.
Preparing to unpack .../107-libxv1_2%3a1.0.11-1_amd64.deb ...
Unpacking libxv1:amd64 (2:1.0.11-1) ...
Selecting previously unselected package x11-utils.
Preparing to unpack .../108-x11-utils_7.7+3build1_amd64.deb ...
Unpacking x11-utils (7.7+3build1) ...
Selecting previously unselected package libatk-wrapper-java.
Preparing to unpack .../109-libatk-wrapper-java_0.33.3-20ubuntu0.1_all.deb ...
Unpacking libatk-wrapper-java (0.33.3-20ubuntu0.1) ...
Selecting previously unselected package libatk-wrapper-java-jni:amd64.
Preparing to unpack .../110-libatk-wrapper-java-jni_0.33.3-20ubuntu0.1_amd64.deb ...
Unpacking libatk-wrapper-java-jni:amd64 (0.33.3-20ubuntu0.1) ...
Selecting previously unselected package xorg-sgml-doctools.
Preparing to unpack .../111-xorg-sgml-doctools_1%3a1.11-1_all.deb ...
Unpacking xorg-sgml-doctools (1:1.11-1) ...
Selecting previously unselected package x11proto-dev.
Preparing to unpack .../112-x11proto-dev_2018.4-4_all.deb ...
Unpacking x11proto-dev (2018.4-4) ...
Selecting previously unselected package x11proto-core-dev.
Preparing to unpack .../113-x11proto-core-dev_2018.4-4_all.deb ...
Unpacking x11proto-core-dev (2018.4-4) ...
Selecting previously unselected package libice-dev:amd64.
Preparing to unpack .../114-libice-dev_2%3a1.0.9-2_amd64.deb ...
Unpacking libice-dev:amd64 (2:1.0.9-2) ...
Selecting previously unselected package libpthread-stubs0-dev:amd64.
Preparing to unpack .../115-libpthread-stubs0-dev_0.3-4_amd64.deb ...
Unpacking libpthread-stubs0-dev:amd64 (0.3-4) ...
Selecting previously unselected package libsm-dev:amd64.
Preparing to unpack .../116-libsm-dev_2%3a1.2.2-1_amd64.deb ...
Unpacking libsm-dev:amd64 (2:1.2.2-1) ...
Selecting previously unselected package libxau-dev:amd64.
Preparing to unpack .../117-libxau-dev_1%3a1.0.8-1_amd64.deb ...
Unpacking libxau-dev:amd64 (1:1.0.8-1) ...
Selecting previously unselected package libxdmcp-dev:amd64.
Preparing to unpack .../118-libxdmcp-dev_1%3a1.1.2-3_amd64.deb ...
Unpacking libxdmcp-dev:amd64 (1:1.1.2-3) ...
Selecting previously unselected package xtrans-dev.
Preparing to unpack .../119-xtrans-dev_1.3.5-1_all.deb ...
Unpacking xtrans-dev (1.3.5-1) ...
Selecting previously unselected package libxcb1-dev:amd64.
Preparing to unpack .../120-libxcb1-dev_1.13-2~ubuntu18.04_amd64.deb ...
Unpacking libxcb1-dev:amd64 (1.13-2~ubuntu18.04) ...
Selecting previously unselected package libx11-dev:amd64.
Preparing to unpack .../121-libx11-dev_2%3a1.6.4-3ubuntu0.2_amd64.deb ...
Unpacking libx11-dev:amd64 (2:1.6.4-3ubuntu0.2) ...
Selecting previously unselected package libx11-doc.
Preparing to unpack .../122-libx11-doc_2%3a1.6.4-3ubuntu0.2_all.deb ...
Unpacking libx11-doc (2:1.6.4-3ubuntu0.2) ...
Selecting previously unselected package libxt-dev:amd64.
Preparing to unpack .../123-libxt-dev_1%3a1.1.5-1_amd64.deb ...
Unpacking libxt-dev:amd64 (1:1.1.5-1) ...
Setting up libedit2:amd64 (3.1-20170329-1) ...
Setting up libglvnd0:amd64 (1.0.0-2ubuntu2.3) ...
Setting up libexpat1:amd64 (2.2.5-3ubuntu0.2) ...
Setting up libicu60:amd64 (60.2-3ubuntu3) ...
Setting up libllvm8:amd64 (1:8-3~ubuntu18.04.1) ...
Setting up libpng16-16:amd64 (1.6.34-1ubuntu0.18.04.2) ...
Setting up liblcms2-2:amd64 (2.9-1ubuntu0.1) ...
Setting up libpcsclite1:amd64 (1.8.23-1) ...
Setting up libpthread-stubs0-dev:amd64 (0.3-4) ...
Setting up fonts-dejavu-core (2.37-1) ...
Setting up libelf1:amd64 (0.170-0.4ubuntu0.1) ...
Setting up libglib2.0-0:amd64 (2.56.4-0ubuntu0.18.04.4) ...
No schema files found: doing nothing.
Setting up libasound2-data (1.1.3-5ubuntu0.2) ...
Setting up libxshmfence1:amd64 (1.3-1) ...
Setting up xorg-sgml-doctools (1:1.11-1) ...
Setting up java-common (0.68ubuntu1~18.04.1) ...
Setting up libgif7:amd64 (5.1.4-2ubuntu0.1) ...
Setting up libjpeg-turbo8:amd64 (1.5.2-0ubuntu5.18.04.1) ...
Setting up libglapi-mesa:amd64 (19.0.8-0ubuntu0~18.04.2) ...
Setting up libbsd0:amd64 (0.8.7-1) ...
Setting up libkrb5support0:amd64 (1.16-2ubuntu0.1) ...
Setting up libnspr4:amd64 (2:4.18-1ubuntu1) ...
Setting up ucf (3.0038) ...
debconf: unable to initialize frontend: Dialog
debconf: (No usable dialog-like program is installed, so the dialog based frontend cannot be used. at /usr/share/perl5/Debconf/FrontEnd/Dialog.pm line 76.)
debconf: falling back to frontend: Readline
debconf: unable to initialize frontend: Readline
debconf: (Can't locate Term/ReadLine.pm in @INC (you may need to install the Term::ReadLine module) (@INC contains: /etc/perl /usr/local/lib/x86_64-linux-gnu/perl/5.26.1 /usr/local/share/perl/5.26.1 /usr/lib/x86_64-linux-gnu/perl5/5.26 /usr/share/perl5 /usr/lib/x86_64-linux-gnu/perl/5.26 /usr/share/perl/5.26 /usr/local/lib/site_perl /usr/lib/x86_64-linux-gnu/perl-base) at /usr/share/perl5/Debconf/FrontEnd/Readline.pm line 7.)
debconf: falling back to frontend: Teletype
Setting up libxml2:amd64 (2.9.4+dfsg1-6.1ubuntu1.2) ...
Setting up x11proto-dev (2018.4-4) ...
Setting up libfreetype6:amd64 (2.8.1-2ubuntu2) ...
Setting up libasound2:amd64 (1.1.3-5ubuntu0.2) ...
Setting up libdrm-common (2.4.97-1ubuntu1~18.04.1) ...
Setting up libatk1.0-data (2.28.1-1) ...
Setting up libx11-xcb1:amd64 (2:1.6.4-3ubuntu0.2) ...
Setting up xtrans-dev (1.3.5-1) ...
Setting up libglib2.0-data (2.56.4-0ubuntu0.18.04.4) ...
Setting up krb5-locales (1.16-2ubuntu0.1) ...
Setting up libapparmor1:amd64 (2.12-4ubuntu5.1) ...
Setting up libssl1.1:amd64 (1.1.1-1ubuntu2.1~18.04.4) ...
debconf: unable to initialize frontend: Dialog
debconf: (No usable dialog-like program is installed, so the dialog based frontend cannot be used. at /usr/share/perl5/Debconf/FrontEnd/Dialog.pm line 76.)
debconf: falling back to frontend: Readline
debconf: unable to initialize frontend: Readline
debconf: (Can't locate Term/ReadLine.pm in @INC (you may need to install the Term::ReadLine module) (@INC contains: /etc/perl /usr/local/lib/x86_64-linux-gnu/perl/5.26.1 /usr/local/share/perl/5.26.1 /usr/lib/x86_64-linux-gnu/perl5/5.26 /usr/share/perl5 /usr/lib/x86_64-linux-gnu/perl/5.26 /usr/share/perl/5.26 /usr/local/lib/site_perl /usr/lib/x86_64-linux-gnu/perl-base) at /usr/share/perl5/Debconf/FrontEnd/Readline.pm line 7.)
debconf: falling back to frontend: Teletype
Setting up libatk1.0-0:amd64 (2.28.1-1) ...
Setting up openssl (1.1.1-1ubuntu2.1~18.04.4) ...
Setting up libsqlite3-0:amd64 (3.22.0-1ubuntu0.1) ...
Setting up libfontenc1:amd64 (1:1.1.3-1) ...
Setting up libx11-doc (2:1.6.4-3ubuntu0.2) ...
Setting up libpciaccess0:amd64 (0.14-1) ...
Setting up libsensors4:amd64 (1:3.4.0-4) ...
Setting up shared-mime-info (1.9-2) ...
Setting up libxdmcp6:amd64 (1:1.1.2-3) ...
Setting up libkeyutils1:amd64 (1.5.9-9.2ubuntu2) ...
Setting up fonts-dejavu-extra (2.37-1) ...
Setting up x11-common (1:7.7+19ubuntu7.1) ...
debconf: unable to initialize frontend: Dialog
debconf: (No usable dialog-like program is installed, so the dialog based frontend cannot be used. at /usr/share/perl5/Debconf/FrontEnd/Dialog.pm line 76.)
debconf: falling back to frontend: Readline
debconf: unable to initialize frontend: Readline
debconf: (Can't locate Term/ReadLine.pm in @INC (you may need to install the Term::ReadLine module) (@INC contains: /etc/perl /usr/local/lib/x86_64-linux-gnu/perl/5.26.1 /usr/local/share/perl/5.26.1 /usr/lib/x86_64-linux-gnu/perl5/5.26 /usr/share/perl5 /usr/lib/x86_64-linux-gnu/perl/5.26 /usr/share/perl/5.26 /usr/local/lib/site_perl /usr/lib/x86_64-linux-gnu/perl-base) at /usr/share/perl5/Debconf/FrontEnd/Readline.pm line 7.)
debconf: falling back to frontend: Teletype
update-rc.d: warning: start and stop actions are no longer supported; falling back to defaults
invoke-rc.d: could not determine current runlevel
invoke-rc.d: policy-rc.d denied execution of start.
Setting up ca-certificates (20180409) ...
debconf: unable to initialize frontend: Dialog
debconf: (No usable dialog-like program is installed, so the dialog based frontend cannot be used. at /usr/share/perl5/Debconf/FrontEnd/Dialog.pm line 76.)
debconf: falling back to frontend: Readline
debconf: unable to initialize frontend: Readline
debconf: (Can't locate Term/ReadLine.pm in @INC (you may need to install the Term::ReadLine module) (@INC contains: /etc/perl /usr/local/lib/x86_64-linux-gnu/perl/5.26.1 /usr/local/share/perl/5.26.1 /usr/lib/x86_64-linux-gnu/perl5/5.26 /usr/share/perl5 /usr/lib/x86_64-linux-gnu/perl/5.26 /usr/share/perl/5.26 /usr/local/lib/site_perl /usr/lib/x86_64-linux-gnu/perl-base) at /usr/share/perl5/Debconf/FrontEnd/Readline.pm line 7.)
debconf: falling back to frontend: Teletype
Updating certificates in /etc/ssl/certs...
133 added, 0 removed; done.
Setting up xdg-user-dirs (0.17-1ubuntu1) ...
Setting up libx11-data (2:1.6.4-3ubuntu0.2) ...
Setting up libxau6:amd64 (1:1.0.8-1) ...
Setting up libdbus-1-3:amd64 (1.12.2-1ubuntu1.1) ...
Setting up libavahi-common-data:amd64 (0.7-3.1ubuntu1.2) ...
Setting up libjpeg8:amd64 (8c-2ubuntu8) ...
Setting up libk5crypto3:amd64 (1.16-2ubuntu0.1) ...
Setting up fontconfig-config (2.12.6-0ubuntu2) ...
Setting up x11proto-core-dev (2018.4-4) ...
Setting up libnss3:amd64 (2:3.35-2ubuntu2.3) ...
Setting up libxau-dev:amd64 (1:1.0.8-1) ...
Setting up libdrm2:amd64 (2.4.97-1ubuntu1~18.04.1) ...
Setting up libdrm-intel1:amd64 (2.4.97-1ubuntu1~18.04.1) ...
Setting up libxdmcp-dev:amd64 (1:1.1.2-3) ...
Setting up libice6:amd64 (2:1.0.9-2) ...
Setting up libkrb5-3:amd64 (1.16-2ubuntu0.1) ...
Setting up libavahi-common3:amd64 (0.7-3.1ubuntu1.2) ...
Setting up libdrm-radeon1:amd64 (2.4.97-1ubuntu1~18.04.1) ...
Setting up dbus (1.12.2-1ubuntu1.1) ...
Setting up libdrm-nouveau2:amd64 (2.4.97-1ubuntu1~18.04.1) ...
Setting up libxcb1:amd64 (1.13-2~ubuntu18.04) ...
Setting up libxcb-present0:amd64 (1.13-2~ubuntu18.04) ...
Setting up libfontconfig1:amd64 (2.12.6-0ubuntu2) ...
Setting up libxcb-dri2-0:amd64 (1.13-2~ubuntu18.04) ...
Setting up libsm6:amd64 (2:1.2.2-1) ...
Setting up libxcb-dri3-0:amd64 (1.13-2~ubuntu18.04) ...
Setting up libxcb-glx0:amd64 (1.13-2~ubuntu18.04) ...
Setting up libdrm-amdgpu1:amd64 (2.4.97-1ubuntu1~18.04.1) ...
Setting up libx11-6:amd64 (2:1.6.4-3ubuntu0.2) ...
Setting up libgl1-mesa-dri:amd64 (19.0.8-0ubuntu0~18.04.2) ...
Setting up libxmuu1:amd64 (2:1.1.2-2) ...
Setting up libxcb-sync1:amd64 (1.13-2~ubuntu18.04) ...
Setting up libgssapi-krb5-2:amd64 (1.16-2ubuntu0.1) ...
Setting up libice-dev:amd64 (2:1.0.9-2) ...
Setting up libxcomposite1:amd64 (1:0.4.4-2) ...
Setting up libxpm4:amd64 (1:3.5.12-1) ...
Setting up libxt6:amd64 (1:1.1.5-1) ...
Setting up libxcb-shape0:amd64 (1.13-2~ubuntu18.04) ...
Setting up libxrender1:amd64 (1:0.9.10-1) ...
Setting up libxcb1-dev:amd64 (1.13-2~ubuntu18.04) ...
Setting up libavahi-client3:amd64 (0.7-3.1ubuntu1.2) ...
Setting up libx11-dev:amd64 (2:1.6.4-3ubuntu0.2) ...
Setting up libxft2:amd64 (2.3.2-1) ...
Setting up libcups2:amd64 (2.2.7-1ubuntu2.7) ...
Setting up libsm-dev:amd64 (2:1.2.2-1) ...
Setting up libxdamage1:amd64 (1:1.1.4-3) ...
Setting up libxext6:amd64 (2:1.3.3-1) ...
Setting up libxfixes3:amd64 (1:5.0.3-1) ...
Setting up libatspi2.0-0:amd64 (2.28.0-1) ...
Setting up libxtst6:amd64 (2:1.2.3-1) ...
Setting up libxmu6:amd64 (2:1.1.2-2) ...
Setting up libxxf86dga1:amd64 (2:1.1.4-1) ...
Setting up libatk-bridge2.0-0:amd64 (2.26.2-1) ...
Setting up libxv1:amd64 (2:1.0.11-1) ...
Setting up libxxf86vm1:amd64 (1:1.1.4-1) ...
Setting up libxrandr2:amd64 (2:1.5.1-1) ...
Setting up libglx-mesa0:amd64 (19.0.8-0ubuntu0~18.04.2) ...
Setting up libxi6:amd64 (2:1.7.9-1) ...
Setting up libxaw7:amd64 (2:1.0.13-1) ...
Setting up libxinerama1:amd64 (2:1.1.3-1) ...
Setting up libxt-dev:amd64 (1:1.1.5-1) ...
Setting up at-spi2-core (2.28.0-1) ...
Setting up libglx0:amd64 (1.0.0-2ubuntu2.3) ...
Setting up libgl1:amd64 (1.0.0-2ubuntu2.3) ...
Setting up x11-utils (7.7+3build1) ...
Setting up libatk-wrapper-java (0.33.3-20ubuntu0.1) ...
Setting up libatk-wrapper-java-jni:amd64 (0.33.3-20ubuntu0.1) ...
Setting up openjdk-11-jre-headless:amd64 (11.0.4+11-1ubuntu2~18.04.3) ...
update-alternatives: using /usr/lib/jvm/java-11-openjdk-amd64/bin/rmid to provide /usr/bin/rmid (rmid) in auto mode
update-alternatives: using /usr/lib/jvm/java-11-openjdk-amd64/bin/java to provide /usr/bin/java (java) in auto mode
update-alternatives: using /usr/lib/jvm/java-11-openjdk-amd64/bin/keytool to provide /usr/bin/keytool (keytool) in auto mode
update-alternatives: using /usr/lib/jvm/java-11-openjdk-amd64/bin/jjs to provide /usr/bin/jjs (jjs) in auto mode
update-alternatives: using /usr/lib/jvm/java-11-openjdk-amd64/bin/pack200 to provide /usr/bin/pack200 (pack200) in auto mode
update-alternatives: using /usr/lib/jvm/java-11-openjdk-amd64/bin/rmiregistry to provide /usr/bin/rmiregistry (rmiregistry) in auto mode
update-alternatives: using /usr/lib/jvm/java-11-openjdk-amd64/bin/unpack200 to provide /usr/bin/unpack200 (unpack200) in auto mode
update-alternatives: using /usr/lib/jvm/java-11-openjdk-amd64/lib/jexec to provide /usr/bin/jexec (jexec) in auto mode
Setting up openjdk-11-jdk-headless:amd64 (11.0.4+11-1ubuntu2~18.04.3) ...
update-alternatives: using /usr/lib/jvm/java-11-openjdk-amd64/bin/jar to provide /usr/bin/jar (jar) in auto mode
update-alternatives: using /usr/lib/jvm/java-11-openjdk-amd64/bin/jarsigner to provide /usr/bin/jarsigner (jarsigner) in auto mode
update-alternatives: using /usr/lib/jvm/java-11-openjdk-amd64/bin/javac to provide /usr/bin/javac (javac) in auto mode
update-alternatives: using /usr/lib/jvm/java-11-openjdk-amd64/bin/javadoc to provide /usr/bin/javadoc (javadoc) in auto mode
update-alternatives: using /usr/lib/jvm/java-11-openjdk-amd64/bin/javap to provide /usr/bin/javap (javap) in auto mode
update-alternatives: using /usr/lib/jvm/java-11-openjdk-amd64/bin/jcmd to provide /usr/bin/jcmd (jcmd) in auto mode
update-alternatives: using /usr/lib/jvm/java-11-openjdk-amd64/bin/jdb to provide /usr/bin/jdb (jdb) in auto mode
update-alternatives: using /usr/lib/jvm/java-11-openjdk-amd64/bin/jdeprscan to provide /usr/bin/jdeprscan (jdeprscan) in auto mode
update-alternatives: using /usr/lib/jvm/java-11-openjdk-amd64/bin/jdeps to provide /usr/bin/jdeps (jdeps) in auto mode
update-alternatives: using /usr/lib/jvm/java-11-openjdk-amd64/bin/jimage to provide /usr/bin/jimage (jimage) in auto mode
update-alternatives: using /usr/lib/jvm/java-11-openjdk-amd64/bin/jinfo to provide /usr/bin/jinfo (jinfo) in auto mode
update-alternatives: using /usr/lib/jvm/java-11-openjdk-amd64/bin/jlink to provide /usr/bin/jlink (jlink) in auto mode
update-alternatives: using /usr/lib/jvm/java-11-openjdk-amd64/bin/jmap to provide /usr/bin/jmap (jmap) in auto mode
update-alternatives: using /usr/lib/jvm/java-11-openjdk-amd64/bin/jmod to provide /usr/bin/jmod (jmod) in auto mode
update-alternatives: using /usr/lib/jvm/java-11-openjdk-amd64/bin/jps to provide /usr/bin/jps (jps) in auto mode
update-alternatives: using /usr/lib/jvm/java-11-openjdk-amd64/bin/jrunscript to provide /usr/bin/jrunscript (jrunscript) in auto mode
update-alternatives: using /usr/lib/jvm/java-11-openjdk-amd64/bin/jshell to provide /usr/bin/jshell (jshell) in auto mode
update-alternatives: using /usr/lib/jvm/java-11-openjdk-amd64/bin/jstack to provide /usr/bin/jstack (jstack) in auto mode
update-alternatives: using /usr/lib/jvm/java-11-openjdk-amd64/bin/jstat to provide /usr/bin/jstat (jstat) in auto mode
update-alternatives: using /usr/lib/jvm/java-11-openjdk-amd64/bin/jstatd to provide /usr/bin/jstatd (jstatd) in auto mode
update-alternatives: using /usr/lib/jvm/java-11-openjdk-amd64/bin/rmic to provide /usr/bin/rmic (rmic) in auto mode
update-alternatives: using /usr/lib/jvm/java-11-openjdk-amd64/bin/serialver to provide /usr/bin/serialver (serialver) in auto mode
update-alternatives: using /usr/lib/jvm/java-11-openjdk-amd64/bin/jaotc to provide /usr/bin/jaotc (jaotc) in auto mode
update-alternatives: using /usr/lib/jvm/java-11-openjdk-amd64/bin/jhsdb to provide /usr/bin/jhsdb (jhsdb) in auto mode
Setting up default-jre-headless (2:1.11-68ubuntu1~18.04.1) ...
Setting up default-jdk-headless (2:1.11-68ubuntu1~18.04.1) ...
Setting up openjdk-11-jre:amd64 (11.0.4+11-1ubuntu2~18.04.3) ...
Setting up ca-certificates-java (20180516ubuntu1~18.04.1) ...
head: cannot open '/etc/ssl/certs/java/cacerts' for reading: No such file or directory
Adding debian:SZAFIR_ROOT_CA2.pem
Adding debian:ACCVRAIZ1.pem
Adding debian:AC_RAIZ_FNMT-RCM.pem
Adding debian:Actalis_Authentication_Root_CA.pem
Adding debian:AddTrust_External_Root.pem
Adding debian:AffirmTrust_Commercial.pem
Adding debian:AffirmTrust_Networking.pem
Adding debian:AffirmTrust_Premium.pem
Adding debian:AffirmTrust_Premium_ECC.pem
Adding debian:Amazon_Root_CA_1.pem
Adding debian:Amazon_Root_CA_2.pem
Adding debian:Amazon_Root_CA_3.pem
Adding debian:Amazon_Root_CA_4.pem
Adding debian:Atos_TrustedRoot_2011.pem
Adding debian:Autoridad_de_Certificacion_Firmaprofesional_CIF_A62634068.pem
Adding debian:Baltimore_CyberTrust_Root.pem
Adding debian:Buypass_Class_2_Root_CA.pem
Adding debian:Buypass_Class_3_Root_CA.pem
Adding debian:CA_Disig_Root_R2.pem
Adding debian:CFCA_EV_ROOT.pem
Adding debian:COMODO_Certification_Authority.pem
Adding debian:COMODO_ECC_Certification_Authority.pem
Adding debian:COMODO_RSA_Certification_Authority.pem
Adding debian:Certigna.pem
Adding debian:Certinomis_-_Root_CA.pem
Adding debian:Certplus_Class_2_Primary_CA.pem
Adding debian:Certplus_Root_CA_G1.pem
Adding debian:Certplus_Root_CA_G2.pem
Adding debian:Certum_Trusted_Network_CA.pem
Adding debian:Certum_Trusted_Network_CA_2.pem
Adding debian:Chambers_of_Commerce_Root_-_2008.pem
Adding debian:Comodo_AAA_Services_root.pem
Adding debian:Cybertrust_Global_Root.pem
Adding debian:D-TRUST_Root_Class_3_CA_2_2009.pem
Adding debian:D-TRUST_Root_Class_3_CA_2_EV_2009.pem
Adding debian:DST_Root_CA_X3.pem
Adding debian:Deutsche_Telekom_Root_CA_2.pem
Adding debian:DigiCert_Assured_ID_Root_CA.pem
Adding debian:DigiCert_Assured_ID_Root_G2.pem
Adding debian:DigiCert_Assured_ID_Root_G3.pem
Adding debian:DigiCert_Global_Root_CA.pem
Adding debian:DigiCert_Global_Root_G2.pem
Adding debian:DigiCert_Global_Root_G3.pem
Adding debian:DigiCert_High_Assurance_EV_Root_CA.pem
Adding debian:DigiCert_Trusted_Root_G4.pem
Adding debian:E-Tugra_Certification_Authority.pem
Adding debian:EC-ACC.pem
Adding debian:EE_Certification_Centre_Root_CA.pem
Adding debian:Entrust.net_Premium_2048_Secure_Server_CA.pem
Adding debian:Entrust_Root_Certification_Authority.pem
Adding debian:Entrust_Root_Certification_Authority_-_EC1.pem
Adding debian:Entrust_Root_Certification_Authority_-_G2.pem
Adding debian:GDCA_TrustAUTH_R5_ROOT.pem
Adding debian:GeoTrust_Global_CA.pem
Adding debian:GeoTrust_Primary_Certification_Authority.pem
Adding debian:GeoTrust_Primary_Certification_Authority_-_G2.pem
Adding debian:GeoTrust_Primary_Certification_Authority_-_G3.pem
Adding debian:GeoTrust_Universal_CA.pem
Adding debian:GeoTrust_Universal_CA_2.pem
Adding debian:GlobalSign_ECC_Root_CA_-_R4.pem
Adding debian:GlobalSign_ECC_Root_CA_-_R5.pem
Adding debian:GlobalSign_Root_CA.pem
Adding debian:GlobalSign_Root_CA_-_R2.pem
Adding debian:GlobalSign_Root_CA_-_R3.pem
Adding debian:Global_Chambersign_Root_-_2008.pem
Adding debian:Go_Daddy_Class_2_CA.pem
Adding debian:Go_Daddy_Root_Certificate_Authority_-_G2.pem
Adding debian:Hellenic_Academic_and_Research_Institutions_ECC_RootCA_2015.pem
Adding debian:Hellenic_Academic_and_Research_Institutions_RootCA_2011.pem
Adding debian:Hellenic_Academic_and_Research_Institutions_RootCA_2015.pem
Adding debian:Hongkong_Post_Root_CA_1.pem
Adding debian:ISRG_Root_X1.pem
Adding debian:IdenTrust_Commercial_Root_CA_1.pem
Adding debian:IdenTrust_Public_Sector_Root_CA_1.pem
Adding debian:Izenpe.com.pem
Adding debian:LuxTrust_Global_Root_2.pem
Adding debian:Microsec_e-Szigno_Root_CA_2009.pem
Adding debian:NetLock_Arany_=Class_Gold=_Főtanúsítvány.pem
Adding debian:Network_Solutions_Certificate_Authority.pem
Adding debian:OISTE_WISeKey_Global_Root_GA_CA.pem
Adding debian:OISTE_WISeKey_Global_Root_GB_CA.pem
Adding debian:OpenTrust_Root_CA_G1.pem
Adding debian:OpenTrust_Root_CA_G2.pem
Adding debian:OpenTrust_Root_CA_G3.pem
Adding debian:QuoVadis_Root_CA.pem
Adding debian:QuoVadis_Root_CA_1_G3.pem
Adding debian:QuoVadis_Root_CA_2.pem
Adding debian:QuoVadis_Root_CA_2_G3.pem
Adding debian:QuoVadis_Root_CA_3.pem
Adding debian:QuoVadis_Root_CA_3_G3.pem
Adding debian:SSL.com_EV_Root_Certification_Authority_ECC.pem
Adding debian:SSL.com_EV_Root_Certification_Authority_RSA_R2.pem
Adding debian:SSL.com_Root_Certification_Authority_ECC.pem
Adding debian:SSL.com_Root_Certification_Authority_RSA.pem
Adding debian:SecureSign_RootCA11.pem
Adding debian:SecureTrust_CA.pem
Adding debian:Secure_Global_CA.pem
Adding debian:Security_Communication_RootCA2.pem
Adding debian:Security_Communication_Root_CA.pem
Adding debian:Sonera_Class_2_Root_CA.pem
Adding debian:Staat_der_Nederlanden_EV_Root_CA.pem
Adding debian:Staat_der_Nederlanden_Root_CA_-_G2.pem
Adding debian:Staat_der_Nederlanden_Root_CA_-_G3.pem
Adding debian:Starfield_Class_2_CA.pem
Adding debian:Starfield_Root_Certificate_Authority_-_G2.pem
Adding debian:Starfield_Services_Root_Certificate_Authority_-_G2.pem
Adding debian:SwissSign_Gold_CA_-_G2.pem
Adding debian:SwissSign_Silver_CA_-_G2.pem
Adding debian:T-TeleSec_GlobalRoot_Class_2.pem
Adding debian:T-TeleSec_GlobalRoot_Class_3.pem
Adding debian:TUBITAK_Kamu_SM_SSL_Kok_Sertifikasi_-_Surum_1.pem
Adding debian:TWCA_Global_Root_CA.pem
Adding debian:TWCA_Root_Certification_Authority.pem
Adding debian:Taiwan_GRCA.pem
Adding debian:TeliaSonera_Root_CA_v1.pem
Adding debian:TrustCor_ECA-1.pem
Adding debian:TrustCor_RootCert_CA-1.pem
Adding debian:TrustCor_RootCert_CA-2.pem
Adding debian:Trustis_FPS_Root_CA.pem
Adding debian:TÜRKTRUST_Elektronik_Sertifika_Hizmet_Sağlayıcısı_H5.pem
Adding debian:USERTrust_ECC_Certification_Authority.pem
Adding debian:USERTrust_RSA_Certification_Authority.pem
Adding debian:VeriSign_Class_3_Public_Primary_Certification_Authority_-_G4.pem
Adding debian:VeriSign_Class_3_Public_Primary_Certification_Authority_-_G5.pem
Adding debian:VeriSign_Universal_Root_Certification_Authority.pem
Adding debian:Verisign_Class_3_Public_Primary_Certification_Authority_-_G3.pem
Adding debian:Visa_eCommerce_Root.pem
Adding debian:XRamp_Global_CA_Root.pem
Adding debian:certSIGN_ROOT_CA.pem
Adding debian:ePKI_Root_Certification_Authority.pem
Adding debian:thawte_Primary_Root_CA.pem
Adding debian:thawte_Primary_Root_CA_-_G2.pem
Adding debian:thawte_Primary_Root_CA_-_G3.pem
done.
Setting up default-jre (2:1.11-68ubuntu1~18.04.1) ...
Setting up openjdk-11-jdk:amd64 (11.0.4+11-1ubuntu2~18.04.3) ...
update-alternatives: using /usr/lib/jvm/java-11-openjdk-amd64/bin/jconsole to provide /usr/bin/jconsole (jconsole) in auto mode
Setting up default-jdk (2:1.11-68ubuntu1~18.04.1) ...
Processing triggers for libc-bin (2.27-3ubuntu1) ...
Processing triggers for ca-certificates (20180409) ...
Updating certificates in /etc/ssl/certs...
0 added, 0 removed; done.
Running hooks in /etc/ca-certificates/update.d...

done.
done.
root@a9ec13616a4b:/# java -version
openjdk version "11.0.4" 2019-07-16
OpenJDK Runtime Environment (build 11.0.4+11-post-Ubuntu-1ubuntu218.04.3)
OpenJDK 64-Bit Server VM (build 11.0.4+11-post-Ubuntu-1ubuntu218.04.3, mixed mode, sharing)
root@a9ec13616a4b:/# exit
exit
[root@server1 image1]# docker -ps 
unknown shorthand flag: 'p' in -ps
See 'docker --help'.

Usage:	docker COMMAND

A self-sufficient runtime for containers

Options:
      --config string      Location of client config files (default "/root/.docker")
  -D, --debug              Enable debug mode
      --help               Print usage
  -H, --host list          Daemon socket(s) to connect to (default [])
  -l, --log-level string   Set the logging level ("debug", "info", "warn", "error", "fatal") (default "info")
      --tls                Use TLS; implied by --tlsverify
      --tlscacert string   Trust certs signed only by this CA (default "/root/.docker/ca.pem")
      --tlscert string     Path to TLS certificate file (default "/root/.docker/cert.pem")
      --tlskey string      Path to TLS key file (default "/root/.docker/key.pem")
      --tlsverify          Use TLS and verify the remote
  -v, --version            Print version information and quit

Management Commands:
  checkpoint  Manage checkpoints
  container   Manage containers
  image       Manage images
  network     Manage networks
  node        Manage Swarm nodes
  plugin      Manage plugins
  secret      Manage Docker secrets
  service     Manage services
  stack       Manage Docker stacks
  swarm       Manage Swarm
  system      Manage Docker
  volume      Manage volumes

Commands:
  attach      Attach to a running container
  build       Build an image from a Dockerfile
  commit      Create a new image from a container's changes
  cp          Copy files/folders between a container and the local filesystem
  create      Create a new container
  deploy      Deploy a new stack or update an existing stack
  diff        Inspect changes on a container's filesystem
  events      Get real time events from the server
  exec        Run a command in a running container
  export      Export a container's filesystem as a tar archive
  history     Show the history of an image
  images      List images
  import      Import the contents from a tarball to create a filesystem image
  info        Display system-wide information
  inspect     Return low-level information on Docker objects
  kill        Kill one or more running containers
  load        Load an image from a tar archive or STDIN
  login       Log in to a Docker registry
  logout      Log out from a Docker registry
  logs        Fetch the logs of a container
  pause       Pause all processes within one or more containers
  port        List port mappings or a specific mapping for the container
  ps          List containers
  pull        Pull an image or a repository from a registry
  push        Push an image or a repository to a registry
  rename      Rename a container
  restart     Restart one or more containers
  rm          Remove one or more containers
  rmi         Remove one or more images
  run         Run a command in a new container
  save        Save one or more images to a tar archive (streamed to STDOUT by default)
  search      Search the Docker Hub for images
  start       Start one or more stopped containers
  stats       Display a live stream of container(s) resource usage statistics
  stop        Stop one or more running containers
  tag         Create a tag TARGET_IMAGE that refers to SOURCE_IMAGE
  top         Display the running processes of a container
  unpause     Unpause all processes within one or more containers
  update      Update configuration of one or more containers
  version     Show the Docker version information
  wait        Block until one or more containers stop, then print their exit codes

Run 'docker COMMAND --help' for more information on a command.

[root@server1 image1]# docker ps
CONTAINER ID        IMAGE               COMMAND              CREATED             STATUS              PORTS                  NAMES
d723849aa8ff        httpd               "httpd-foreground"   About an hour ago   Up About an hour    0.0.0.0:3300->80/tcp   website1
[root@server1 image1]# docker ps -a
CONTAINER ID        IMAGE               COMMAND              CREATED             STATUS                       PORTS                  NAMES
a9ec13616a4b        ubuntu              "/bin/bash"          17 minutes ago      Exited (0) 18 seconds ago                           c10
69a8779bc96d        hello-world:n2      "/myapp/file1"       20 minutes ago      Exited (17) 20 minutes ago                          c2
6ce1cbd8fd0a        hello-world         "/myapp/file1"       25 minutes ago      Exited (5) 25 minutes ago                           c1
d723849aa8ff        httpd               "httpd-foreground"   About an hour ago   Up About an hour             0.0.0.0:3300->80/tcp   website1
[root@server1 image1]# docker commit c10 openjdk:11
sha256:90fb0097515a619041d4f8a62f3b95b64dc97ef9f12ab73a2128855bd7120a79
[root@server1 image1]# docker images
REPOSITORY          TAG                 IMAGE ID            CREATED             SIZE
openjdk             11                  90fb0097515a        23 seconds ago      653 MB
hello-world         n2                  f818b06c8867        23 minutes ago      201 MB
hello-world         latest              86c634561eaf        27 minutes ago      201 MB
docker.io/ubuntu    latest              2ca708c1c9cc        5 days ago          64.2 MB
docker.io/httpd     latest              19459a872194        11 days ago         154 MB
[root@server1 image1]# cd ..
[root@server1 /]# mkdir connect
[root@server1 /]# cd /connect/
[root@server1 connect]# vi test.py
[root@server1 connect]# ls /r
root/ run/  
[root@server1 connect]# ls /root/
anaconda-ks.cfg  Documents  initial-setup-ks.cfg  mailer.json  phabinst  Public    Templates
Desktop          Downloads  Maildir               Music        Pictures  start.sh  Videos
[root@server1 connect]# cp /root/Downloads/test.py ./
cp: overwrite ‘./test.py’? y
[root@server1 connect]# cp /root/Downloads/Dockerfile ./
[root@server1 connect]# ls
Dockerfile  test.py
[root@server1 connect]# vi Dockerfile 
[root@server1 connect]# cat test.py
import mysql.connector

mydb = mysql.connector.connect(
	host="mysql1",
	user="root",
	passwd="password",
	auth_plugin="mysql_native_password"
)

testcursor = mydb.cursor()
testcursor.execute("CREATE DATABASE studentdb")
  
testcursor.execute("SHOW DATABASES")

for x in testcursor:
	print(x)

[root@server1 connect]# vi Dockerfile 
[root@server1 connect]# docker build -t pythondb .
Sending build context to Docker daemon 3.072 kB
Step 1/8 : FROM ubuntu
 ---> 2ca708c1c9cc
Step 2/8 : RUN apt update -y && apt upgrade -y
 ---> Using cache
 ---> a140eba4fac4
Step 3/8 : RUN apt install python -y
 ---> Running in aca707a65289


WARNING: apt does not have a stable CLI interface. Use with caution in scripts.

Reading package lists...
Building dependency tree...
Reading state information...
The following additional packages will be installed:
  file libexpat1 libmagic-mgc libmagic1 libpython-stdlib libpython2.7-minimal
  libpython2.7-stdlib libreadline7 libsqlite3-0 libssl1.1 mime-support
  python-minimal python2.7 python2.7-minimal readline-common xz-utils
Suggested packages:
  python-doc python-tk python2.7-doc binutils binfmt-support readline-doc
The following NEW packages will be installed:
  file libexpat1 libmagic-mgc libmagic1 libpython-stdlib libpython2.7-minimal
  libpython2.7-stdlib libreadline7 libsqlite3-0 libssl1.1 mime-support python
  python-minimal python2.7 python2.7-minimal readline-common xz-utils
0 upgraded, 17 newly installed, 0 to remove and 0 not upgraded.
Need to get 6401 kB of archives.
After this operation, 28.8 MB of additional disk space will be used.
Get:1 http://archive.ubuntu.com/ubuntu bionic-updates/main amd64 libpython2.7-minimal amd64 2.7.15-4ubuntu4~18.04.1 [336 kB]
Get:2 http://archive.ubuntu.com/ubuntu bionic-updates/main amd64 python2.7-minimal amd64 2.7.15-4ubuntu4~18.04.1 [1293 kB]
Get:3 http://archive.ubuntu.com/ubuntu bionic/main amd64 python-minimal amd64 2.7.15~rc1-1 [28.1 kB]
Get:4 http://archive.ubuntu.com/ubuntu bionic/main amd64 mime-support all 3.60ubuntu1 [30.1 kB]
Get:5 http://archive.ubuntu.com/ubuntu bionic-updates/main amd64 libexpat1 amd64 2.2.5-3ubuntu0.2 [80.5 kB]
Get:6 http://archive.ubuntu.com/ubuntu bionic/main amd64 readline-common all 7.0-3 [52.9 kB]
Get:7 http://archive.ubuntu.com/ubuntu bionic/main amd64 libreadline7 amd64 7.0-3 [124 kB]
Get:8 http://archive.ubuntu.com/ubuntu bionic-updates/main amd64 libsqlite3-0 amd64 3.22.0-1ubuntu0.1 [497 kB]
Get:9 http://archive.ubuntu.com/ubuntu bionic-updates/main amd64 libssl1.1 amd64 1.1.1-1ubuntu2.1~18.04.4 [1300 kB]
Get:10 http://archive.ubuntu.com/ubuntu bionic-updates/main amd64 libpython2.7-stdlib amd64 2.7.15-4ubuntu4~18.04.1 [1915 kB]
Get:11 http://archive.ubuntu.com/ubuntu bionic-updates/main amd64 python2.7 amd64 2.7.15-4ubuntu4~18.04.1 [239 kB]
Get:12 http://archive.ubuntu.com/ubuntu bionic/main amd64 libpython-stdlib amd64 2.7.15~rc1-1 [7620 B]
Get:13 http://archive.ubuntu.com/ubuntu bionic/main amd64 python amd64 2.7.15~rc1-1 [140 kB]
Get:14 http://archive.ubuntu.com/ubuntu bionic-updates/main amd64 libmagic-mgc amd64 1:5.32-2ubuntu0.2 [184 kB]
Get:15 http://archive.ubuntu.com/ubuntu bionic-updates/main amd64 libmagic1 amd64 1:5.32-2ubuntu0.2 [68.5 kB]
Get:16 http://archive.ubuntu.com/ubuntu bionic-updates/main amd64 file amd64 1:5.32-2ubuntu0.2 [22.1 kB]
Get:17 http://archive.ubuntu.com/ubuntu bionic/main amd64 xz-utils amd64 5.2.2-1.3 [83.8 kB]
debconf: delaying package configuration, since apt-utils is not installed
Fetched 6401 kB in 27s (236 kB/s)
Selecting previously unselected package libpython2.7-minimal:amd64.
(Reading database ... 4046 files and directories currently installed.)
Preparing to unpack .../00-libpython2.7-minimal_2.7.15-4ubuntu4~18.04.1_amd64.deb ...
Unpacking libpython2.7-minimal:amd64 (2.7.15-4ubuntu4~18.04.1) ...
Selecting previously unselected package python2.7-minimal.
Preparing to unpack .../01-python2.7-minimal_2.7.15-4ubuntu4~18.04.1_amd64.deb ...
Unpacking python2.7-minimal (2.7.15-4ubuntu4~18.04.1) ...
Selecting previously unselected package python-minimal.
Preparing to unpack .../02-python-minimal_2.7.15~rc1-1_amd64.deb ...
Unpacking python-minimal (2.7.15~rc1-1) ...
Selecting previously unselected package mime-support.
Preparing to unpack .../03-mime-support_3.60ubuntu1_all.deb ...
Unpacking mime-support (3.60ubuntu1) ...
Selecting previously unselected package libexpat1:amd64.
Preparing to unpack .../04-libexpat1_2.2.5-3ubuntu0.2_amd64.deb ...
Unpacking libexpat1:amd64 (2.2.5-3ubuntu0.2) ...
Selecting previously unselected package readline-common.
Preparing to unpack .../05-readline-common_7.0-3_all.deb ...
Unpacking readline-common (7.0-3) ...
Selecting previously unselected package libreadline7:amd64.
Preparing to unpack .../06-libreadline7_7.0-3_amd64.deb ...
Unpacking libreadline7:amd64 (7.0-3) ...
Selecting previously unselected package libsqlite3-0:amd64.
Preparing to unpack .../07-libsqlite3-0_3.22.0-1ubuntu0.1_amd64.deb ...
Unpacking libsqlite3-0:amd64 (3.22.0-1ubuntu0.1) ...
Selecting previously unselected package libssl1.1:amd64.
Preparing to unpack .../08-libssl1.1_1.1.1-1ubuntu2.1~18.04.4_amd64.deb ...
Unpacking libssl1.1:amd64 (1.1.1-1ubuntu2.1~18.04.4) ...
Selecting previously unselected package libpython2.7-stdlib:amd64.
Preparing to unpack .../09-libpython2.7-stdlib_2.7.15-4ubuntu4~18.04.1_amd64.deb ...
Unpacking libpython2.7-stdlib:amd64 (2.7.15-4ubuntu4~18.04.1) ...
Selecting previously unselected package python2.7.
Preparing to unpack .../10-python2.7_2.7.15-4ubuntu4~18.04.1_amd64.deb ...
Unpacking python2.7 (2.7.15-4ubuntu4~18.04.1) ...
Selecting previously unselected package libpython-stdlib:amd64.
Preparing to unpack .../11-libpython-stdlib_2.7.15~rc1-1_amd64.deb ...
Unpacking libpython-stdlib:amd64 (2.7.15~rc1-1) ...
Setting up libpython2.7-minimal:amd64 (2.7.15-4ubuntu4~18.04.1) ...
Setting up python2.7-minimal (2.7.15-4ubuntu4~18.04.1) ...
Linking and byte-compiling packages for runtime python2.7...
Setting up python-minimal (2.7.15~rc1-1) ...
Selecting previously unselected package python.
(Reading database ... 4870 files and directories currently installed.)
Preparing to unpack .../python_2.7.15~rc1-1_amd64.deb ...
Unpacking python (2.7.15~rc1-1) ...
Selecting previously unselected package libmagic-mgc.
Preparing to unpack .../libmagic-mgc_1%3a5.32-2ubuntu0.2_amd64.deb ...
Unpacking libmagic-mgc (1:5.32-2ubuntu0.2) ...
Selecting previously unselected package libmagic1:amd64.
Preparing to unpack .../libmagic1_1%3a5.32-2ubuntu0.2_amd64.deb ...
Unpacking libmagic1:amd64 (1:5.32-2ubuntu0.2) ...
Selecting previously unselected package file.
Preparing to unpack .../file_1%3a5.32-2ubuntu0.2_amd64.deb ...
Unpacking file (1:5.32-2ubuntu0.2) ...
Selecting previously unselected package xz-utils.
Preparing to unpack .../xz-utils_5.2.2-1.3_amd64.deb ...
Unpacking xz-utils (5.2.2-1.3) ...
Setting up readline-common (7.0-3) ...
Setting up libexpat1:amd64 (2.2.5-3ubuntu0.2) ...
Setting up mime-support (3.60ubuntu1) ...
Setting up libreadline7:amd64 (7.0-3) ...
Setting up libmagic-mgc (1:5.32-2ubuntu0.2) ...
Setting up libmagic1:amd64 (1:5.32-2ubuntu0.2) ...
Setting up libssl1.1:amd64 (1.1.1-1ubuntu2.1~18.04.4) ...
debconf: unable to initialize frontend: Dialog
debconf: (TERM is not set, so the dialog frontend is not usable.)
debconf: falling back to frontend: Readline
debconf: unable to initialize frontend: Readline
debconf: (Can't locate Term/ReadLine.pm in @INC (you may need to install the Term::ReadLine module) (@INC contains: /etc/perl /usr/local/lib/x86_64-linux-gnu/perl/5.26.1 /usr/local/share/perl/5.26.1 /usr/lib/x86_64-linux-gnu/perl5/5.26 /usr/share/perl5 /usr/lib/x86_64-linux-gnu/perl/5.26 /usr/share/perl/5.26 /usr/local/lib/site_perl /usr/lib/x86_64-linux-gnu/perl-base) at /usr/share/perl5/Debconf/FrontEnd/Readline.pm line 7.)
debconf: falling back to frontend: Teletype
Setting up xz-utils (5.2.2-1.3) ...
update-alternatives: using /usr/bin/xz to provide /usr/bin/lzma (lzma) in auto mode
update-alternatives: warning: skip creation of /usr/share/man/man1/lzma.1.gz because associated file /usr/share/man/man1/xz.1.gz (of link group lzma) doesn't exist
update-alternatives: warning: skip creation of /usr/share/man/man1/unlzma.1.gz because associated file /usr/share/man/man1/unxz.1.gz (of link group lzma) doesn't exist
update-alternatives: warning: skip creation of /usr/share/man/man1/lzcat.1.gz because associated file /usr/share/man/man1/xzcat.1.gz (of link group lzma) doesn't exist
update-alternatives: warning: skip creation of /usr/share/man/man1/lzmore.1.gz because associated file /usr/share/man/man1/xzmore.1.gz (of link group lzma) doesn't exist
update-alternatives: warning: skip creation of /usr/share/man/man1/lzless.1.gz because associated file /usr/share/man/man1/xzless.1.gz (of link group lzma) doesn't exist
update-alternatives: warning: skip creation of /usr/share/man/man1/lzdiff.1.gz because associated file /usr/share/man/man1/xzdiff.1.gz (of link group lzma) doesn't exist
update-alternatives: warning: skip creation of /usr/share/man/man1/lzcmp.1.gz because associated file /usr/share/man/man1/xzcmp.1.gz (of link group lzma) doesn't exist
update-alternatives: warning: skip creation of /usr/share/man/man1/lzgrep.1.gz because associated file /usr/share/man/man1/xzgrep.1.gz (of link group lzma) doesn't exist
update-alternatives: warning: skip creation of /usr/share/man/man1/lzegrep.1.gz because associated file /usr/share/man/man1/xzegrep.1.gz (of link group lzma) doesn't exist
update-alternatives: warning: skip creation of /usr/share/man/man1/lzfgrep.1.gz because associated file /usr/share/man/man1/xzfgrep.1.gz (of link group lzma) doesn't exist
Setting up libsqlite3-0:amd64 (3.22.0-1ubuntu0.1) ...
Setting up libpython2.7-stdlib:amd64 (2.7.15-4ubuntu4~18.04.1) ...
Setting up python2.7 (2.7.15-4ubuntu4~18.04.1) ...
Setting up file (1:5.32-2ubuntu0.2) ...
Setting up libpython-stdlib:amd64 (2.7.15~rc1-1) ...
Setting up python (2.7.15~rc1-1) ...
Processing triggers for libc-bin (2.27-3ubuntu1) ...
 ---> 94633ff3ffba
Removing intermediate container aca707a65289
Step 4/8 : RUN apt install python-pip -y
 ---> Running in 4b0fbecfd3d1


WARNING: apt does not have a stable CLI interface. Use with caution in scripts.

Reading package lists...
Building dependency tree...
Reading state information...
The following additional packages will be installed:
  binutils binutils-common binutils-x86-64-linux-gnu build-essential
  ca-certificates cpp cpp-7 dbus dirmngr dpkg-dev fakeroot g++ g++-7 gcc gcc-7
  gcc-7-base gir1.2-glib-2.0 gnupg gnupg-l10n gnupg-utils gpg gpg-agent
  gpg-wks-client gpg-wks-server gpgconf gpgsm libalgorithm-diff-perl
  libalgorithm-diff-xs-perl libalgorithm-merge-perl libapparmor1 libasan4
  libasn1-8-heimdal libassuan0 libatomic1 libbinutils libc-dev-bin libc6-dev
  libcc1-0 libcilkrts5 libdbus-1-3 libdpkg-perl libexpat1-dev libfakeroot
  libfile-fcntllock-perl libgcc-7-dev libgdbm-compat4 libgdbm5
  libgirepository-1.0-1 libglib2.0-0 libglib2.0-data libgomp1
  libgssapi3-heimdal libhcrypto4-heimdal libheimbase1-heimdal
  libheimntlm0-heimdal libhx509-5-heimdal libicu60 libisl19 libitm1
  libkrb5-26-heimdal libksba8 libldap-2.4-2 libldap-common
  liblocale-gettext-perl liblsan0 libmpc3 libmpfr6 libmpx2 libnpth0
  libperl5.26 libpython-all-dev libpython-dev libpython2.7 libpython2.7-dev
  libquadmath0 libroken18-heimdal libsasl2-2 libsasl2-modules
  libsasl2-modules-db libstdc++-7-dev libtsan0 libubsan0 libwind0-heimdal
  libxml2 linux-libc-dev make manpages manpages-dev netbase openssl patch perl
  perl-modules-5.26 pinentry-curses python-all python-all-dev
  python-asn1crypto python-cffi-backend python-crypto python-cryptography
  python-dbus python-dev python-enum34 python-gi python-idna python-ipaddress
  python-keyring python-keyrings.alt python-pip-whl python-pkg-resources
  python-secretstorage python-setuptools python-six python-wheel python-xdg
  python2.7-dev shared-mime-info xdg-user-dirs
Suggested packages:
  binutils-doc cpp-doc gcc-7-locales default-dbus-session-bus
  | dbus-session-bus dbus-user-session libpam-systemd pinentry-gnome3 tor
  debian-keyring g++-multilib g++-7-multilib gcc-7-doc libstdc++6-7-dbg
  gcc-multilib autoconf automake libtool flex bison gdb gcc-doc gcc-7-multilib
  libgcc1-dbg libgomp1-dbg libitm1-dbg libatomic1-dbg libasan4-dbg
  liblsan0-dbg libtsan0-dbg libubsan0-dbg libcilkrts5-dbg libmpx2-dbg
  libquadmath0-dbg parcimonie xloadimage scdaemon glibc-doc git bzr gdbm-l10n
  libsasl2-modules-gssapi-mit | libsasl2-modules-gssapi-heimdal
  libsasl2-modules-ldap libsasl2-modules-otp libsasl2-modules-sql
  libstdc++-7-doc make-doc man-browser ed diffutils-doc perl-doc
  libterm-readline-gnu-perl | libterm-readline-perl-perl pinentry-doc
  python-crypto-doc python-cryptography-doc python-cryptography-vectors
  python-dbus-dbg python-dbus-doc python-enum34-doc python-gi-cairo
  gnome-keyring libkf5wallet-bin gir1.2-gnomekeyring-1.0 python-fs
  python-gdata python-keyczar python-secretstorage-doc python-setuptools-doc
The following NEW packages will be installed:
  binutils binutils-common binutils-x86-64-linux-gnu build-essential
  ca-certificates cpp cpp-7 dbus dirmngr dpkg-dev fakeroot g++ g++-7 gcc gcc-7
  gcc-7-base gir1.2-glib-2.0 gnupg gnupg-l10n gnupg-utils gpg gpg-agent
  gpg-wks-client gpg-wks-server gpgconf gpgsm libalgorithm-diff-perl
  libalgorithm-diff-xs-perl libalgorithm-merge-perl libapparmor1 libasan4
  libasn1-8-heimdal libassuan0 libatomic1 libbinutils libc-dev-bin libc6-dev
  libcc1-0 libcilkrts5 libdbus-1-3 libdpkg-perl libexpat1-dev libfakeroot
  libfile-fcntllock-perl libgcc-7-dev libgdbm-compat4 libgdbm5
  libgirepository-1.0-1 libglib2.0-0 libglib2.0-data libgomp1
  libgssapi3-heimdal libhcrypto4-heimdal libheimbase1-heimdal
  libheimntlm0-heimdal libhx509-5-heimdal libicu60 libisl19 libitm1
  libkrb5-26-heimdal libksba8 libldap-2.4-2 libldap-common
  liblocale-gettext-perl liblsan0 libmpc3 libmpfr6 libmpx2 libnpth0
  libperl5.26 libpython-all-dev libpython-dev libpython2.7 libpython2.7-dev
  libquadmath0 libroken18-heimdal libsasl2-2 libsasl2-modules
  libsasl2-modules-db libstdc++-7-dev libtsan0 libubsan0 libwind0-heimdal
  libxml2 linux-libc-dev make manpages manpages-dev netbase openssl patch perl
  perl-modules-5.26 pinentry-curses python-all python-all-dev
  python-asn1crypto python-cffi-backend python-crypto python-cryptography
  python-dbus python-dev python-enum34 python-gi python-idna python-ipaddress
  python-keyring python-keyrings.alt python-pip python-pip-whl
  python-pkg-resources python-secretstorage python-setuptools python-six
  python-wheel python-xdg python2.7-dev shared-mime-info xdg-user-dirs
0 upgraded, 119 newly installed, 0 to remove and 0 not upgraded.
Need to get 93.4 MB of archives.
After this operation, 317 MB of additional disk space will be used.
Get:1 http://archive.ubuntu.com/ubuntu bionic/main amd64 liblocale-gettext-perl amd64 1.07-3build2 [16.6 kB]
Get:2 http://archive.ubuntu.com/ubuntu bionic-updates/main amd64 perl-modules-5.26 all 5.26.1-6ubuntu0.3 [2763 kB]
Get:3 http://archive.ubuntu.com/ubuntu bionic/main amd64 libgdbm5 amd64 1.14.1-6 [26.0 kB]
Get:4 http://archive.ubuntu.com/ubuntu bionic/main amd64 libgdbm-compat4 amd64 1.14.1-6 [6084 B]
Get:5 http://archive.ubuntu.com/ubuntu bionic-updates/main amd64 libperl5.26 amd64 5.26.1-6ubuntu0.3 [3527 kB]
Get:6 http://archive.ubuntu.com/ubuntu bionic-updates/main amd64 perl amd64 5.26.1-6ubuntu0.3 [201 kB]
Get:7 http://archive.ubuntu.com/ubuntu bionic-updates/main amd64 openssl amd64 1.1.1-1ubuntu2.1~18.04.4 [613 kB]
Get:8 http://archive.ubuntu.com/ubuntu bionic/main amd64 ca-certificates all 20180409 [151 kB]
Get:9 http://archive.ubuntu.com/ubuntu bionic-updates/main amd64 libapparmor1 amd64 2.12-4ubuntu5.1 [31.3 kB]
Get:10 http://archive.ubuntu.com/ubuntu bionic-updates/main amd64 libdbus-1-3 amd64 1.12.2-1ubuntu1.1 [175 kB]
Get:11 http://archive.ubuntu.com/ubuntu bionic-updates/main amd64 dbus amd64 1.12.2-1ubuntu1.1 [150 kB]
Get:12 http://archive.ubuntu.com/ubuntu bionic-updates/main amd64 libglib2.0-0 amd64 2.56.4-0ubuntu0.18.04.4 [1169 kB]
Get:13 http://archive.ubuntu.com/ubuntu bionic/main amd64 libgirepository-1.0-1 amd64 1.56.1-1 [82.0 kB]
Get:14 http://archive.ubuntu.com/ubuntu bionic/main amd64 gir1.2-glib-2.0 amd64 1.56.1-1 [131 kB]
Get:15 http://archive.ubuntu.com/ubuntu bionic-updates/main amd64 libglib2.0-data all 2.56.4-0ubuntu0.18.04.4 [4496 B]
Get:16 http://archive.ubuntu.com/ubuntu bionic/main amd64 libicu60 amd64 60.2-3ubuntu3 [8054 kB]
Get:17 http://archive.ubuntu.com/ubuntu bionic-updates/main amd64 libxml2 amd64 2.9.4+dfsg1-6.1ubuntu1.2 [663 kB]
Get:18 http://archive.ubuntu.com/ubuntu bionic/main amd64 netbase all 5.4 [12.7 kB]
Get:19 http://archive.ubuntu.com/ubuntu bionic/main amd64 shared-mime-info amd64 1.9-2 [426 kB]
Get:20 http://archive.ubuntu.com/ubuntu bionic/main amd64 xdg-user-dirs amd64 0.17-1ubuntu1 [48.0 kB]
Get:21 http://archive.ubuntu.com/ubuntu bionic/main amd64 manpages all 4.15-1 [1234 kB]
Get:22 http://archive.ubuntu.com/ubuntu bionic-updates/main amd64 binutils-common amd64 2.30-21ubuntu1~18.04.2 [193 kB]
Get:23 http://archive.ubuntu.com/ubuntu bionic-updates/main amd64 libbinutils amd64 2.30-21ubuntu1~18.04.2 [503 kB]
Get:24 http://archive.ubuntu.com/ubuntu bionic-updates/main amd64 binutils-x86-64-linux-gnu amd64 2.30-21ubuntu1~18.04.2 [1856 kB]
Get:25 http://archive.ubuntu.com/ubuntu bionic-updates/main amd64 binutils amd64 2.30-21ubuntu1~18.04.2 [3396 B]
Get:26 http://archive.ubuntu.com/ubuntu bionic/main amd64 libc-dev-bin amd64 2.27-3ubuntu1 [71.8 kB]
Get:27 http://archive.ubuntu.com/ubuntu bionic-updates/main amd64 linux-libc-dev amd64 4.15.0-64.73 [1123 kB]
Get:28 http://archive.ubuntu.com/ubuntu bionic/main amd64 libc6-dev amd64 2.27-3ubuntu1 [2587 kB]
Get:29 http://archive.ubuntu.com/ubuntu bionic-updates/main amd64 gcc-7-base amd64 7.4.0-1ubuntu1~18.04.1 [18.9 kB]
Get:30 http://archive.ubuntu.com/ubuntu bionic/main amd64 libisl19 amd64 0.19-1 [551 kB]
Get:31 http://archive.ubuntu.com/ubuntu bionic/main amd64 libmpfr6 amd64 4.0.1-1 [243 kB]
Get:32 http://archive.ubuntu.com/ubuntu bionic/main amd64 libmpc3 amd64 1.1.0-1 [40.8 kB]
Get:33 http://archive.ubuntu.com/ubuntu bionic-updates/main amd64 cpp-7 amd64 7.4.0-1ubuntu1~18.04.1 [6742 kB]
Get:34 http://archive.ubuntu.com/ubuntu bionic-updates/main amd64 cpp amd64 4:7.4.0-1ubuntu2.3 [27.7 kB]
Get:35 http://archive.ubuntu.com/ubuntu bionic-updates/main amd64 libcc1-0 amd64 8.3.0-6ubuntu1~18.04.1 [47.4 kB]
Get:36 http://archive.ubuntu.com/ubuntu bionic-updates/main amd64 libgomp1 amd64 8.3.0-6ubuntu1~18.04.1 [76.4 kB]
Get:37 http://archive.ubuntu.com/ubuntu bionic-updates/main amd64 libitm1 amd64 8.3.0-6ubuntu1~18.04.1 [28.0 kB]
Get:38 http://archive.ubuntu.com/ubuntu bionic-updates/main amd64 libatomic1 amd64 8.3.0-6ubuntu1~18.04.1 [9184 B]
Get:39 http://archive.ubuntu.com/ubuntu bionic-updates/main amd64 libasan4 amd64 7.4.0-1ubuntu1~18.04.1 [359 kB]
Get:40 http://archive.ubuntu.com/ubuntu bionic-updates/main amd64 liblsan0 amd64 8.3.0-6ubuntu1~18.04.1 [133 kB]
Get:41 http://archive.ubuntu.com/ubuntu bionic-updates/main amd64 libtsan0 amd64 8.3.0-6ubuntu1~18.04.1 [288 kB]
Get:42 http://archive.ubuntu.com/ubuntu bionic-updates/main amd64 libubsan0 amd64 7.4.0-1ubuntu1~18.04.1 [126 kB]
Get:43 http://archive.ubuntu.com/ubuntu bionic-updates/main amd64 libcilkrts5 amd64 7.4.0-1ubuntu1~18.04.1 [42.5 kB]
Get:44 http://archive.ubuntu.com/ubuntu bionic-updates/main amd64 libmpx2 amd64 8.3.0-6ubuntu1~18.04.1 [11.6 kB]
Get:45 http://archive.ubuntu.com/ubuntu bionic-updates/main amd64 libquadmath0 amd64 8.3.0-6ubuntu1~18.04.1 [133 kB]
Get:46 http://archive.ubuntu.com/ubuntu bionic-updates/main amd64 libgcc-7-dev amd64 7.4.0-1ubuntu1~18.04.1 [2381 kB]
Get:47 http://archive.ubuntu.com/ubuntu bionic-updates/main amd64 gcc-7 amd64 7.4.0-1ubuntu1~18.04.1 [7463 kB]
Get:48 http://archive.ubuntu.com/ubuntu bionic-updates/main amd64 gcc amd64 4:7.4.0-1ubuntu2.3 [5184 B]
Get:49 http://archive.ubuntu.com/ubuntu bionic-updates/main amd64 libstdc++-7-dev amd64 7.4.0-1ubuntu1~18.04.1 [1468 kB]
Get:50 http://archive.ubuntu.com/ubuntu bionic-updates/main amd64 g++-7 amd64 7.4.0-1ubuntu1~18.04.1 [7574 kB]
Get:51 http://archive.ubuntu.com/ubuntu bionic-updates/main amd64 g++ amd64 4:7.4.0-1ubuntu2.3 [1568 B]
Get:52 http://archive.ubuntu.com/ubuntu bionic/main amd64 make amd64 4.1-9.1ubuntu1 [154 kB]
Get:53 http://archive.ubuntu.com/ubuntu bionic-updates/main amd64 libdpkg-perl all 1.19.0.5ubuntu2.2 [211 kB]
Get:54 http://archive.ubuntu.com/ubuntu bionic-updates/main amd64 patch amd64 2.7.6-2ubuntu1.1 [102 kB]
Get:55 http://archive.ubuntu.com/ubuntu bionic-updates/main amd64 dpkg-dev all 1.19.0.5ubuntu2.2 [607 kB]
Get:56 http://archive.ubuntu.com/ubuntu bionic/main amd64 build-essential amd64 12.4ubuntu1 [4758 B]
Get:57 http://archive.ubuntu.com/ubuntu bionic/main amd64 libassuan0 amd64 2.5.1-2 [35.0 kB]
Get:58 http://archive.ubuntu.com/ubuntu bionic-updates/main amd64 gpgconf amd64 2.2.4-1ubuntu1.2 [123 kB]
Get:59 http://archive.ubuntu.com/ubuntu bionic/main amd64 libksba8 amd64 1.3.5-2 [92.6 kB]
Get:60 http://archive.ubuntu.com/ubuntu bionic/main amd64 libroken18-heimdal amd64 7.5.0+dfsg-1 [41.3 kB]
Get:61 http://archive.ubuntu.com/ubuntu bionic/main amd64 libasn1-8-heimdal amd64 7.5.0+dfsg-1 [175 kB]
Get:62 http://archive.ubuntu.com/ubuntu bionic/main amd64 libheimbase1-heimdal amd64 7.5.0+dfsg-1 [29.3 kB]
Get:63 http://archive.ubuntu.com/ubuntu bionic/main amd64 libhcrypto4-heimdal amd64 7.5.0+dfsg-1 [85.9 kB]
Get:64 http://archive.ubuntu.com/ubuntu bionic/main amd64 libwind0-heimdal amd64 7.5.0+dfsg-1 [47.8 kB]
Get:65 http://archive.ubuntu.com/ubuntu bionic/main amd64 libhx509-5-heimdal amd64 7.5.0+dfsg-1 [107 kB]
Get:66 http://archive.ubuntu.com/ubuntu bionic/main amd64 libkrb5-26-heimdal amd64 7.5.0+dfsg-1 [206 kB]
Get:67 http://archive.ubuntu.com/ubuntu bionic/main amd64 libheimntlm0-heimdal amd64 7.5.0+dfsg-1 [14.8 kB]
Get:68 http://archive.ubuntu.com/ubuntu bionic/main amd64 libgssapi3-heimdal amd64 7.5.0+dfsg-1 [96.5 kB]
Get:69 http://archive.ubuntu.com/ubuntu bionic/main amd64 libsasl2-modules-db amd64 2.1.27~101-g0780600+dfsg-3ubuntu2 [14.8 kB]
Get:70 http://archive.ubuntu.com/ubuntu bionic/main amd64 libsasl2-2 amd64 2.1.27~101-g0780600+dfsg-3ubuntu2 [49.2 kB]
Get:71 http://archive.ubuntu.com/ubuntu bionic-updates/main amd64 libldap-common all 2.4.45+dfsg-1ubuntu1.4 [16.9 kB]
Get:72 http://archive.ubuntu.com/ubuntu bionic-updates/main amd64 libldap-2.4-2 amd64 2.4.45+dfsg-1ubuntu1.4 [155 kB]
Get:73 http://archive.ubuntu.com/ubuntu bionic/main amd64 libnpth0 amd64 1.5-3 [7668 B]
Get:74 http://archive.ubuntu.com/ubuntu bionic-updates/main amd64 dirmngr amd64 2.2.4-1ubuntu1.2 [316 kB]
Get:75 http://archive.ubuntu.com/ubuntu bionic/main amd64 libfakeroot amd64 1.22-2ubuntu1 [25.9 kB]
Get:76 http://archive.ubuntu.com/ubuntu bionic/main amd64 fakeroot amd64 1.22-2ubuntu1 [62.3 kB]
Get:77 http://archive.ubuntu.com/ubuntu bionic-updates/main amd64 gnupg-l10n all 2.2.4-1ubuntu1.2 [49.6 kB]
Get:78 http://archive.ubuntu.com/ubuntu bionic-updates/main amd64 gnupg-utils amd64 2.2.4-1ubuntu1.2 [127 kB]
Get:79 http://archive.ubuntu.com/ubuntu bionic-updates/main amd64 gpg amd64 2.2.4-1ubuntu1.2 [467 kB]
Get:80 http://archive.ubuntu.com/ubuntu bionic/main amd64 pinentry-curses amd64 1.1.0-1 [35.8 kB]
Get:81 http://archive.ubuntu.com/ubuntu bionic-updates/main amd64 gpg-agent amd64 2.2.4-1ubuntu1.2 [227 kB]
Get:82 http://archive.ubuntu.com/ubuntu bionic-updates/main amd64 gpg-wks-client amd64 2.2.4-1ubuntu1.2 [91.9 kB]
Get:83 http://archive.ubuntu.com/ubuntu bionic-updates/main amd64 gpg-wks-server amd64 2.2.4-1ubuntu1.2 [84.9 kB]
Get:84 http://archive.ubuntu.com/ubuntu bionic-updates/main amd64 gpgsm amd64 2.2.4-1ubuntu1.2 [215 kB]
Get:85 http://archive.ubuntu.com/ubuntu bionic-updates/main amd64 gnupg amd64 2.2.4-1ubuntu1.2 [249 kB]
Get:86 http://archive.ubuntu.com/ubuntu bionic/main amd64 libalgorithm-diff-perl all 1.19.03-1 [47.6 kB]
Get:87 http://archive.ubuntu.com/ubuntu bionic/main amd64 libalgorithm-diff-xs-perl amd64 0.04-5 [11.1 kB]
Get:88 http://archive.ubuntu.com/ubuntu bionic/main amd64 libalgorithm-merge-perl all 0.08-3 [12.0 kB]
Get:89 http://archive.ubuntu.com/ubuntu bionic-updates/main amd64 libexpat1-dev amd64 2.2.5-3ubuntu0.2 [122 kB]
Get:90 http://archive.ubuntu.com/ubuntu bionic/main amd64 libfile-fcntllock-perl amd64 0.22-3build2 [33.2 kB]
Get:91 http://archive.ubuntu.com/ubuntu bionic-updates/main amd64 libpython2.7 amd64 2.7.15-4ubuntu4~18.04.1 [1052 kB]
Get:92 http://archive.ubuntu.com/ubuntu bionic-updates/main amd64 libpython2.7-dev amd64 2.7.15-4ubuntu4~18.04.1 [28.3 MB]
Get:93 http://archive.ubuntu.com/ubuntu bionic/main amd64 libpython-dev amd64 2.7.15~rc1-1 [7684 B]
Get:94 http://archive.ubuntu.com/ubuntu bionic/main amd64 libpython-all-dev amd64 2.7.15~rc1-1 [1092 B]
Get:95 http://archive.ubuntu.com/ubuntu bionic/main amd64 libsasl2-modules amd64 2.1.27~101-g0780600+dfsg-3ubuntu2 [48.7 kB]
Get:96 http://archive.ubuntu.com/ubuntu bionic/main amd64 manpages-dev all 4.15-1 [2217 kB]
Get:97 http://archive.ubuntu.com/ubuntu bionic/main amd64 python-all amd64 2.7.15~rc1-1 [1076 B]
Get:98 http://archive.ubuntu.com/ubuntu bionic-updates/main amd64 python2.7-dev amd64 2.7.15-4ubuntu4~18.04.1 [279 kB]
Get:99 http://archive.ubuntu.com/ubuntu bionic/main amd64 python-dev amd64 2.7.15~rc1-1 [1256 B]
Get:100 http://archive.ubuntu.com/ubuntu bionic/main amd64 python-all-dev amd64 2.7.15~rc1-1 [1100 B]
Get:101 http://archive.ubuntu.com/ubuntu bionic/main amd64 python-asn1crypto all 0.24.0-1 [72.7 kB]
Get:102 http://archive.ubuntu.com/ubuntu bionic/main amd64 python-cffi-backend amd64 1.11.5-1 [63.4 kB]
Get:103 http://archive.ubuntu.com/ubuntu bionic/main amd64 python-crypto amd64 2.6.1-8ubuntu2 [244 kB]
Get:104 http://archive.ubuntu.com/ubuntu bionic/main amd64 python-enum34 all 1.1.6-2 [34.8 kB]
Get:105 http://archive.ubuntu.com/ubuntu bionic/main amd64 python-idna all 2.6-1 [32.4 kB]
Get:106 http://archive.ubuntu.com/ubuntu bionic/main amd64 python-ipaddress all 1.0.17-1 [18.2 kB]
Get:107 http://archive.ubuntu.com/ubuntu bionic/main amd64 python-six all 1.11.0-2 [11.3 kB]
Get:108 http://archive.ubuntu.com/ubuntu bionic-updates/main amd64 python-cryptography amd64 2.1.4-1ubuntu1.3 [221 kB]
Get:109 http://archive.ubuntu.com/ubuntu bionic/main amd64 python-dbus amd64 1.2.6-1 [90.2 kB]
Get:110 http://archive.ubuntu.com/ubuntu bionic-updates/main amd64 python-gi amd64 3.26.1-2ubuntu1 [197 kB]
Get:111 http://archive.ubuntu.com/ubuntu bionic/main amd64 python-secretstorage all 2.3.1-2 [11.8 kB]
Get:112 http://archive.ubuntu.com/ubuntu bionic/main amd64 python-keyring all 10.6.0-1 [30.6 kB]
Get:113 http://archive.ubuntu.com/ubuntu bionic/main amd64 python-keyrings.alt all 3.0-1 [16.7 kB]
Get:114 http://archive.ubuntu.com/ubuntu bionic-updates/universe amd64 python-pip-whl all 9.0.1-2.3~ubuntu1.18.04.1 [1653 kB]
Get:115 http://archive.ubuntu.com/ubuntu bionic-updates/universe amd64 python-pip all 9.0.1-2.3~ubuntu1.18.04.1 [151 kB]
Get:116 http://archive.ubuntu.com/ubuntu bionic/main amd64 python-pkg-resources all 39.0.1-2 [128 kB]
Get:117 http://archive.ubuntu.com/ubuntu bionic/main amd64 python-setuptools all 39.0.1-2 [329 kB]
Get:118 http://archive.ubuntu.com/ubuntu bionic/universe amd64 python-wheel all 0.30.0-0.2 [36.4 kB]
Get:119 http://archive.ubuntu.com/ubuntu bionic/universe amd64 python-xdg all 0.25-4ubuntu1 [31.3 kB]
debconf: delaying package configuration, since apt-utils is not installed
Fetched 93.4 MB in 4min 49s (324 kB/s)
Selecting previously unselected package liblocale-gettext-perl.
(Reading database ... 4999 files and directories currently installed.)
Preparing to unpack .../000-liblocale-gettext-perl_1.07-3build2_amd64.deb ...
Unpacking liblocale-gettext-perl (1.07-3build2) ...
Selecting previously unselected package perl-modules-5.26.
Preparing to unpack .../001-perl-modules-5.26_5.26.1-6ubuntu0.3_all.deb ...
Unpacking perl-modules-5.26 (5.26.1-6ubuntu0.3) ...
Selecting previously unselected package libgdbm5:amd64.
Preparing to unpack .../002-libgdbm5_1.14.1-6_amd64.deb ...
Unpacking libgdbm5:amd64 (1.14.1-6) ...
Selecting previously unselected package libgdbm-compat4:amd64.
Preparing to unpack .../003-libgdbm-compat4_1.14.1-6_amd64.deb ...
Unpacking libgdbm-compat4:amd64 (1.14.1-6) ...
Selecting previously unselected package libperl5.26:amd64.
Preparing to unpack .../004-libperl5.26_5.26.1-6ubuntu0.3_amd64.deb ...
Unpacking libperl5.26:amd64 (5.26.1-6ubuntu0.3) ...
Selecting previously unselected package perl.
Preparing to unpack .../005-perl_5.26.1-6ubuntu0.3_amd64.deb ...
Unpacking perl (5.26.1-6ubuntu0.3) ...
Selecting previously unselected package openssl.
Preparing to unpack .../006-openssl_1.1.1-1ubuntu2.1~18.04.4_amd64.deb ...
Unpacking openssl (1.1.1-1ubuntu2.1~18.04.4) ...
Selecting previously unselected package ca-certificates.
Preparing to unpack .../007-ca-certificates_20180409_all.deb ...
Unpacking ca-certificates (20180409) ...
Selecting previously unselected package libapparmor1:amd64.
Preparing to unpack .../008-libapparmor1_2.12-4ubuntu5.1_amd64.deb ...
Unpacking libapparmor1:amd64 (2.12-4ubuntu5.1) ...
Selecting previously unselected package libdbus-1-3:amd64.
Preparing to unpack .../009-libdbus-1-3_1.12.2-1ubuntu1.1_amd64.deb ...
Unpacking libdbus-1-3:amd64 (1.12.2-1ubuntu1.1) ...
Selecting previously unselected package dbus.
Preparing to unpack .../010-dbus_1.12.2-1ubuntu1.1_amd64.deb ...
Unpacking dbus (1.12.2-1ubuntu1.1) ...
Selecting previously unselected package libglib2.0-0:amd64.
Preparing to unpack .../011-libglib2.0-0_2.56.4-0ubuntu0.18.04.4_amd64.deb ...
Unpacking libglib2.0-0:amd64 (2.56.4-0ubuntu0.18.04.4) ...
Selecting previously unselected package libgirepository-1.0-1:amd64.
Preparing to unpack .../012-libgirepository-1.0-1_1.56.1-1_amd64.deb ...
Unpacking libgirepository-1.0-1:amd64 (1.56.1-1) ...
Selecting previously unselected package gir1.2-glib-2.0:amd64.
Preparing to unpack .../013-gir1.2-glib-2.0_1.56.1-1_amd64.deb ...
Unpacking gir1.2-glib-2.0:amd64 (1.56.1-1) ...
Selecting previously unselected package libglib2.0-data.
Preparing to unpack .../014-libglib2.0-data_2.56.4-0ubuntu0.18.04.4_all.deb ...
Unpacking libglib2.0-data (2.56.4-0ubuntu0.18.04.4) ...
Selecting previously unselected package libicu60:amd64.
Preparing to unpack .../015-libicu60_60.2-3ubuntu3_amd64.deb ...
Unpacking libicu60:amd64 (60.2-3ubuntu3) ...
Selecting previously unselected package libxml2:amd64.
Preparing to unpack .../016-libxml2_2.9.4+dfsg1-6.1ubuntu1.2_amd64.deb ...
Unpacking libxml2:amd64 (2.9.4+dfsg1-6.1ubuntu1.2) ...
Selecting previously unselected package netbase.
Preparing to unpack .../017-netbase_5.4_all.deb ...
Unpacking netbase (5.4) ...
Selecting previously unselected package shared-mime-info.
Preparing to unpack .../018-shared-mime-info_1.9-2_amd64.deb ...
Unpacking shared-mime-info (1.9-2) ...
Selecting previously unselected package xdg-user-dirs.
Preparing to unpack .../019-xdg-user-dirs_0.17-1ubuntu1_amd64.deb ...
Unpacking xdg-user-dirs (0.17-1ubuntu1) ...
Selecting previously unselected package manpages.
Preparing to unpack .../020-manpages_4.15-1_all.deb ...
Unpacking manpages (4.15-1) ...
Selecting previously unselected package binutils-common:amd64.
Preparing to unpack .../021-binutils-common_2.30-21ubuntu1~18.04.2_amd64.deb ...
Unpacking binutils-common:amd64 (2.30-21ubuntu1~18.04.2) ...
Selecting previously unselected package libbinutils:amd64.
Preparing to unpack .../022-libbinutils_2.30-21ubuntu1~18.04.2_amd64.deb ...
Unpacking libbinutils:amd64 (2.30-21ubuntu1~18.04.2) ...
Selecting previously unselected package binutils-x86-64-linux-gnu.
Preparing to unpack .../023-binutils-x86-64-linux-gnu_2.30-21ubuntu1~18.04.2_amd64.deb ...
Unpacking binutils-x86-64-linux-gnu (2.30-21ubuntu1~18.04.2) ...
Selecting previously unselected package binutils.
Preparing to unpack .../024-binutils_2.30-21ubuntu1~18.04.2_amd64.deb ...
Unpacking binutils (2.30-21ubuntu1~18.04.2) ...
Selecting previously unselected package libc-dev-bin.
Preparing to unpack .../025-libc-dev-bin_2.27-3ubuntu1_amd64.deb ...
Unpacking libc-dev-bin (2.27-3ubuntu1) ...
Selecting previously unselected package linux-libc-dev:amd64.
Preparing to unpack .../026-linux-libc-dev_4.15.0-64.73_amd64.deb ...
Unpacking linux-libc-dev:amd64 (4.15.0-64.73) ...
Selecting previously unselected package libc6-dev:amd64.
Preparing to unpack .../027-libc6-dev_2.27-3ubuntu1_amd64.deb ...
Unpacking libc6-dev:amd64 (2.27-3ubuntu1) ...
Selecting previously unselected package gcc-7-base:amd64.
Preparing to unpack .../028-gcc-7-base_7.4.0-1ubuntu1~18.04.1_amd64.deb ...
Unpacking gcc-7-base:amd64 (7.4.0-1ubuntu1~18.04.1) ...
Selecting previously unselected package libisl19:amd64.
Preparing to unpack .../029-libisl19_0.19-1_amd64.deb ...
Unpacking libisl19:amd64 (0.19-1) ...
Selecting previously unselected package libmpfr6:amd64.
Preparing to unpack .../030-libmpfr6_4.0.1-1_amd64.deb ...
Unpacking libmpfr6:amd64 (4.0.1-1) ...
Selecting previously unselected package libmpc3:amd64.
Preparing to unpack .../031-libmpc3_1.1.0-1_amd64.deb ...
Unpacking libmpc3:amd64 (1.1.0-1) ...
Selecting previously unselected package cpp-7.
Preparing to unpack .../032-cpp-7_7.4.0-1ubuntu1~18.04.1_amd64.deb ...
Unpacking cpp-7 (7.4.0-1ubuntu1~18.04.1) ...
Selecting previously unselected package cpp.
Preparing to unpack .../033-cpp_4%3a7.4.0-1ubuntu2.3_amd64.deb ...
Unpacking cpp (4:7.4.0-1ubuntu2.3) ...
Selecting previously unselected package libcc1-0:amd64.
Preparing to unpack .../034-libcc1-0_8.3.0-6ubuntu1~18.04.1_amd64.deb ...
Unpacking libcc1-0:amd64 (8.3.0-6ubuntu1~18.04.1) ...
Selecting previously unselected package libgomp1:amd64.
Preparing to unpack .../035-libgomp1_8.3.0-6ubuntu1~18.04.1_amd64.deb ...
Unpacking libgomp1:amd64 (8.3.0-6ubuntu1~18.04.1) ...
Selecting previously unselected package libitm1:amd64.
Preparing to unpack .../036-libitm1_8.3.0-6ubuntu1~18.04.1_amd64.deb ...
Unpacking libitm1:amd64 (8.3.0-6ubuntu1~18.04.1) ...
Selecting previously unselected package libatomic1:amd64.
Preparing to unpack .../037-libatomic1_8.3.0-6ubuntu1~18.04.1_amd64.deb ...
Unpacking libatomic1:amd64 (8.3.0-6ubuntu1~18.04.1) ...
Selecting previously unselected package libasan4:amd64.
Preparing to unpack .../038-libasan4_7.4.0-1ubuntu1~18.04.1_amd64.deb ...
Unpacking libasan4:amd64 (7.4.0-1ubuntu1~18.04.1) ...
Selecting previously unselected package liblsan0:amd64.
Preparing to unpack .../039-liblsan0_8.3.0-6ubuntu1~18.04.1_amd64.deb ...
Unpacking liblsan0:amd64 (8.3.0-6ubuntu1~18.04.1) ...
Selecting previously unselected package libtsan0:amd64.
Preparing to unpack .../040-libtsan0_8.3.0-6ubuntu1~18.04.1_amd64.deb ...
Unpacking libtsan0:amd64 (8.3.0-6ubuntu1~18.04.1) ...
Selecting previously unselected package libubsan0:amd64.
Preparing to unpack .../041-libubsan0_7.4.0-1ubuntu1~18.04.1_amd64.deb ...
Unpacking libubsan0:amd64 (7.4.0-1ubuntu1~18.04.1) ...
Selecting previously unselected package libcilkrts5:amd64.
Preparing to unpack .../042-libcilkrts5_7.4.0-1ubuntu1~18.04.1_amd64.deb ...
Unpacking libcilkrts5:amd64 (7.4.0-1ubuntu1~18.04.1) ...
Selecting previously unselected package libmpx2:amd64.
Preparing to unpack .../043-libmpx2_8.3.0-6ubuntu1~18.04.1_amd64.deb ...
Unpacking libmpx2:amd64 (8.3.0-6ubuntu1~18.04.1) ...
Selecting previously unselected package libquadmath0:amd64.
Preparing to unpack .../044-libquadmath0_8.3.0-6ubuntu1~18.04.1_amd64.deb ...
Unpacking libquadmath0:amd64 (8.3.0-6ubuntu1~18.04.1) ...
Selecting previously unselected package libgcc-7-dev:amd64.
Preparing to unpack .../045-libgcc-7-dev_7.4.0-1ubuntu1~18.04.1_amd64.deb ...
Unpacking libgcc-7-dev:amd64 (7.4.0-1ubuntu1~18.04.1) ...
Selecting previously unselected package gcc-7.
Preparing to unpack .../046-gcc-7_7.4.0-1ubuntu1~18.04.1_amd64.deb ...
Unpacking gcc-7 (7.4.0-1ubuntu1~18.04.1) ...
Selecting previously unselected package gcc.
Preparing to unpack .../047-gcc_4%3a7.4.0-1ubuntu2.3_amd64.deb ...
Unpacking gcc (4:7.4.0-1ubuntu2.3) ...
Selecting previously unselected package libstdc++-7-dev:amd64.
Preparing to unpack .../048-libstdc++-7-dev_7.4.0-1ubuntu1~18.04.1_amd64.deb ...
Unpacking libstdc++-7-dev:amd64 (7.4.0-1ubuntu1~18.04.1) ...
Selecting previously unselected package g++-7.
Preparing to unpack .../049-g++-7_7.4.0-1ubuntu1~18.04.1_amd64.deb ...
Unpacking g++-7 (7.4.0-1ubuntu1~18.04.1) ...
Selecting previously unselected package g++.
Preparing to unpack .../050-g++_4%3a7.4.0-1ubuntu2.3_amd64.deb ...
Unpacking g++ (4:7.4.0-1ubuntu2.3) ...
Selecting previously unselected package make.
Preparing to unpack .../051-make_4.1-9.1ubuntu1_amd64.deb ...
Unpacking make (4.1-9.1ubuntu1) ...
Selecting previously unselected package libdpkg-perl.
Preparing to unpack .../052-libdpkg-perl_1.19.0.5ubuntu2.2_all.deb ...
Unpacking libdpkg-perl (1.19.0.5ubuntu2.2) ...
Selecting previously unselected package patch.
Preparing to unpack .../053-patch_2.7.6-2ubuntu1.1_amd64.deb ...
Unpacking patch (2.7.6-2ubuntu1.1) ...
Selecting previously unselected package dpkg-dev.
Preparing to unpack .../054-dpkg-dev_1.19.0.5ubuntu2.2_all.deb ...
Unpacking dpkg-dev (1.19.0.5ubuntu2.2) ...
Selecting previously unselected package build-essential.
Preparing to unpack .../055-build-essential_12.4ubuntu1_amd64.deb ...
Unpacking build-essential (12.4ubuntu1) ...
Selecting previously unselected package libassuan0:amd64.
Preparing to unpack .../056-libassuan0_2.5.1-2_amd64.deb ...
Unpacking libassuan0:amd64 (2.5.1-2) ...
Selecting previously unselected package gpgconf.
Preparing to unpack .../057-gpgconf_2.2.4-1ubuntu1.2_amd64.deb ...
Unpacking gpgconf (2.2.4-1ubuntu1.2) ...
Selecting previously unselected package libksba8:amd64.
Preparing to unpack .../058-libksba8_1.3.5-2_amd64.deb ...
Unpacking libksba8:amd64 (1.3.5-2) ...
Selecting previously unselected package libroken18-heimdal:amd64.
Preparing to unpack .../059-libroken18-heimdal_7.5.0+dfsg-1_amd64.deb ...
Unpacking libroken18-heimdal:amd64 (7.5.0+dfsg-1) ...
Selecting previously unselected package libasn1-8-heimdal:amd64.
Preparing to unpack .../060-libasn1-8-heimdal_7.5.0+dfsg-1_amd64.deb ...
Unpacking libasn1-8-heimdal:amd64 (7.5.0+dfsg-1) ...
Selecting previously unselected package libheimbase1-heimdal:amd64.
Preparing to unpack .../061-libheimbase1-heimdal_7.5.0+dfsg-1_amd64.deb ...
Unpacking libheimbase1-heimdal:amd64 (7.5.0+dfsg-1) ...
Selecting previously unselected package libhcrypto4-heimdal:amd64.
Preparing to unpack .../062-libhcrypto4-heimdal_7.5.0+dfsg-1_amd64.deb ...
Unpacking libhcrypto4-heimdal:amd64 (7.5.0+dfsg-1) ...
Selecting previously unselected package libwind0-heimdal:amd64.
Preparing to unpack .../063-libwind0-heimdal_7.5.0+dfsg-1_amd64.deb ...
Unpacking libwind0-heimdal:amd64 (7.5.0+dfsg-1) ...
Selecting previously unselected package libhx509-5-heimdal:amd64.
Preparing to unpack .../064-libhx509-5-heimdal_7.5.0+dfsg-1_amd64.deb ...
Unpacking libhx509-5-heimdal:amd64 (7.5.0+dfsg-1) ...
Selecting previously unselected package libkrb5-26-heimdal:amd64.
Preparing to unpack .../065-libkrb5-26-heimdal_7.5.0+dfsg-1_amd64.deb ...
Unpacking libkrb5-26-heimdal:amd64 (7.5.0+dfsg-1) ...
Selecting previously unselected package libheimntlm0-heimdal:amd64.
Preparing to unpack .../066-libheimntlm0-heimdal_7.5.0+dfsg-1_amd64.deb ...
Unpacking libheimntlm0-heimdal:amd64 (7.5.0+dfsg-1) ...
Selecting previously unselected package libgssapi3-heimdal:amd64.
Preparing to unpack .../067-libgssapi3-heimdal_7.5.0+dfsg-1_amd64.deb ...
Unpacking libgssapi3-heimdal:amd64 (7.5.0+dfsg-1) ...
Selecting previously unselected package libsasl2-modules-db:amd64.
Preparing to unpack .../068-libsasl2-modules-db_2.1.27~101-g0780600+dfsg-3ubuntu2_amd64.deb ...
Unpacking libsasl2-modules-db:amd64 (2.1.27~101-g0780600+dfsg-3ubuntu2) ...
Selecting previously unselected package libsasl2-2:amd64.
Preparing to unpack .../069-libsasl2-2_2.1.27~101-g0780600+dfsg-3ubuntu2_amd64.deb ...
Unpacking libsasl2-2:amd64 (2.1.27~101-g0780600+dfsg-3ubuntu2) ...
Selecting previously unselected package libldap-common.
Preparing to unpack .../070-libldap-common_2.4.45+dfsg-1ubuntu1.4_all.deb ...
Unpacking libldap-common (2.4.45+dfsg-1ubuntu1.4) ...
Selecting previously unselected package libldap-2.4-2:amd64.
Preparing to unpack .../071-libldap-2.4-2_2.4.45+dfsg-1ubuntu1.4_amd64.deb ...
Unpacking libldap-2.4-2:amd64 (2.4.45+dfsg-1ubuntu1.4) ...
Selecting previously unselected package libnpth0:amd64.
Preparing to unpack .../072-libnpth0_1.5-3_amd64.deb ...
Unpacking libnpth0:amd64 (1.5-3) ...
Selecting previously unselected package dirmngr.
Preparing to unpack .../073-dirmngr_2.2.4-1ubuntu1.2_amd64.deb ...
Unpacking dirmngr (2.2.4-1ubuntu1.2) ...
Selecting previously unselected package libfakeroot:amd64.
Preparing to unpack .../074-libfakeroot_1.22-2ubuntu1_amd64.deb ...
Unpacking libfakeroot:amd64 (1.22-2ubuntu1) ...
Selecting previously unselected package fakeroot.
Preparing to unpack .../075-fakeroot_1.22-2ubuntu1_amd64.deb ...
Unpacking fakeroot (1.22-2ubuntu1) ...
Selecting previously unselected package gnupg-l10n.
Preparing to unpack .../076-gnupg-l10n_2.2.4-1ubuntu1.2_all.deb ...
Unpacking gnupg-l10n (2.2.4-1ubuntu1.2) ...
Selecting previously unselected package gnupg-utils.
Preparing to unpack .../077-gnupg-utils_2.2.4-1ubuntu1.2_amd64.deb ...
Unpacking gnupg-utils (2.2.4-1ubuntu1.2) ...
Selecting previously unselected package gpg.
Preparing to unpack .../078-gpg_2.2.4-1ubuntu1.2_amd64.deb ...
Unpacking gpg (2.2.4-1ubuntu1.2) ...
Selecting previously unselected package pinentry-curses.
Preparing to unpack .../079-pinentry-curses_1.1.0-1_amd64.deb ...
Unpacking pinentry-curses (1.1.0-1) ...
Selecting previously unselected package gpg-agent.
Preparing to unpack .../080-gpg-agent_2.2.4-1ubuntu1.2_amd64.deb ...
Unpacking gpg-agent (2.2.4-1ubuntu1.2) ...
Selecting previously unselected package gpg-wks-client.
Preparing to unpack .../081-gpg-wks-client_2.2.4-1ubuntu1.2_amd64.deb ...
Unpacking gpg-wks-client (2.2.4-1ubuntu1.2) ...
Selecting previously unselected package gpg-wks-server.
Preparing to unpack .../082-gpg-wks-server_2.2.4-1ubuntu1.2_amd64.deb ...
Unpacking gpg-wks-server (2.2.4-1ubuntu1.2) ...
Selecting previously unselected package gpgsm.
Preparing to unpack .../083-gpgsm_2.2.4-1ubuntu1.2_amd64.deb ...
Unpacking gpgsm (2.2.4-1ubuntu1.2) ...
Selecting previously unselected package gnupg.
Preparing to unpack .../084-gnupg_2.2.4-1ubuntu1.2_amd64.deb ...
Unpacking gnupg (2.2.4-1ubuntu1.2) ...
Selecting previously unselected package libalgorithm-diff-perl.
Preparing to unpack .../085-libalgorithm-diff-perl_1.19.03-1_all.deb ...
Unpacking libalgorithm-diff-perl (1.19.03-1) ...
Selecting previously unselected package libalgorithm-diff-xs-perl.
Preparing to unpack .../086-libalgorithm-diff-xs-perl_0.04-5_amd64.deb ...
Unpacking libalgorithm-diff-xs-perl (0.04-5) ...
Selecting previously unselected package libalgorithm-merge-perl.
Preparing to unpack .../087-libalgorithm-merge-perl_0.08-3_all.deb ...
Unpacking libalgorithm-merge-perl (0.08-3) ...
Selecting previously unselected package libexpat1-dev:amd64.
Preparing to unpack .../088-libexpat1-dev_2.2.5-3ubuntu0.2_amd64.deb ...
Unpacking libexpat1-dev:amd64 (2.2.5-3ubuntu0.2) ...
Selecting previously unselected package libfile-fcntllock-perl.
Preparing to unpack .../089-libfile-fcntllock-perl_0.22-3build2_amd64.deb ...
Unpacking libfile-fcntllock-perl (0.22-3build2) ...
Selecting previously unselected package libpython2.7:amd64.
Preparing to unpack .../090-libpython2.7_2.7.15-4ubuntu4~18.04.1_amd64.deb ...
Unpacking libpython2.7:amd64 (2.7.15-4ubuntu4~18.04.1) ...
Selecting previously unselected package libpython2.7-dev:amd64.
Preparing to unpack .../091-libpython2.7-dev_2.7.15-4ubuntu4~18.04.1_amd64.deb ...
Unpacking libpython2.7-dev:amd64 (2.7.15-4ubuntu4~18.04.1) ...
Selecting previously unselected package libpython-dev:amd64.
Preparing to unpack .../092-libpython-dev_2.7.15~rc1-1_amd64.deb ...
Unpacking libpython-dev:amd64 (2.7.15~rc1-1) ...
Selecting previously unselected package libpython-all-dev:amd64.
Preparing to unpack .../093-libpython-all-dev_2.7.15~rc1-1_amd64.deb ...
Unpacking libpython-all-dev:amd64 (2.7.15~rc1-1) ...
Selecting previously unselected package libsasl2-modules:amd64.
Preparing to unpack .../094-libsasl2-modules_2.1.27~101-g0780600+dfsg-3ubuntu2_amd64.deb ...
Unpacking libsasl2-modules:amd64 (2.1.27~101-g0780600+dfsg-3ubuntu2) ...
Selecting previously unselected package manpages-dev.
Preparing to unpack .../095-manpages-dev_4.15-1_all.deb ...
Unpacking manpages-dev (4.15-1) ...
Selecting previously unselected package python-all.
Preparing to unpack .../096-python-all_2.7.15~rc1-1_amd64.deb ...
Unpacking python-all (2.7.15~rc1-1) ...
Selecting previously unselected package python2.7-dev.
Preparing to unpack .../097-python2.7-dev_2.7.15-4ubuntu4~18.04.1_amd64.deb ...
Unpacking python2.7-dev (2.7.15-4ubuntu4~18.04.1) ...
Selecting previously unselected package python-dev.
Preparing to unpack .../098-python-dev_2.7.15~rc1-1_amd64.deb ...
Unpacking python-dev (2.7.15~rc1-1) ...
Selecting previously unselected package python-all-dev.
Preparing to unpack .../099-python-all-dev_2.7.15~rc1-1_amd64.deb ...
Unpacking python-all-dev (2.7.15~rc1-1) ...
Selecting previously unselected package python-asn1crypto.
Preparing to unpack .../100-python-asn1crypto_0.24.0-1_all.deb ...
Unpacking python-asn1crypto (0.24.0-1) ...
Selecting previously unselected package python-cffi-backend.
Preparing to unpack .../101-python-cffi-backend_1.11.5-1_amd64.deb ...
Unpacking python-cffi-backend (1.11.5-1) ...
Selecting previously unselected package python-crypto.
Preparing to unpack .../102-python-crypto_2.6.1-8ubuntu2_amd64.deb ...
Unpacking python-crypto (2.6.1-8ubuntu2) ...
Selecting previously unselected package python-enum34.
Preparing to unpack .../103-python-enum34_1.1.6-2_all.deb ...
Unpacking python-enum34 (1.1.6-2) ...
Selecting previously unselected package python-idna.
Preparing to unpack .../104-python-idna_2.6-1_all.deb ...
Unpacking python-idna (2.6-1) ...
Selecting previously unselected package python-ipaddress.
Preparing to unpack .../105-python-ipaddress_1.0.17-1_all.deb ...
Unpacking python-ipaddress (1.0.17-1) ...
Selecting previously unselected package python-six.
Preparing to unpack .../106-python-six_1.11.0-2_all.deb ...
Unpacking python-six (1.11.0-2) ...
Selecting previously unselected package python-cryptography.
Preparing to unpack .../107-python-cryptography_2.1.4-1ubuntu1.3_amd64.deb ...
Unpacking python-cryptography (2.1.4-1ubuntu1.3) ...
Selecting previously unselected package python-dbus.
Preparing to unpack .../108-python-dbus_1.2.6-1_amd64.deb ...
Unpacking python-dbus (1.2.6-1) ...
Selecting previously unselected package python-gi.
Preparing to unpack .../109-python-gi_3.26.1-2ubuntu1_amd64.deb ...
Unpacking python-gi (3.26.1-2ubuntu1) ...
Selecting previously unselected package python-secretstorage.
Preparing to unpack .../110-python-secretstorage_2.3.1-2_all.deb ...
Unpacking python-secretstorage (2.3.1-2) ...
Selecting previously unselected package python-keyring.
Preparing to unpack .../111-python-keyring_10.6.0-1_all.deb ...
Unpacking python-keyring (10.6.0-1) ...
Selecting previously unselected package python-keyrings.alt.
Preparing to unpack .../112-python-keyrings.alt_3.0-1_all.deb ...
Unpacking python-keyrings.alt (3.0-1) ...
Selecting previously unselected package python-pip-whl.
Preparing to unpack .../113-python-pip-whl_9.0.1-2.3~ubuntu1.18.04.1_all.deb ...
Unpacking python-pip-whl (9.0.1-2.3~ubuntu1.18.04.1) ...
Selecting previously unselected package python-pip.
Preparing to unpack .../114-python-pip_9.0.1-2.3~ubuntu1.18.04.1_all.deb ...
Unpacking python-pip (9.0.1-2.3~ubuntu1.18.04.1) ...
Selecting previously unselected package python-pkg-resources.
Preparing to unpack .../115-python-pkg-resources_39.0.1-2_all.deb ...
Unpacking python-pkg-resources (39.0.1-2) ...
Selecting previously unselected package python-setuptools.
Preparing to unpack .../116-python-setuptools_39.0.1-2_all.deb ...
Unpacking python-setuptools (39.0.1-2) ...
Selecting previously unselected package python-wheel.
Preparing to unpack .../117-python-wheel_0.30.0-0.2_all.deb ...
Unpacking python-wheel (0.30.0-0.2) ...
Selecting previously unselected package python-xdg.
Preparing to unpack .../118-python-xdg_0.25-4ubuntu1_all.deb ...
Unpacking python-xdg (0.25-4ubuntu1) ...
Setting up libquadmath0:amd64 (8.3.0-6ubuntu1~18.04.1) ...
Setting up libnpth0:amd64 (1.5-3) ...
Setting up python-idna (2.6-1) ...
Setting up libgomp1:amd64 (8.3.0-6ubuntu1~18.04.1) ...
Setting up libatomic1:amd64 (8.3.0-6ubuntu1~18.04.1) ...
Setting up manpages (4.15-1) ...
Setting up libicu60:amd64 (60.2-3ubuntu3) ...
Setting up libcc1-0:amd64 (8.3.0-6ubuntu1~18.04.1) ...
Setting up python-asn1crypto (0.24.0-1) ...
Setting up make (4.1-9.1ubuntu1) ...
Setting up python-crypto (2.6.1-8ubuntu2) ...
Setting up libldap-common (2.4.45+dfsg-1ubuntu1.4) ...
Setting up libtsan0:amd64 (8.3.0-6ubuntu1~18.04.1) ...
Setting up libglib2.0-0:amd64 (2.56.4-0ubuntu0.18.04.4) ...
No schema files found: doing nothing.
Setting up libsasl2-modules-db:amd64 (2.1.27~101-g0780600+dfsg-3ubuntu2) ...
Setting up python-wheel (0.30.0-0.2) ...
Setting up linux-libc-dev:amd64 (4.15.0-64.73) ...
Setting up libmpfr6:amd64 (4.0.1-1) ...
Setting up libsasl2-2:amd64 (2.1.27~101-g0780600+dfsg-3ubuntu2) ...
Setting up libroken18-heimdal:amd64 (7.5.0+dfsg-1) ...
Setting up libksba8:amd64 (1.3.5-2) ...
Setting up perl-modules-5.26 (5.26.1-6ubuntu0.3) ...
Setting up libgdbm5:amd64 (1.14.1-6) ...
Setting up python-pkg-resources (39.0.1-2) ...
Setting up libgirepository-1.0-1:amd64 (1.56.1-1) ...
Setting up libxml2:amd64 (2.9.4+dfsg1-6.1ubuntu1.2) ...
Setting up gnupg-l10n (2.2.4-1ubuntu1.2) ...
Setting up liblsan0:amd64 (8.3.0-6ubuntu1~18.04.1) ...
Setting up gcc-7-base:amd64 (7.4.0-1ubuntu1~18.04.1) ...
Setting up binutils-common:amd64 (2.30-21ubuntu1~18.04.2) ...
Setting up python-cffi-backend (1.11.5-1) ...
Setting up libmpx2:amd64 (8.3.0-6ubuntu1~18.04.1) ...
Setting up python-six (1.11.0-2) ...
Setting up gir1.2-glib-2.0:amd64 (1.56.1-1) ...
Setting up patch (2.7.6-2ubuntu1.1) ...
Setting up libglib2.0-data (2.56.4-0ubuntu0.18.04.4) ...
Setting up libapparmor1:amd64 (2.12-4ubuntu5.1) ...
Setting up libheimbase1-heimdal:amd64 (7.5.0+dfsg-1) ...
Setting up libfakeroot:amd64 (1.22-2ubuntu1) ...
Setting up python-enum34 (1.1.6-2) ...
Setting up libpython2.7:amd64 (2.7.15-4ubuntu4~18.04.1) ...
Setting up openssl (1.1.1-1ubuntu2.1~18.04.4) ...
Setting up liblocale-gettext-perl (1.07-3build2) ...
Setting up shared-mime-info (1.9-2) ...
Setting up libmpc3:amd64 (1.1.0-1) ...
Setting up libc-dev-bin (2.27-3ubuntu1) ...
Setting up libgdbm-compat4:amd64 (1.14.1-6) ...
Setting up libsasl2-modules:amd64 (2.1.27~101-g0780600+dfsg-3ubuntu2) ...
Setting up python-ipaddress (1.0.17-1) ...
Setting up ca-certificates (20180409) ...
debconf: unable to initialize frontend: Dialog
debconf: (TERM is not set, so the dialog frontend is not usable.)
debconf: falling back to frontend: Readline
Updating certificates in /etc/ssl/certs...
133 added, 0 removed; done.
Setting up manpages-dev (4.15-1) ...
Setting up libc6-dev:amd64 (2.27-3ubuntu1) ...
Setting up python-all (2.7.15~rc1-1) ...
Setting up libassuan0:amd64 (2.5.1-2) ...
Setting up xdg-user-dirs (0.17-1ubuntu1) ...
Setting up libitm1:amd64 (8.3.0-6ubuntu1~18.04.1) ...
Setting up libdbus-1-3:amd64 (1.12.2-1ubuntu1.1) ...
Setting up python-xdg (0.25-4ubuntu1) ...
Setting up netbase (5.4) ...
Setting up libisl19:amd64 (0.19-1) ...
Setting up python-pip-whl (9.0.1-2.3~ubuntu1.18.04.1) ...
Setting up python-setuptools (39.0.1-2) ...
Setting up libwind0-heimdal:amd64 (7.5.0+dfsg-1) ...
Setting up libasan4:amd64 (7.4.0-1ubuntu1~18.04.1) ...
Setting up libbinutils:amd64 (2.30-21ubuntu1~18.04.2) ...
Setting up libcilkrts5:amd64 (7.4.0-1ubuntu1~18.04.1) ...
Setting up libasn1-8-heimdal:amd64 (7.5.0+dfsg-1) ...
Setting up libubsan0:amd64 (7.4.0-1ubuntu1~18.04.1) ...
Setting up gpgconf (2.2.4-1ubuntu1.2) ...
Setting up libhcrypto4-heimdal:amd64 (7.5.0+dfsg-1) ...
Setting up fakeroot (1.22-2ubuntu1) ...
update-alternatives: using /usr/bin/fakeroot-sysv to provide /usr/bin/fakeroot (fakeroot) in auto mode
update-alternatives: warning: skip creation of /usr/share/man/man1/fakeroot.1.gz because associated file /usr/share/man/man1/fakeroot-sysv.1.gz (of link group fakeroot) doesn't exist
update-alternatives: warning: skip creation of /usr/share/man/man1/faked.1.gz because associated file /usr/share/man/man1/faked-sysv.1.gz (of link group fakeroot) doesn't exist
update-alternatives: warning: skip creation of /usr/share/man/es/man1/fakeroot.1.gz because associated file /usr/share/man/es/man1/fakeroot-sysv.1.gz (of link group fakeroot) doesn't exist
update-alternatives: warning: skip creation of /usr/share/man/es/man1/faked.1.gz because associated file /usr/share/man/es/man1/faked-sysv.1.gz (of link group fakeroot) doesn't exist
update-alternatives: warning: skip creation of /usr/share/man/fr/man1/fakeroot.1.gz because associated file /usr/share/man/fr/man1/fakeroot-sysv.1.gz (of link group fakeroot) doesn't exist
update-alternatives: warning: skip creation of /usr/share/man/fr/man1/faked.1.gz because associated file /usr/share/man/fr/man1/faked-sysv.1.gz (of link group fakeroot) doesn't exist
update-alternatives: warning: skip creation of /usr/share/man/sv/man1/fakeroot.1.gz because associated file /usr/share/man/sv/man1/fakeroot-sysv.1.gz (of link group fakeroot) doesn't exist
update-alternatives: warning: skip creation of /usr/share/man/sv/man1/faked.1.gz because associated file /usr/share/man/sv/man1/faked-sysv.1.gz (of link group fakeroot) doesn't exist
Setting up libhx509-5-heimdal:amd64 (7.5.0+dfsg-1) ...
Setting up python-keyrings.alt (3.0-1) ...
Setting up libgcc-7-dev:amd64 (7.4.0-1ubuntu1~18.04.1) ...
Setting up cpp-7 (7.4.0-1ubuntu1~18.04.1) ...
Setting up libstdc++-7-dev:amd64 (7.4.0-1ubuntu1~18.04.1) ...
Setting up python-gi (3.26.1-2ubuntu1) ...
Setting up libperl5.26:amd64 (5.26.1-6ubuntu0.3) ...
Setting up gpgsm (2.2.4-1ubuntu1.2) ...
Setting up python-cryptography (2.1.4-1ubuntu1.3) ...
Setting up gnupg-utils (2.2.4-1ubuntu1.2) ...
Setting up libexpat1-dev:amd64 (2.2.5-3ubuntu0.2) ...
Setting up pinentry-curses (1.1.0-1) ...
Setting up libpython2.7-dev:amd64 (2.7.15-4ubuntu4~18.04.1) ...
Setting up libkrb5-26-heimdal:amd64 (7.5.0+dfsg-1) ...
Setting up dbus (1.12.2-1ubuntu1.1) ...
Setting up python-dbus (1.2.6-1) ...
Setting up python-pip (9.0.1-2.3~ubuntu1.18.04.1) ...
Setting up python2.7-dev (2.7.15-4ubuntu4~18.04.1) ...
Setting up libheimntlm0-heimdal:amd64 (7.5.0+dfsg-1) ...
Setting up gpg (2.2.4-1ubuntu1.2) ...
Setting up binutils-x86-64-linux-gnu (2.30-21ubuntu1~18.04.2) ...
Setting up python-secretstorage (2.3.1-2) ...
Setting up cpp (4:7.4.0-1ubuntu2.3) ...
Setting up libpython-dev:amd64 (2.7.15~rc1-1) ...
Setting up python-keyring (10.6.0-1) ...
Setting up python-dev (2.7.15~rc1-1) ...
Setting up libpython-all-dev:amd64 (2.7.15~rc1-1) ...
Setting up gpg-agent (2.2.4-1ubuntu1.2) ...
Setting up gpg-wks-server (2.2.4-1ubuntu1.2) ...
Setting up perl (5.26.1-6ubuntu0.3) ...
Setting up libfile-fcntllock-perl (0.22-3build2) ...
Setting up python-all-dev (2.7.15~rc1-1) ...
Setting up libalgorithm-diff-perl (1.19.03-1) ...
Setting up binutils (2.30-21ubuntu1~18.04.2) ...
Setting up libgssapi3-heimdal:amd64 (7.5.0+dfsg-1) ...
Setting up gcc-7 (7.4.0-1ubuntu1~18.04.1) ...
Setting up g++-7 (7.4.0-1ubuntu1~18.04.1) ...
Setting up libdpkg-perl (1.19.0.5ubuntu2.2) ...
Setting up gcc (4:7.4.0-1ubuntu2.3) ...
Setting up libalgorithm-merge-perl (0.08-3) ...
Setting up dpkg-dev (1.19.0.5ubuntu2.2) ...
Setting up libalgorithm-diff-xs-perl (0.04-5) ...
Setting up libldap-2.4-2:amd64 (2.4.45+dfsg-1ubuntu1.4) ...
Setting up g++ (4:7.4.0-1ubuntu2.3) ...
update-alternatives: using /usr/bin/g++ to provide /usr/bin/c++ (c++) in auto mode
update-alternatives: warning: skip creation of /usr/share/man/man1/c++.1.gz because associated file /usr/share/man/man1/g++.1.gz (of link group c++) doesn't exist
Setting up dirmngr (2.2.4-1ubuntu1.2) ...
Setting up build-essential (12.4ubuntu1) ...
Setting up gpg-wks-client (2.2.4-1ubuntu1.2) ...
Setting up gnupg (2.2.4-1ubuntu1.2) ...
Processing triggers for libc-bin (2.27-3ubuntu1) ...
Processing triggers for ca-certificates (20180409) ...
Updating certificates in /etc/ssl/certs...
0 added, 0 removed; done.
Running hooks in /etc/ca-certificates/update.d...
done.
 ---> 94f854f3d93b
Removing intermediate container 4b0fbecfd3d1
Step 5/8 : RUN pip install mysql-connector-python
 ---> Running in 45bd2cbc4bf3

Collecting mysql-connector-python
  Downloading https://files.pythonhosted.org/packages/54/3d/e9f618da160f792ae25d0ee61faa9a3639fdf02bd1708018a1636c44eef5/mysql_connector_python-8.0.17-cp27-cp27mu-manylinux1_x86_64.whl (13.2MB)
Collecting protobuf>=3.0.0 (from mysql-connector-python)
  Downloading https://files.pythonhosted.org/packages/98/de/2ac9a18d675f5537f24e70de890352ad5f34324553cedc55073414d61f6d/protobuf-3.9.2-cp27-cp27mu-manylinux1_x86_64.whl (1.2MB)
Requirement already satisfied: six>=1.9 in /usr/lib/python2.7/dist-packages (from protobuf>=3.0.0->mysql-connector-python)
Requirement already satisfied: setuptools in /usr/lib/python2.7/dist-packages (from protobuf>=3.0.0->mysql-connector-python)
Installing collected packages: protobuf, mysql-connector-python
Successfully installed mysql-connector-python-8.0.17 protobuf-3.9.2
 ---> d94433de53d2
Removing intermediate container 45bd2cbc4bf3
Step 6/8 : RUN mkdir /new
 ---> Running in 1fe7137417df

 ---> b6e57996f585
Removing intermediate container 1fe7137417df
Step 7/8 : COPY test.py /new/
 ---> a83507f7ee8e
Removing intermediate container 74e1adb17d18
Step 8/8 : CMD python /new/test.py
 ---> Running in 0cb2178beb0a
 ---> d9d61831b236
Removing intermediate container 0cb2178beb0a
Successfully built d9d61831b236
[root@server1 connect]# docker images
REPOSITORY          TAG                 IMAGE ID            CREATED             SIZE
pythondb            latest              d9d61831b236        40 seconds ago      498 MB
openjdk             11                  90fb0097515a        About an hour ago   653 MB
hello-world         n2                  f818b06c8867        About an hour ago   201 MB
hello-world         latest              86c634561eaf        About an hour ago   201 MB
docker.io/ubuntu    latest              2ca708c1c9cc        5 days ago          64.2 MB
docker.io/httpd     latest              19459a872194        11 days ago         154 MB
[root@server1 connect]# vi docker_1.txt
[root@server1 connect]# docker network create net1
cae41d2ce235907f3ecc0d8d2bf0ecbb42c4f43dda31dbfbe3f5695fded63808
[root@server1 connect]# docker run --name mysql1 -d --network net1 -e MYSQL_ROOT_PASSWORD=password mysql 
Unable to find image 'mysql:latest' locally
Trying to pull repository docker.io/library/mysql ... 
latest: Pulling from docker.io/library/mysql
8f91359f1fff: Pull complete 
6bbb1c853362: Pull complete 
e6e554c0af6f: Pull complete 
f391c1a77330: Pull complete 
414a8a88eabc: Pull complete 
fee78658f4dd: Pull complete 
9568f6bff01b: Pull complete 
5a026d8bbe50: Pull complete 
07f193b54ae1: Pull complete 
1e404375a275: Pull complete 
b81b2ef0e430: Pull complete 
2f499f36bd40: Pull complete 
Digest: sha256:6d95fa56e008425121e24d2c01b76ebbf51ca1df0bafb1edbe1a46937f4a149d
Status: Downloaded newer image for docker.io/mysql:latest
e4fb5b8e94fce20693a6a1416594a256b4f160d202116a27e824e8ef5a778c7f
[root@server1 connect]# docker ps
CONTAINER ID        IMAGE               COMMAND                  CREATED             STATUS              PORTS                  NAMES
e4fb5b8e94fc        mysql               "docker-entrypoint..."   43 seconds ago      Up 33 seconds       3306/tcp, 33060/tcp    mysql1
d723849aa8ff        httpd               "httpd-foreground"       2 hours ago         Up 2 hours          0.0.0.0:3300->80/tcp   website1
[root@server1 connect]# docker network ps

Usage:	docker network COMMAND

Manage networks

Options:
      --help   Print usage

Commands:
  connect     Connect a container to a network
  create      Create a network
  disconnect  Disconnect a container from a network
  inspect     Display detailed information on one or more networks
  ls          List networks
  prune       Remove all unused networks
  rm          Remove one or more networks

Run 'docker network COMMAND --help' for more information on a command.
[root@server1 connect]# docker network ls
NETWORK ID          NAME                DRIVER              SCOPE
51c4636c1bdb        app1                bridge              local
dac722c38801        bridge              bridge              local
69d81e22517c        host                host                local
cae41d2ce235        net1                bridge              local
adb89f04c094        none                null                local
a5c1cb2a3b3b        webnet1             bridge              local
[root@server1 connect]# docker ps
CONTAINER ID        IMAGE               COMMAND                  CREATED             STATUS              PORTS                  NAMES
e4fb5b8e94fc        mysql               "docker-entrypoint..."   5 minutes ago       Up 5 minutes        3306/tcp, 33060/tcp    mysql1
d723849aa8ff        httpd               "httpd-foreground"       2 hours ago         Up 2 hours          0.0.0.0:3300->80/tcp   website1
[root@server1 connect]# docker run --name p1 --network net1 -t pythondb
(u'information_schema',)
(u'mysql',)
(u'performance_schema',)
(u'studentdb',)
(u'sys',)
[root@server1 connect]# vi test.py 
[root@server1 connect]# 

